Component: ARM Compiler 5.06 update 6 (build 750) Tool: armlink [4d35ed]

==============================================================================

Section Cross References

    main.o(i.main) refers to hardware.o(i.Hardware_Init) for Hardware_Init
    main.o(i.main) refers to inv_mpu.o(i.mpu_dmp_get_data) for mpu_dmp_get_data
    main.o(i.main) refers to frleqf.o(x$fpl$frleqf) for __aeabi_cfrcmple
    main.o(i.main) refers to fleqf.o(x$fpl$fleqf) for __aeabi_cfcmple
    main.o(i.main) refers to buzzer.o(i.Play_Beep) for Play_Beep
    main.o(i.main) refers to stm32f10x_gpio.o(i.GPIO_SetBits) for GPIO_SetBits
    main.o(i.main) refers to systick.o(i.Delay_ms) for Delay_ms
    main.o(i.main) refers to stm32f10x_gpio.o(i.GPIO_ResetBits) for GPIO_ResetBits
    main.o(i.main) refers to buzzer.o(i.Play_NokiaTune) for Play_NokiaTune
    main.o(i.main) refers to si24r1.o(i.SI24R1_RxMode) for SI24R1_RxMode
    main.o(i.main) refers to volt_adc.o(i.Get_BattVolt) for Get_BattVolt
    main.o(i.main) refers to f2d.o(x$fpl$f2d) for __aeabi_f2d
    main.o(i.main) refers to dleqf.o(x$fpl$dleqf) for __aeabi_cdcmple
    main.o(i.main) refers to drv8833c.o(i.Motor_Set) for Motor_Set
    main.o(i.main) refers to si24r1.o(i.SI24R1_RxPacket) for SI24R1_RxPacket
    main.o(i.main) refers to si24r1.o(i.SI24R1_TxMode) for SI24R1_TxMode
    main.o(i.main) refers to mpu6050.o(i.MPU_Get_Temperature) for MPU_Get_Temperature
    main.o(i.main) refers to si24r1.o(i.SI24R1_TxPacket) for SI24R1_TxPacket
    main.o(i.main) refers to fflt_clz.o(x$fpl$ffltu) for __aeabi_ui2f
    main.o(i.main) refers to fdiv.o(x$fpl$fdiv) for __aeabi_fdiv
    main.o(i.main) refers to fflt_clz.o(x$fpl$fflt) for __aeabi_i2f
    main.o(i.main) refers to ffix.o(x$fpl$ffix) for __aeabi_f2iz
    main.o(i.main) refers to mpu6050.o(i.MPU_Get_Gyroscope) for MPU_Get_Gyroscope
    main.o(i.main) refers to drv8833c.o(i.Read_Encoder) for Read_Encoder
    main.o(i.main) refers to pid.o(i.balance_UP) for balance_UP
    main.o(i.main) refers to pid.o(i.velocity) for velocity
    main.o(i.main) refers to pid.o(i.turn) for turn
    main.o(i.main) refers to main.o(.data) for yaw
    main.o(i.main) refers to hardware.o(.data) for BattVolt
    main.o(i.main) refers to pid.o(.data) for carMove
    stm32f10x_it.o(i.EXTI9_5_IRQHandler) refers to stm32f10x_exti.o(i.EXTI_GetITStatus) for EXTI_GetITStatus
    stm32f10x_it.o(i.EXTI9_5_IRQHandler) refers to stm32f10x_exti.o(i.EXTI_ClearITPendingBit) for EXTI_ClearITPendingBit
    stm32f10x_it.o(i.SysTick_Handler) refers to systick.o(.data) for TimingDelay
    stm32f10x_it.o(i.TIM4_IRQHandler) refers to stm32f10x_it.o(.data) for countT
    stm32f10x_it.o(i.TIM4_IRQHandler) refers to drv8833c.o(.data) for leftCount
    led.o(i.LED_Init) refers to stm32f10x_rcc.o(i.RCC_APB2PeriphClockCmd) for RCC_APB2PeriphClockCmd
    led.o(i.LED_Init) refers to stm32f10x_gpio.o(i.GPIO_PinRemapConfig) for GPIO_PinRemapConfig
    led.o(i.LED_Init) refers to stm32f10x_gpio.o(i.GPIO_Init) for GPIO_Init
    led.o(i.LED_Init) refers to stm32f10x_gpio.o(i.GPIO_ResetBits) for GPIO_ResetBits
    mpu6050.o(i.MPU_Get_Accelerometer) refers to mpu6050.o(i.MPU_Read_Len) for MPU_Read_Len
    mpu6050.o(i.MPU_Get_Gyroscope) refers to mpu6050.o(i.MPU_Read_Len) for MPU_Read_Len
    mpu6050.o(i.MPU_Get_Temperature) refers to mpu6050.o(i.MPU_Read_Len) for MPU_Read_Len
    mpu6050.o(i.MPU_Get_Temperature) refers to dflt_clz.o(x$fpl$dflt) for __aeabi_i2d
    mpu6050.o(i.MPU_Get_Temperature) refers to ddiv.o(x$fpl$ddiv) for __aeabi_ddiv
    mpu6050.o(i.MPU_Get_Temperature) refers to daddsub_clz.o(x$fpl$dadd) for __aeabi_dadd
    mpu6050.o(i.MPU_Get_Temperature) refers to d2f.o(x$fpl$d2f) for __aeabi_d2f
    mpu6050.o(i.MPU_Init) refers to mpuiic.o(i.MPU_IIC_Init) for MPU_IIC_Init
    mpu6050.o(i.MPU_Init) refers to mpu6050.o(i.MPU_Write_Byte) for MPU_Write_Byte
    mpu6050.o(i.MPU_Init) refers to systick.o(i.Delay_ms) for Delay_ms
    mpu6050.o(i.MPU_Init) refers to mpu6050.o(i.MPU_Set_Gyro_Fsr) for MPU_Set_Gyro_Fsr
    mpu6050.o(i.MPU_Init) refers to mpu6050.o(i.MPU_Set_Accel_Fsr) for MPU_Set_Accel_Fsr
    mpu6050.o(i.MPU_Init) refers to mpu6050.o(i.MPU_Set_Rate) for MPU_Set_Rate
    mpu6050.o(i.MPU_Init) refers to mpu6050.o(i.MPU_Read_Byte) for MPU_Read_Byte
    mpu6050.o(i.MPU_Read_Byte) refers to mpuiic.o(i.MPU_IIC_Start) for MPU_IIC_Start
    mpu6050.o(i.MPU_Read_Byte) refers to mpuiic.o(i.MPU_IIC_Send_Byte) for MPU_IIC_Send_Byte
    mpu6050.o(i.MPU_Read_Byte) refers to mpuiic.o(i.MPU_IIC_Wait_Ack) for MPU_IIC_Wait_Ack
    mpu6050.o(i.MPU_Read_Byte) refers to mpuiic.o(i.MPU_IIC_Read_Byte) for MPU_IIC_Read_Byte
    mpu6050.o(i.MPU_Read_Byte) refers to mpuiic.o(i.MPU_IIC_Stop) for MPU_IIC_Stop
    mpu6050.o(i.MPU_Read_Len) refers to mpuiic.o(i.MPU_IIC_Start) for MPU_IIC_Start
    mpu6050.o(i.MPU_Read_Len) refers to mpuiic.o(i.MPU_IIC_Send_Byte) for MPU_IIC_Send_Byte
    mpu6050.o(i.MPU_Read_Len) refers to mpuiic.o(i.MPU_IIC_Wait_Ack) for MPU_IIC_Wait_Ack
[...]
    qS                                       0x080079d0   Data          32  asin.o(.constdata)
    .constdata                               0x080079f0   Section      152  atan.o(.constdata)
    atanhi                                   0x080079f0   Data          32  atan.o(.constdata)
    atanlo                                   0x08007a10   Data          32  atan.o(.constdata)
    aTodd                                    0x08007a30   Data          40  atan.o(.constdata)
    aTeven                                   0x08007a58   Data          48  atan.o(.constdata)
    .constdata                               0x08007a88   Section        8  qnan.o(.constdata)
    .conststring                             0x08007a90   Section       77  inv_mpu.o(.conststring)
    .data                                    0x20000000   Section       56  main.o(.data)
    .data                                    0x20000038   Section        2  stm32f10x_it.o(.data)
    .data                                    0x2000003a   Section       10  si24r1.o(.data)
    .data                                    0x20000044   Section        4  systick.o(.data)
    .data                                    0x20000048   Section        4  usart.o(.data)
    .data                                    0x2000004c   Section       53  inv_mpu.o(.data)
    st                                       0x2000004c   Data          44  inv_mpu.o(.data)
    gyro_orientation                         0x20000078   Data           9  inv_mpu.o(.data)
    .data                                    0x20000082   Section        2  volt_adc.o(.data)
    .data                                    0x20000084   Section        4  drv8833c.o(.data)
    .data                                    0x20000088   Section       44  buzzer.o(.data)
    .data                                    0x200000b4   Section       44  pid.o(.data)
    Velocity                                 0x200000d4   Data           4  pid.o(.data)
    Encoder_Least                            0x200000d8   Data           4  pid.o(.data)
    Encoder                                  0x200000dc   Data           4  pid.o(.data)
    .data                                    0x200000e0   Section        4  hardware.o(.data)
    .data                                    0x200000e4   Section       20  system_stm32f10x.o(.data)
    .bss                                     0x200000f8   Section       16  inv_mpu_dmp_motion_driver.o(.bss)
    dmp                                      0x200000f8   Data          16  inv_mpu_dmp_motion_driver.o(.bss)
    .bss                                     0x20000108   Section       96  libspace.o(.bss)
    HEAP                                     0x20000168   Section      512  startup_stm32f10x_md.o(HEAP)
    Heap_Mem                                 0x20000168   Data         512  startup_stm32f10x_md.o(HEAP)
    STACK                                    0x20000368   Section     2048  startup_stm32f10x_md.o(STACK)
    Stack_Mem                                0x20000368   Data        2048  startup_stm32f10x_md.o(STACK)
    __initial_sp                             0x20000b68   Data           0  startup_stm32f10x_md.o(STACK)

    Global Symbols

    Symbol Name                              Value     Ov Type        Size  Object(Section)

    BuildAttributes$$THM_ISAv4$P$D$K$B$S$PE$A:L22UL41UL21$X:L11$S22US41US21$IEEE1$IW$USESV6$~STKCKD$USESV7$~SHL$OTIME$ROPI$IEEEX$EBA8$UX$STANDARDLIB$REQ8$PRES8$EABIv2 0x00000000   Number         0  anon$$obj.o ABSOLUTE
    __ARM_use_no_argv                        0x00000000   Number         0  main.o ABSOLUTE
    _printf_flags                            0x00000000   Number         0  printf_stubs.o ABSOLUTE
    _printf_return_value                     0x00000000   Number         0  printf_stubs.o ABSOLUTE
    _printf_sizespec                         0x00000000   Number         0  printf_stubs.o ABSOLUTE
    _printf_widthprec                        0x00000000   Number         0  printf_stubs.o ABSOLUTE
    __ARM_exceptions_init                     - Undefined Weak Reference
    __alloca_initialize                       - Undefined Weak Reference
    __arm_preinit_                            - Undefined Weak Reference
    __cpp_initialize__aeabi_                  - Undefined Weak Reference
    __cxa_finalize                            - Undefined Weak Reference
    __rt_locale                               - Undefined Weak Reference
    __sigvec_lookup                           - Undefined Weak Reference
    _atexit_init                              - Undefined Weak Reference
    _call_atexit_fns                          - Undefined Weak Reference
    _clock_init                               - Undefined Weak Reference
    _fp_trap_init                             - Undefined Weak Reference
    _fp_trap_shutdown                         - Undefined Weak Reference
    _get_lc_collate                           - Undefined Weak Reference
    _get_lc_ctype                             - Undefined Weak Reference
    _get_lc_monetary                          - Undefined Weak Reference
    _get_lc_numeric                           - Undefined Weak Reference
    _get_lc_time                              - Undefined Weak Reference
    _getenv_init                              - Undefined Weak Reference
    _handle_redirection                       - Undefined Weak Reference
    _init_alloc                               - Undefined Weak Reference
    _init_user_alloc                          - Undefined Weak Reference
    _initio                                   - Undefined Weak Reference
    _mutex_acquire                            - Undefined Weak Reference
    _mutex_release                            - Undefined Weak Reference
    _printf_truncate_signed                   - Undefined Weak Reference
    _printf_truncate_unsigned                 - Undefined Weak Reference
    _rand_init                                - Undefined Weak Reference
    _signal_finish                            - Undefined Weak Reference
    _signal_init                              - Undefined Weak Reference
    _terminate_alloc                          - Undefined Weak Reference
    _terminate_user_alloc                     - Undefined Weak Reference
    _terminateio                              - Undefined Weak Reference
    __Vectors_Size                           0x000000ec   Number         0  startup_stm32f10x_md.o ABSOLUTE
    __Vectors                                0x08000000   Data           4  startup_stm32f10x_md.o(RESET)
    __Vectors_End                            0x080000ec   Data           0  startup_stm32f10x_md.o(RESET)
    __main                                   0x080000ed   Thumb Code     8  __main.o(!!!main)
    __scatterload                            0x080000f5   Thumb Code     0  __scatter.o(!!!scatter)
    __scatterload_rt2                        0x080000f5   Thumb Code    44  __scatter.o(!!!scatter)
    __scatterload_rt2_thumb_only             0x080000f5   Thumb Code     0  __scatter.o(!!!scatter)
    __scatterload_null                       0x08000103   Thumb Code     0  __scatter.o(!!!scatter)
    __scatterload_copy                       0x08000129   Thumb Code    26  __scatter_copy.o(!!handler_copy)
    __scatterload_zeroinit                   0x08000145   Thumb Code    28  __scatter_zi.o(!!handler_zi)
    _printf_d                                0x08000161   Thumb Code     0  _printf_d.o(.ARM.Collect$$_printf_percent$$00000009)
    _printf_percent                          0x08000161   Thumb Code     0  _printf_percent.o(.ARM.Collect$$_printf_percent$$00000000)
    _printf_percent_end                      0x08000167   Thumb Code     0  _printf_percent_end.o(.ARM.Collect$$_printf_percent$$00000017)
    __rt_lib_init                            0x0800016b   Thumb Code     0  libinit.o(.ARM.Collect$$libinit$$00000000)
    __rt_lib_init_alloca_1                   0x0800016d   Thumb Code     0  libinit2.o(.ARM.Collect$$libinit$$0000002E)
    __rt_lib_init_argv_1                     0x0800016d   Thumb Code     0  libinit2.o(.ARM.Collect$$libinit$$0000002C)
    __rt_lib_init_atexit_1                   0x0800016d   Thumb Code     0  libinit2.o(.ARM.Collect$$libinit$$0000001B)
    __rt_lib_init_clock_1                    0x0800016d   Thumb Code     0  libinit2.o(.ARM.Collect$$libinit$$00000021)
    __rt_lib_init_cpp_1                      0x0800016d   Thumb Code     0  libinit2.o(.ARM.Collect$$libinit$$00000032)
    __rt_lib_init_exceptions_1               0x0800016d   Thumb Code     0  libinit2.o(.ARM.Collect$$libinit$$00000030)
    __rt_lib_init_fp_1                       0x0800016d   Thumb Code     0  libinit2.o(.ARM.Collect$$libinit$$00000002)
    __rt_lib_init_fp_trap_1                  0x0800016d   Thumb Code     0  libinit2.o(.ARM.Collect$$libinit$$0000001F)
    __rt_lib_init_getenv_1                   0x0800016d   Thumb Code     0  libinit2.o(.ARM.Collect$$libinit$$00000023)
    __rt_lib_init_heap_1                     0x0800016d   Thumb Code     0  libinit2.o(.ARM.Collect$$libinit$$0000000A)
    __rt_lib_init_lc_collate_1               0x0800016d   Thumb Code     0  libinit2.o(.ARM.Collect$$libinit$$00000011)
    __rt_lib_init_lc_ctype_1                 0x0800016d   Thumb Code     0  libinit2.o(.ARM.Collect$$libinit$$00000013)
    __rt_lib_init_lc_monetary_1              0x0800016d   Thumb Code     0  libinit2.o(.ARM.Collect$$libinit$$00000015)
    __rt_lib_init_lc_numeric_1               0x0800016d   Thumb Code     0  libinit2.o(.ARM.Collect$$libinit$$00000017)
    __rt_lib_init_lc_time_1                  0x0800016d   Thumb Code     0  libinit2.o(.ARM.Collect$$libinit$$00000019)
    __rt_lib_init_preinit_1                  0x0800016d   Thumb Code     0  libinit2.o(.ARM.Collect$$libinit$$00000004)
    __rt_lib_init_rand_1                     0x0800016d   Thumb Code     0  libinit2.o(.ARM.Collect$$libinit$$0000000E)
    __rt_lib_init_return                     0x0800016d   Thumb Code     0  libinit2.o(.ARM.Collect$$libinit$$00000033)
    __rt_lib_init_signal_1                   0x0800016d   Thumb Code     0  libinit2.o(.ARM.Collect$$libinit$$0000001D)
    __rt_lib_init_stdio_1                    0x0800016d   Thumb Code     0  libinit2.o(.ARM.Collect$$libinit$$00000025)
    __rt_lib_init_user_alloc_1               0x0800016d   Thumb Code     0  libinit2.o(.ARM.Collect$$libinit$$0000000C)
    __rt_lib_shutdown                        0x0800016f   Thumb Code     0  libshutdown.o(.ARM.Collect$$libshutdown$$00000000)
    __rt_lib_shutdown_cpp_1                  0x08000171   Thumb Code     0  libshutdown2.o(.ARM.Collect$$libshutdown$$00000002)
    __rt_lib_shutdown_fp_trap_1              0x08000171   Thumb Code     0  libshutdown2.o(.ARM.Collect$$libshutdown$$00000007)
    __rt_lib_shutdown_heap_1                 0x08000171   Thumb Code     0  libshutdown2.o(.ARM.Collect$$libshutdown$$0000000F)
    __rt_lib_shutdown_return                 0x08000171   Thumb Code     0  libshutdown2.o(.ARM.Collect$$libshutdown$$00000010)
    __rt_lib_shutdown_signal_1               0x08000171   Thumb Code     0  libshutdown2.o(.ARM.Collect$$libshutdown$$0000000A)
    __rt_lib_shutdown_stdio_1                0x08000171   Thumb Code     0  libshutdown2.o(.ARM.Collect$$libshutdown$$00000004)
    __rt_lib_shutdown_user_alloc_1           0x08000171   Thumb Code     0  libshutdown2.o(.ARM.Collect$$libshutdown$$0000000C)
    __rt_entry                               0x08000173   Thumb Code     0  __rtentry.o(.ARM.Collect$$rtentry$$00000000)
    __rt_entry_presh_1                       0x08000173   Thumb Code     0  __rtentry2.o(.ARM.Collect$$rtentry$$00000002)
    __rt_entry_sh                            0x08000173   Thumb Code     0  __rtentry4.o(.ARM.Collect$$rtentry$$00000004)
    __rt_entry_li                            0x08000179   Thumb Code     0  __rtentry2.o(.ARM.Collect$$rtentry$$0000000A)
    __rt_entry_postsh_1                      0x08000179   Thumb Code     0  __rtentry2.o(.ARM.Collect$$rtentry$$00000009)
    __rt_entry_main                          0x0800017d   Thumb Code     0  __rtentry2.o(.ARM.Collect$$rtentry$$0000000D)
    __rt_entry_postli_1                      0x0800017d   Thumb Code     0  __rtentry2.o(.ARM.Collect$$rtentry$$0000000C)
    __rt_exit                                0x08000185   Thumb Code     0  rtexit.o(.ARM.Collect$$rtexit$$00000000)
    __rt_exit_ls                             0x08000187   Thumb Code     0  rtexit2.o(.ARM.Collect$$rtexit$$00000003)
    __rt_exit_prels_1                        0x08000187   Thumb Code     0  rtexit2.o(.ARM.Collect$$rtexit$$00000002)
    __rt_exit_exit                           0x0800018b   Thumb Code     0  rtexit2.o(.ARM.Collect$$rtexit$$00000004)
    Reset_Handler                            0x08000191   Thumb Code     8  startup_stm32f10x_md.o(.text)
    NMI_Handler                              0x08000199   Thumb Code     2  startup_stm32f10x_md.o(.text)
    HardFault_Handler                        0x0800019b   Thumb Code     2  startup_stm32f10x_md.o(.text)
    MemManage_Handler                        0x0800019d   Thumb Code     2  startup_stm32f10x_md.o(.text)
    BusFault_Handler                         0x0800019f   Thumb Code     2  startup_stm32f10x_md.o(.text)
    UsageFault_Handler                       0x080001a1   Thumb Code     2  startup_stm32f10x_md.o(.text)
    SVC_Handler                              0x080001a3   Thumb Code     2  startup_stm32f10x_md.o(.text)
    DebugMon_Handler                         0x080001a5   Thumb Code     2  startup_stm32f10x_md.o(.text)
    PendSV_Handler                           0x080001a7   Thumb Code     2  startup_stm32f10x_md.o(.text)
    ADC1_2_IRQHandler                        0x080001ab   Thumb Code     0  startup_stm32f10x_md.o(.text)
    CAN1_RX1_IRQHandler                      0x080001ab   Thumb Code     0  startup_stm32f10x_md.o(.text)
    CAN1_SCE_IRQHandler                      0x080001ab   Thumb Code     0  startup_stm32f10x_md.o(.text)
    DMA1_Channel1_IRQHandler                 0x080001ab   Thumb Code     0  startup_stm32f10x_md.o(.text)
    DMA1_Channel2_IRQHandler                 0x080001ab   Thumb Code     0  startup_stm32f10x_md.o(.text)
    DMA1_Channel3_IRQHandler                 0x080001ab   Thumb Code     0  startup_stm32f10x_md.o(.text)
    DMA1_Channel4_IRQHandler                 0x080001ab   Thumb Code     0  startup_stm32f10x_md.o(.text)
    DMA1_Channel5_IRQHandler                 0x080001ab   Thumb Code     0  startup_stm32f10x_md.o(.text)
    DMA1_Channel6_IRQHandler                 0x080001ab   Thumb Code     0  startup_stm32f10x_md.o(.text)
    DMA1_Channel7_IRQHandler                 0x080001ab   Thumb Code     0  startup_stm32f10x_md.o(.text)
    EXTI0_IRQHandler                         0x080001ab   Thumb Code     0  startup_stm32f10x_md.o(.text)
    EXTI15_10_IRQHandler                     0x080001ab   Thumb Code     0  startup_stm32f10x_md.o(.text)
    EXTI1_IRQHandler                         0x080001ab   Thumb Code     0  startup_stm32f10x_md.o(.text)
    EXTI2_IRQHandler                         0x080001ab   Thumb Code     0  startup_stm32f10x_md.o(.text)
    EXTI3_IRQHandler                         0x080001ab   Thumb Code     0  startup_stm32f10x_md.o(.text)
    EXTI4_IRQHandler                         0x080001ab   Thumb Code     0  startup_stm32f10x_md.o(.text)
    FLASH_IRQHandler                         0x080001ab   Thumb Code     0  startup_stm32f10x_md.o(.text)
    I2C1_ER_IRQHandler                       0x080001ab   Thumb Code     0  startup_stm32f10x_md.o(.text)
    I2C1_EV_IRQHandler                       0x080001ab   Thumb Code     0  startup_stm32f10x_md.o(.text)
    I2C2_ER_IRQHandler                       0x080001ab   Thumb Code     0  startup_stm32f10x_md.o(.text)
    I2C2_EV_IRQHandler                       0x080001ab   Thumb Code     0  startup_stm32f10x_md.o(.text)
    PVD_IRQHandler                           0x080001ab   Thumb Code     0  startup_stm32f10x_md.o(.text)
    RCC_IRQHandler                           0x080001ab   Thumb Code     0  startup_stm32f10x_md.o(.text)
    RTCAlarm_IRQHandler                      0x080001ab   Thumb Code     0  startup_stm32f10x_md.o(.text)
    RTC_IRQHandler                           0x080001ab   Thumb Code     0  startup_stm32f10x_md.o(.text)
    SPI1_IRQHandler                          0x080001ab   Thumb Code     0  startup_stm32f10x_md.o(.text)
    SPI2_IRQHandler                          0x080001ab   Thumb Code     0  startup_stm32f10x_md.o(.text)
    TAMPER_IRQHandler                        0x080001ab   Thumb Code     0  startup_stm32f10x_md.o(.text)
    TIM1_BRK_IRQHandler                      0x080001ab   Thumb Code     0  startup_stm32f10x_md.o(.text)
    TIM1_CC_IRQHandler                       0x080001ab   Thumb Code     0  startup_stm32f10x_md.o(.text)
    TIM1_TRG_COM_IRQHandler                  0x080001ab   Thumb Code     0  startup_stm32f10x_md.o(.text)
    TIM1_UP_IRQHandler                       0x080001ab   Thumb Code     0  startup_stm32f10x_md.o(.text)
    TIM2_IRQHandler                          0x080001ab   Thumb Code     0  startup_stm32f10x_md.o(.text)
    TIM3_IRQHandler                          0x080001ab   Thumb Code     0  startup_stm32f10x_md.o(.text)
    USART1_IRQHandler                        0x080001ab   Thumb Code     0  startup_stm32f10x_md.o(.text)
    USART2_IRQHandler                        0x080001ab   Thumb Code     0  startup_stm32f10x_md.o(.text)
    USART3_IRQHandler                        0x080001ab   Thumb Code     0  startup_stm32f10x_md.o(.text)
    USBWakeUp_IRQHandler                     0x080001ab   Thumb Code     0  startup_stm32f10x_md.o(.text)
    USB_HP_CAN1_TX_IRQHandler                0x080001ab   Thumb Code     0  startup_stm32f10x_md.o(.text)
    USB_LP_CAN1_RX0_IRQHandler               0x080001ab   Thumb Code     0  startup_stm32f10x_md.o(.text)
    WWDG_IRQHandler                          0x080001ab   Thumb Code     0  startup_stm32f10x_md.o(.text)
    __user_initial_stackheap                 0x080001ad   Thumb Code     0  startup_stm32f10x_md.o(.text)
    __use_no_semihosting                     0x080001d1   Thumb Code     2  use_no_semi_2.o(.text)
    __aeabi_ldivmod                          0x080001d3   Thumb Code     0  llsdiv.o(.text)
    _ll_sdiv                                 0x080001d3   Thumb Code    72  llsdiv.o(.text)
    __2printf                                0x0800021d   Thumb Code    20  noretval__2printf.o(.text)
    _printf_int_dec                          0x08000235   Thumb Code   104  _printf_dec.o(.text)
    __printf                                 0x080002ad   Thumb Code   308  __printf_flags_wp.o(.text)
    memcmp                                   0x080003e5   Thumb Code    88  memcmp.o(.text)
    __aeabi_memset                           0x0800043d   Thumb Code    16  aeabi_memset.o(.text)
    __use_two_region_memory                  0x0800044d   Thumb Code     2  heapauxi.o(.text)
    __rt_heap_escrow$2region                 0x0800044f   Thumb Code     2  heapauxi.o(.text)
    __rt_heap_expand$2region                 0x08000451   Thumb Code     2  heapauxi.o(.text)
    __I$use$semihosting                      0x08000453   Thumb Code     0  use_no_semi.o(.text)
    __use_no_semihosting_swi                 0x08000453   Thumb Code     2  use_no_semi.o(.text)
    __aeabi_uldivmod                         0x08000455   Thumb Code     0  lludivv7m.o(.text)
    _ll_udiv                                 0x08000455   Thumb Code   238  lludivv7m.o(.text)
    __read_errno                             0x08000543   Thumb Code    10  _rserrno.o(.text)
    __set_errno                              0x0800054d   Thumb Code    12  _rserrno.o(.text)
    _printf_int_common                       0x08000559   Thumb Code   178  _printf_intcommon.o(.text)
    _printf_char_file                        0x0800060d   Thumb Code    32  _printf_char_file.o(.text)
    __aeabi_memclr                           0x08000631   Thumb Code     0  rt_memclr.o(.text)
    __rt_memclr                              0x08000631   Thumb Code    68  rt_memclr.o(.text)
    _memset                                  0x08000635   Thumb Code     0  rt_memclr.o(.text)
    __aeabi_errno_addr                       0x08000675   Thumb Code     8  rt_errno_addr_intlibspace.o(.text)
    __errno$intlibspace                      0x08000675   Thumb Code     0  rt_errno_addr_intlibspace.o(.text)
    __rt_errno_addr$intlibspace              0x08000675   Thumb Code     0  rt_errno_addr_intlibspace.o(.text)
    _printf_char_common                      0x08000687   Thumb Code    32  _printf_char_common.o(.text)
    ferror                                   0x080006ad   Thumb Code     8  ferror.o(.text)
    __aeabi_memclr4                          0x080006b5   Thumb Code     0  rt_memclr_w.o(.text)
    __aeabi_memclr8                          0x080006b5   Thumb Code     0  rt_memclr_w.o(.text)
    __rt_memclr_w                            0x080006b5   Thumb Code    78  rt_memclr_w.o(.text)
    _memset_w                                0x080006b9   Thumb Code     0  rt_memclr_w.o(.text)
    __user_libspace                          0x08000705   Thumb Code     8  libspace.o(.text)
    __user_perproc_libspace                  0x08000705   Thumb Code     0  libspace.o(.text)
    __user_perthread_libspace                0x08000705   Thumb Code     0  libspace.o(.text)
    __user_setup_stackheap                   0x0800070d   Thumb Code    74  sys_stackheap_outer.o(.text)
    exit                                     0x08000757   Thumb Code    18  exit.o(.text)
    ADC1_GPIO_Init                           0x08000769   Thumb Code    42  volt_adc.o(i.ADC1_GPIO_Init)
    ADC1_Mode_Init                           0x08000799   Thumb Code   210  volt_adc.o(i.ADC1_Mode_Init)
    ADC_Cmd                                  0x08000879   Thumb Code    22  stm32f10x_adc.o(i.ADC_Cmd)
    ADC_DMACmd                               0x0800088f   Thumb Code    22  stm32f10x_adc.o(i.ADC_DMACmd)
    ADC_GetCalibrationStatus                 0x080008a5   Thumb Code    20  stm32f10x_adc.o(i.ADC_GetCalibrationStatus)
    ADC_GetResetCalibrationStatus            0x080008b9   Thumb Code    20  stm32f10x_adc.o(i.ADC_GetResetCalibrationStatus)
    ADC_Init                                 0x080008cd   Thumb Code    70  stm32f10x_adc.o(i.ADC_Init)
    ADC_RegularChannelConfig                 0x0800091d   Thumb Code   184  stm32f10x_adc.o(i.ADC_RegularChannelConfig)
    ADC_ResetCalibration                     0x080009d5   Thumb Code    10  stm32f10x_adc.o(i.ADC_ResetCalibration)
    ADC_SoftwareStartConvCmd                 0x080009df   Thumb Code    22  stm32f10x_adc.o(i.ADC_SoftwareStartConvCmd)
    ADC_StartCalibration                     0x080009f5   Thumb Code    10  stm32f10x_adc.o(i.ADC_StartCalibration)
    Buzzer_Init                              0x08000a01   Thumb Code    42  buzzer.o(i.Buzzer_Init)
    DMA_Cmd                                  0x08000a31   Thumb Code    24  stm32f10x_dma.o(i.DMA_Cmd)
    DMA_DeInit                               0x08000a49   Thumb Code   324  stm32f10x_dma.o(i.DMA_DeInit)
    DMA_Init                                 0x08000b95   Thumb Code    60  stm32f10x_dma.o(i.DMA_Init)
    DRV8833C_Init                            0x08000bd1   Thumb Code    16  drv8833c.o(i.DRV8833C_Init)
    Delay_ms                                 0x08000be1   Thumb Code    92  systick.o(i.Delay_ms)
    Delay_us                                 0x08000c45   Thumb Code    90  systick.o(i.Delay_us)
    EXTI9_5_IRQHandler                       0x08000cad   Thumb Code    22  stm32f10x_it.o(i.EXTI9_5_IRQHandler)
    EXTI_ClearITPendingBit                   0x08000cc5   Thumb Code     6  stm32f10x_exti.o(i.EXTI_ClearITPendingBit)
    EXTI_GetITStatus                         0x08000cd1   Thumb Code    34  stm32f10x_exti.o(i.EXTI_GetITStatus)
    GPIO_Init                                0x08000cf9   Thumb Code   278  stm32f10x_gpio.o(i.GPIO_Init)
    GPIO_PinRemapConfig                      0x08000e11   Thumb Code   138  stm32f10x_gpio.o(i.GPIO_PinRemapConfig)
    GPIO_ReadInputDataBit                    0x08000ea1   Thumb Code    18  stm32f10x_gpio.o(i.GPIO_ReadInputDataBit)
    GPIO_ResetBits                           0x08000eb3   Thumb Code     4  stm32f10x_gpio.o(i.GPIO_ResetBits)
    GPIO_SetBits                             0x08000eb7   Thumb Code     4  stm32f10x_gpio.o(i.GPIO_SetBits)
    Get_BattVolt                             0x08000ebd   Thumb Code    62  volt_adc.o(i.Get_BattVolt)
    Hardware_Init                            0x08000f05   Thumb Code   170  hardware.o(i.Hardware_Init)
    LED_Init                                 0x08000fcd   Thumb Code    74  led.o(i.LED_Init)
    MPU_Get_Gyroscope                        0x08001025   Thumb Code    80  mpu6050.o(i.MPU_Get_Gyroscope)
    MPU_Get_Temperature                      0x08001075   Thumb Code    72  mpu6050.o(i.MPU_Get_Temperature)
    MPU_IIC_Ack                              0x080010c9   Thumb Code    68  mpuiic.o(i.MPU_IIC_Ack)
    MPU_IIC_Delay                            0x08001111   Thumb Code    10  mpuiic.o(i.MPU_IIC_Delay)
    MPU_IIC_Init                             0x0800111d   Thumb Code    50  mpuiic.o(i.MPU_IIC_Init)
    MPU_IIC_NAck                             0x08001155   Thumb Code    68  mpuiic.o(i.MPU_IIC_NAck)
    MPU_IIC_Read_Byte                        0x0800119d   Thumb Code   104  mpuiic.o(i.MPU_IIC_Read_Byte)
    MPU_IIC_Send_Byte                        0x08001209   Thumb Code   108  mpuiic.o(i.MPU_IIC_Send_Byte)
    MPU_IIC_Start                            0x08001279   Thumb Code    66  mpuiic.o(i.MPU_IIC_Start)
    MPU_IIC_Stop                             0x080012c1   Thumb Code    60  mpuiic.o(i.MPU_IIC_Stop)
    MPU_IIC_Wait_Ack                         0x08001301   Thumb Code    98  mpuiic.o(i.MPU_IIC_Wait_Ack)
    MPU_Read_Len                             0x08001369   Thumb Code   116  mpu6050.o(i.MPU_Read_Len)
    MPU_Write_Len                            0x080013dd   Thumb Code    96  mpu6050.o(i.MPU_Write_Len)
    Motor_Encoder_Init                       0x0800143d   Thumb Code   156  drv8833c.o(i.Motor_Encoder_Init)
    Motor_GPIO_Init                          0x080014dd   Thumb Code   142  drv8833c.o(i.Motor_GPIO_Init)
    Motor_PWM_Init                           0x08001575   Thumb Code   286  drv8833c.o(i.Motor_PWM_Init)
    Motor_Set                                0x0800169d   Thumb Code   118  drv8833c.o(i.Motor_Set)
    NVIC_Init                                0x08001721   Thumb Code   100  misc.o(i.NVIC_Init)
    NVIC_PriorityGroupConfig                 0x08001791   Thumb Code    10  misc.o(i.NVIC_PriorityGroupConfig)
    Play_Beep                                0x080017a5   Thumb Code    14  buzzer.o(i.Play_Beep)
    Play_Music                               0x080017bd   Thumb Code    76  buzzer.o(i.Play_Music)
    Play_NokiaTune                           0x0800180d   Thumb Code    14  buzzer.o(i.Play_NokiaTune)
    RCC_ADCCLKConfig                         0x08001825   Thumb Code    18  stm32f10x_rcc.o(i.RCC_ADCCLKConfig)
    RCC_AHBPeriphClockCmd                    0x0800183d   Thumb Code    26  stm32f10x_rcc.o(i.RCC_AHBPeriphClockCmd)
    RCC_APB1PeriphClockCmd                   0x0800185d   Thumb Code    26  stm32f10x_rcc.o(i.RCC_APB1PeriphClockCmd)
    RCC_APB2PeriphClockCmd                   0x0800187d   Thumb Code    26  stm32f10x_rcc.o(i.RCC_APB2PeriphClockCmd)
    Read_Encoder                             0x0800189d   Thumb Code    36  drv8833c.o(i.Read_Encoder)
    SI24R1_Check                             0x080018c9   Thumb Code    68  si24r1.o(i.SI24R1_Check)
    SI24R1_GPIO_Init                         0x08001915   Thumb Code   148  si24r1.o(i.SI24R1_GPIO_Init)
    SI24R1_Init                              0x080019b5   Thumb Code    32  si24r1.o(i.SI24R1_Init)
    SI24R1_Read_Buf                          0x080019dd   Thumb Code    64  si24r1.o(i.SI24R1_Read_Buf)
    SI24R1_Read_Reg                          0x08001a21   Thumb Code    42  si24r1.o(i.SI24R1_Read_Reg)
    SI24R1_RxMode                            0x08001a51   Thumb Code    82  si24r1.o(i.SI24R1_RxMode)
    SI24R1_RxPacket                          0x08001aad   Thumb Code    72  si24r1.o(i.SI24R1_RxPacket)
    SI24R1_SPI_Init                          0x08001af9   Thumb Code    94  si24r1.o(i.SI24R1_SPI_Init)
    SI24R1_TxMode                            0x08001b5d   Thumb Code   100  si24r1.o(i.SI24R1_TxMode)
    SI24R1_TxPacket                          0x08001bcd   Thumb Code    98  si24r1.o(i.SI24R1_TxPacket)
    SI24R1_Write_Buf                         0x08001c35   Thumb Code    62  si24r1.o(i.SI24R1_Write_Buf)
    SI24R1_Write_Reg                         0x08001c79   Thumb Code    44  si24r1.o(i.SI24R1_Write_Reg)
    SPI2_WriteReadByte                       0x08001ca9   Thumb Code    50  si24r1.o(i.SPI2_WriteReadByte)
    SPI_Cmd                                  0x08001ce1   Thumb Code    24  stm32f10x_spi.o(i.SPI_Cmd)
    SPI_I2S_GetFlagStatus                    0x08001cf9   Thumb Code    18  stm32f10x_spi.o(i.SPI_I2S_GetFlagStatus)
    SPI_I2S_ReceiveData                      0x08001d0b   Thumb Code     6  stm32f10x_spi.o(i.SPI_I2S_ReceiveData)
    SPI_I2S_SendData                         0x08001d11   Thumb Code     4  stm32f10x_spi.o(i.SPI_I2S_SendData)
    SPI_Init                                 0x08001d15   Thumb Code    60  stm32f10x_spi.o(i.SPI_Init)
    Sound                                    0x08001e39   Thumb Code    60  buzzer.o(i.Sound)
    SysTick_Handler                          0x08001ed1   Thumb Code    18  stm32f10x_it.o(i.SysTick_Handler)
    SystemInit                               0x08001ee9   Thumb Code    78  system_stm32f10x.o(i.SystemInit)
    TIM4_IRQHandler                          0x08002189   Thumb Code    86  stm32f10x_it.o(i.TIM4_IRQHandler)
    TIM_ARRPreloadConfig                     0x080021f5   Thumb Code    24  stm32f10x_tim.o(i.TIM_ARRPreloadConfig)
    TIM_ClearFlag                            0x0800220d   Thumb Code     6  stm32f10x_tim.o(i.TIM_ClearFlag)
    TIM_Cmd                                  0x08002213   Thumb Code    24  stm32f10x_tim.o(i.TIM_Cmd)
    TIM_CtrlPWMOutputs                       0x0800222b   Thumb Code    30  stm32f10x_tim.o(i.TIM_CtrlPWMOutputs)
    TIM_EncoderInterfaceConfig               0x08002249   Thumb Code    66  stm32f10x_tim.o(i.TIM_EncoderInterfaceConfig)
    TIM_ICInit                               0x0800228d   Thumb Code   150  stm32f10x_tim.o(i.TIM_ICInit)
    TIM_ICStructInit                         0x08002339   Thumb Code    18  stm32f10x_tim.o(i.TIM_ICStructInit)
    TIM_ITConfig                             0x0800234b   Thumb Code    18  stm32f10x_tim.o(i.TIM_ITConfig)
    TIM_OC2Init                              0x0800235d   Thumb Code   154  stm32f10x_tim.o(i.TIM_OC2Init)
    TIM_OC2PreloadConfig                     0x08002401   Thumb Code    26  stm32f10x_tim.o(i.TIM_OC2PreloadConfig)
    TIM_OC3Init                              0x0800241d   Thumb Code   150  stm32f10x_tim.o(i.TIM_OC3Init)
    TIM_OC3PreloadConfig                     0x080024bd   Thumb Code    18  stm32f10x_tim.o(i.TIM_OC3PreloadConfig)
    TIM_OC4Init                              0x080024d1   Thumb Code   114  stm32f10x_tim.o(i.TIM_OC4Init)
    TIM_OC4PreloadConfig                     0x0800254d   Thumb Code    26  stm32f10x_tim.o(i.TIM_OC4PreloadConfig)
    TIM_SetCounter                           0x08002567   Thumb Code     4  stm32f10x_tim.o(i.TIM_SetCounter)
    TIM_SetIC1Prescaler                      0x0800256b   Thumb Code    18  stm32f10x_tim.o(i.TIM_SetIC1Prescaler)
    TIM_SetIC2Prescaler                      0x0800257d   Thumb Code    26  stm32f10x_tim.o(i.TIM_SetIC2Prescaler)
    TIM_SetIC3Prescaler                      0x08002597   Thumb Code    18  stm32f10x_tim.o(i.TIM_SetIC3Prescaler)
    TIM_SetIC4Prescaler                      0x080025a9   Thumb Code    26  stm32f10x_tim.o(i.TIM_SetIC4Prescaler)
    TIM_TimeBaseInit                         0x080025c5   Thumb Code   122  stm32f10x_tim.o(i.TIM_TimeBaseInit)
    USART_GetFlagStatus                      0x08002669   Thumb Code    26  stm32f10x_usart.o(i.USART_GetFlagStatus)
    USART_SendData                           0x08002683   Thumb Code     8  stm32f10x_usart.o(i.USART_SendData)
    Volt_ADC_Init                            0x0800268b   Thumb Code    12  volt_adc.o(i.Volt_ADC_Init)
    __ARM_fpclassify                         0x08002697   Thumb Code    40  fpclassify.o(i.__ARM_fpclassify)
    __kernel_poly                            0x080026bf   Thumb Code   170  poly.o(i.__kernel_poly)
    __mathlib_dbl_infnan                     0x08002769   Thumb Code     6  dunder.o(i.__mathlib_dbl_infnan)
    __mathlib_dbl_infnan2                    0x0800276f   Thumb Code     4  dunder.o(i.__mathlib_dbl_infnan2)
    __mathlib_dbl_invalid                    0x08002773   Thumb Code    12  dunder.o(i.__mathlib_dbl_invalid)
    __mathlib_dbl_underflow                  0x08002781   Thumb Code    10  dunder.o(i.__mathlib_dbl_underflow)
    _is_digit                                0x08002791   Thumb Code    14  __printf_wp.o(i._is_digit)
    _sys_exit                                0x0800279f   Thumb Code     2  usart.o(i._sys_exit)
    asin                                     0x0800284d   Thumb Code   572  asin.o(i.asin)
    atan                                     0x08002abd   Thumb Code   474  atan.o(i.atan)
    atan2                                    0x08002cdd   Thumb Code   346  atan2.o(i.atan2)
    balance_UP                               0x08002e5d   Thumb Code    72  pid.o(i.balance_UP)
    dmp_enable_6x_lp_quat                    0x08002f15   Thumb Code    60  inv_mpu_dmp_motion_driver.o(i.dmp_enable_6x_lp_quat)
    dmp_enable_feature                       0x08002f51   Thumb Code   530  inv_mpu_dmp_motion_driver.o(i.dmp_enable_feature)
    dmp_enable_gyro_cal                      0x0800316d   Thumb Code    62  inv_mpu_dmp_motion_driver.o(i.dmp_enable_gyro_cal)
    dmp_enable_lp_quat                       0x080031c5   Thumb Code    60  inv_mpu_dmp_motion_driver.o(i.dmp_enable_lp_quat)
    dmp_load_motion_driver_firmware          0x08003201   Thumb Code    20  inv_mpu_dmp_motion_driver.o(i.dmp_load_motion_driver_firmware)
    dmp_read_fifo                            0x08003219   Thumb Code   456  inv_mpu_dmp_motion_driver.o(i.dmp_read_fifo)
    dmp_set_accel_bias                       0x080033e5   Thumb Code   300  inv_mpu_dmp_motion_driver.o(i.dmp_set_accel_bias)
    dmp_set_fifo_rate                        0x08003515   Thumb Code    96  inv_mpu_dmp_motion_driver.o(i.dmp_set_fifo_rate)
    dmp_set_gyro_bias                        0x08003585   Thumb Code   294  inv_mpu_dmp_motion_driver.o(i.dmp_set_gyro_bias)
    dmp_set_orientation                      0x080036b5   Thumb Code   290  inv_mpu_dmp_motion_driver.o(i.dmp_set_orientation)
    dmp_set_shake_reject_thresh              0x080037ed   Thumb Code    56  inv_mpu_dmp_motion_driver.o(i.dmp_set_shake_reject_thresh)
    dmp_set_shake_reject_time                0x08003825   Thumb Code    38  inv_mpu_dmp_motion_driver.o(i.dmp_set_shake_reject_time)
    dmp_set_shake_reject_timeout             0x0800384b   Thumb Code    38  inv_mpu_dmp_motion_driver.o(i.dmp_set_shake_reject_timeout)
    dmp_set_tap_axes                         0x08003871   Thumb Code    70  inv_mpu_dmp_motion_driver.o(i.dmp_set_tap_axes)
    dmp_set_tap_count                        0x080038b7   Thumb Code    38  inv_mpu_dmp_motion_driver.o(i.dmp_set_tap_count)
    dmp_set_tap_thresh                       0x080038dd   Thumb Code   396  inv_mpu_dmp_motion_driver.o(i.dmp_set_tap_thresh)
    dmp_set_tap_time                         0x08003a7d   Thumb Code    38  inv_mpu_dmp_motion_driver.o(i.dmp_set_tap_time)
    dmp_set_tap_time_multi                   0x08003aa3   Thumb Code    38  inv_mpu_dmp_motion_driver.o(i.dmp_set_tap_time_multi)
    fputc                                    0x08003ac9   Thumb Code    32  usart.o(i.fputc)
    inv_orientation_matrix_to_scalar         0x08004129   Thumb Code    40  inv_mpu.o(i.inv_orientation_matrix_to_scalar)
    inv_row_2_scale                          0x08004151   Thumb Code    78  inv_mpu.o(i.inv_row_2_scale)
    main                                     0x080041a1   Thumb Code   854  main.o(i.main)
    mget_ms                                  0x08004575   Thumb Code     2  inv_mpu.o(i.mget_ms)
    mpu_configure_fifo                       0x08004579   Thumb Code   106  inv_mpu.o(i.mpu_configure_fifo)
    mpu_dmp_get_data                         0x080045e9   Thumb Code   544  inv_mpu.o(i.mpu_dmp_get_data)
    mpu_dmp_init                             0x0800480d   Thumb Code   154  inv_mpu.o(i.mpu_dmp_init)
    mpu_get_accel_fsr                        0x080048ad   Thumb Code    72  inv_mpu.o(i.mpu_get_accel_fsr)
    mpu_get_accel_sens                       0x080048f9   Thumb Code    78  inv_mpu.o(i.mpu_get_accel_sens)
    mpu_get_fifo_config                      0x0800494d   Thumb Code    12  inv_mpu.o(i.mpu_get_fifo_config)
    mpu_get_gyro_fsr                         0x0800495d   Thumb Code    64  inv_mpu.o(i.mpu_get_gyro_fsr)
    mpu_get_lpf                              0x080049a1   Thumb Code    74  inv_mpu.o(i.mpu_get_lpf)
    mpu_get_sample_rate                      0x080049f1   Thumb Code    26  inv_mpu.o(i.mpu_get_sample_rate)
    mpu_init                                 0x08004a11   Thumb Code   416  inv_mpu.o(i.mpu_init)
    mpu_load_firmware                        0x08004c01   Thumb Code   180  inv_mpu.o(i.mpu_load_firmware)
    mpu_lp_accel_mode                        0x08004cb9   Thumb Code   218  inv_mpu.o(i.mpu_lp_accel_mode)
    mpu_read_fifo_stream                     0x08004d99   Thumb Code   186  inv_mpu.o(i.mpu_read_fifo_stream)
    mpu_read_mem                             0x08004e59   Thumb Code   122  inv_mpu.o(i.mpu_read_mem)
    mpu_reset_fifo                           0x08004ed9   Thumb Code   450  inv_mpu.o(i.mpu_reset_fifo)
    mpu_run_self_test                        0x080050a1   Thumb Code   278  inv_mpu.o(i.mpu_run_self_test)
    mpu_set_accel_fsr                        0x080051bd   Thumb Code   126  inv_mpu.o(i.mpu_set_accel_fsr)
    mpu_set_bypass                           0x08005241   Thumb Code   328  inv_mpu.o(i.mpu_set_bypass)
    mpu_set_dmp_state                        0x0800538d   Thumb Code   138  inv_mpu.o(i.mpu_set_dmp_state)
    mpu_set_gyro_fsr                         0x0800541d   Thumb Code   132  inv_mpu.o(i.mpu_set_gyro_fsr)
    mpu_set_int_latched                      0x080054a5   Thumb Code   102  inv_mpu.o(i.mpu_set_int_latched)
    mpu_set_lpf                              0x08005511   Thumb Code   126  inv_mpu.o(i.mpu_set_lpf)
    mpu_set_sample_rate                      0x08005595   Thumb Code   152  inv_mpu.o(i.mpu_set_sample_rate)
    mpu_set_sensors                          0x08005631   Thumb Code   202  inv_mpu.o(i.mpu_set_sensors)
    mpu_write_mem                            0x08005701   Thumb Code   122  inv_mpu.o(i.mpu_write_mem)
    run_self_test                            0x08005781   Thumb Code    64  inv_mpu.o(i.run_self_test)
    sqrt                                     0x08005869   Thumb Code    76  sqrt.o(i.sqrt)
    turn                                     0x080058b5   Thumb Code    50  pid.o(i.turn)
    velocity                                 0x080058f1   Thumb Code   268  pid.o(i.velocity)
    __aeabi_d2f                              0x08005a31   Thumb Code     0  d2f.o(x$fpl$d2f)
    _d2f                                     0x08005a31   Thumb Code    98  d2f.o(x$fpl$d2f)
    __aeabi_dadd                             0x08005a95   Thumb Code     0  daddsub_clz.o(x$fpl$dadd)
    _dadd                                    0x08005a95   Thumb Code   332  daddsub_clz.o(x$fpl$dadd)
    __fpl_dcheck_NaN1                        0x08005be5   Thumb Code    10  dcheck1.o(x$fpl$dcheck1)
    __fpl_dcmp_Inf                           0x08005bf5   Thumb Code    24  dcmpi.o(x$fpl$dcmpinf)
    __aeabi_ddiv                             0x08005c0d   Thumb Code     0  ddiv.o(x$fpl$ddiv)
    _ddiv                                    0x08005c0d   Thumb Code   552  ddiv.o(x$fpl$ddiv)
    __aeabi_i2d                              0x08005ebd   Thumb Code     0  dflt_clz.o(x$fpl$dflt)
    _dflt                                    0x08005ebd   Thumb Code    46  dflt_clz.o(x$fpl$dflt)
    __aeabi_cdcmple                          0x08005eed   Thumb Code     0  dleqf.o(x$fpl$dleqf)
    _dcmple                                  0x08005eed   Thumb Code   120  dleqf.o(x$fpl$dleqf)
    __fpl_dcmple_InfNaN                      0x08005f4f   Thumb Code     0  dleqf.o(x$fpl$dleqf)
    __aeabi_dmul                             0x08005f65   Thumb Code     0  dmul.o(x$fpl$dmul)
    _dmul                                    0x08005f65   Thumb Code   332  dmul.o(x$fpl$dmul)
    __fpl_dnaninf                            0x080060b9   Thumb Code   156  dnaninf.o(x$fpl$dnaninf)
    __fpl_dretinf                            0x08006155   Thumb Code    12  dretinf.o(x$fpl$dretinf)
    __aeabi_drsub                            0x08006161   Thumb Code     0  daddsub_clz.o(x$fpl$drsb)
    _drsb                                    0x08006161   Thumb Code    22  daddsub_clz.o(x$fpl$drsb)
    _dsqrt                                   0x08006179   Thumb Code   456  dsqrt_noumaal.o(x$fpl$dsqrt)
    __aeabi_dsub                             0x08006345   Thumb Code     0  daddsub_clz.o(x$fpl$dsub)
    _dsub                                    0x08006345   Thumb Code   464  daddsub_clz.o(x$fpl$dsub)
    __aeabi_f2d                              0x08006519   Thumb Code     0  f2d.o(x$fpl$f2d)
    _f2d                                     0x08006519   Thumb Code    86  f2d.o(x$fpl$f2d)
    __aeabi_fadd                             0x08006571   Thumb Code     0  faddsub_clz.o(x$fpl$fadd)
    _fadd                                    0x08006571   Thumb Code   196  faddsub_clz.o(x$fpl$fadd)
    __fpl_fcmp_Inf                           0x08006635   Thumb Code    24  fcmpi.o(x$fpl$fcmpinf)
    __aeabi_fdiv                             0x0800664d   Thumb Code     0  fdiv.o(x$fpl$fdiv)
    _fdiv                                    0x0800664d   Thumb Code   384  fdiv.o(x$fpl$fdiv)
    __aeabi_cfcmpeq                          0x080067d1   Thumb Code     0  feqf.o(x$fpl$feqf)
    _fcmpeq                                  0x080067d1   Thumb Code   104  feqf.o(x$fpl$feqf)
    __aeabi_f2iz                             0x08006839   Thumb Code     0  ffix.o(x$fpl$ffix)
    _ffix                                    0x08006839   Thumb Code    54  ffix.o(x$fpl$ffix)
    __aeabi_f2uiz                            0x08006871   Thumb Code     0  ffixu.o(x$fpl$ffixu)
    _ffixu                                   0x08006871   Thumb Code    62  ffixu.o(x$fpl$ffixu)
    __aeabi_i2f                              0x080068b1   Thumb Code     0  fflt_clz.o(x$fpl$fflt)
    _fflt                                    0x080068b1   Thumb Code    48  fflt_clz.o(x$fpl$fflt)
    __aeabi_ui2f                             0x080068e1   Thumb Code     0  fflt_clz.o(x$fpl$ffltu)
    _ffltu                                   0x080068e1   Thumb Code    38  fflt_clz.o(x$fpl$ffltu)
    __aeabi_cfcmple                          0x08006909   Thumb Code     0  fleqf.o(x$fpl$fleqf)
    _fcmple                                  0x08006909   Thumb Code   104  fleqf.o(x$fpl$fleqf)
    __fpl_fcmple_InfNaN                      0x0800695b   Thumb Code     0  fleqf.o(x$fpl$fleqf)
    __aeabi_fmul                             0x08006971   Thumb Code     0  fmul.o(x$fpl$fmul)
    _fmul                                    0x08006971   Thumb Code   258  fmul.o(x$fpl$fmul)
    __fpl_fnaninf                            0x08006a73   Thumb Code   140  fnaninf.o(x$fpl$fnaninf)
    __fpl_fretinf                            0x08006aff   Thumb Code    10  fretinf.o(x$fpl$fretinf)
    __aeabi_cfrcmple                         0x08006b09   Thumb Code     0  frleqf.o(x$fpl$frleqf)
    _frcmple                                 0x08006b09   Thumb Code    98  frleqf.o(x$fpl$frleqf)
    __aeabi_fsub                             0x08006b6d   Thumb Code     0  faddsub_clz.o(x$fpl$fsub)
    _fsub                                    0x08006b6d   Thumb Code   234  faddsub_clz.o(x$fpl$fsub)
    __fpl_return_NaN                         0x08006c57   Thumb Code   100  retnan.o(x$fpl$retnan)
    __ARM_scalbn                             0x08006cbb   Thumb Code    92  scalbn.o(x$fpl$scalbn)
    __fpl_cmpreturn                          0x08006d17   Thumb Code    48  trapv.o(x$fpl$trapveneer)
    __I$use$fp                               0x08006d46   Number         0  usenofp.o(x$fpl$usenofp)
    reg                                      0x08006d48   Data          27  inv_mpu.o(.constdata)
    hw                                       0x08006d64   Data          12  inv_mpu.o(.constdata)
    test                                     0x08006d70   Data          40  inv_mpu.o(.constdata)
    __mathlib_zero                           0x08007a88   Data           8  qnan.o(.constdata)
    Region$$Table$$Base                      0x08007ae0   Number         0  anon$$obj.o(Region$$Table)
    Region$$Table$$Limit                     0x08007b00   Number         0  anon$$obj.o(Region$$Table)
    sleepFlag                                0x20000000   Data           1  main.o(.data)
    fallAlarmCount                           0x20000002   Data           2  main.o(.data)
    sleepTimeCount                           0x20000004   Data           2  main.o(.data)
    stopTimeCount                            0x20000008   Data           4  main.o(.data)
    pitch                                    0x2000000c   Data           4  main.o(.data)
    roll                                     0x20000010   Data           4  main.o(.data)
    yaw                                      0x20000014   Data           4  main.o(.data)
    gyrox                                    0x20000018   Data           2  main.o(.data)
    gyroy                                    0x2000001a   Data           2  main.o(.data)
    gyroz                                    0x2000001c   Data           2  main.o(.data)
    leftEncoder                              0x2000001e   Data           2  main.o(.data)
    rightEncoder                             0x20000020   Data           2  main.o(.data)
    leftSpeed                                0x20000022   Data           2  main.o(.data)
    rightSpeed                               0x20000024   Data           2  main.o(.data)
    maxMove                                  0x20000026   Data           2  main.o(.data)
    maxTurn                                  0x20000028   Data           2  main.o(.data)
    rx_data                                  0x2000002a   Data           6  main.o(.data)
    tx_data                                  0x20000030   Data           8  main.o(.data)
    countT                                   0x20000038   Data           2  stm32f10x_it.o(.data)
    TX_ADDRESS                               0x2000003a   Data           5  si24r1.o(.data)
    RX_ADDRESS                               0x2000003f   Data           5  si24r1.o(.data)
    TimingDelay                              0x20000044   Data           4  systick.o(.data)
    __stdout                                 0x20000048   Data           4  usart.o(.data)
    ADC_ConvertedValue                       0x20000082   Data           2  volt_adc.o(.data)
    leftCount                                0x20000084   Data           2  drv8833c.o(.data)
    rightCount                               0x20000086   Data           2  drv8833c.o(.data)
    basic_tone                               0x20000088   Data          28  buzzer.o(.data)
    nokia_tune                               0x200000a4   Data           5  buzzer.o(.data)
    nokia_tune_time                          0x200000a9   Data           5  buzzer.o(.data)
    beep_tune                                0x200000ae   Data           3  buzzer.o(.data)
    beep_tune_time                           0x200000b1   Data           3  buzzer.o(.data)
    balance_UP_KP                            0x200000b4   Data           4  pid.o(.data)
    balance_UP_KD                            0x200000b8   Data           4  pid.o(.data)
    velocity_KP                              0x200000bc   Data           4  pid.o(.data)
    velocity_KI                              0x200000c0   Data           4  pid.o(.data)
    turn_Kp                                  0x200000c4   Data           4  pid.o(.data)
    carTurn                                  0x200000c8   Data           2  pid.o(.data)
    carMove                                  0x200000ca   Data           2  pid.o(.data)
    Mechanical_balance                       0x200000cc   Data           4  pid.o(.data)
    Encoder_Integral                         0x200000d0   Data           4  pid.o(.data)
    BattVolt                                 0x200000e0   Data           4  hardware.o(.data)
    SystemCoreClock                          0x200000e4   Data           4  system_stm32f10x.o(.data)
    AHBPrescTable                            0x200000e8   Data          16  system_stm32f10x.o(.data)
    __libspace_start                         0x20000108   Data          96  libspace.o(.bss)
    __temporary_stack_top$libspace           0x20000168   Data           0  libspace.o(.bss)



==============================================================================

Memory Map of the image

  Image Entry point : 0x080000ed

  Load Region LR_IROM1 (Base: 0x08000000, Size: 0x00007bf8, Max: 0x00010000, ABSOLUTE)

    Execution Region ER_IROM1 (Exec base: 0x08000000, Load base: 0x08000000, Size: 0x00007b00, Max: 0x00010000, ABSOLUTE)

    Exec Addr    Load Addr    Size         Type   Attr      Idx    E Section Name        Object

    0x08000000   0x08000000   0x000000ec   Data   RO         4201    RESET               startup_stm32f10x_md.o
    0x080000ec   0x080000ec   0x00000008   Code   RO         4333  * !!!main             c_w.l(__main.o)
    0x080000f4   0x080000f4   0x00000034   Code   RO         4658    !!!scatter          c_w.l(__scatter.o)
    0x08000128   0x08000128   0x0000001a   Code   RO         4660    !!handler_copy      c_w.l(__scatter_copy.o)
    0x08000142   0x08000142   0x00000002   PAD
    0x08000144   0x08000144   0x0000001c   Code   RO         4662    !!handler_zi        c_w.l(__scatter_zi.o)
    0x08000160   0x08000160   0x00000000   Code   RO         4326    .ARM.Collect$$_printf_percent$$00000000  c_w.l(_printf_percent.o)
    0x08000160   0x08000160   0x00000006   Code   RO         4325    .ARM.Collect$$_printf_percent$$00000009  c_w.l(_printf_d.o)
    0x08000166   0x08000166   0x00000004   Code   RO         4420    .ARM.Collect$$_printf_percent$$00000017  c_w.l(_printf_percent_end.o)
    0x0800016a   0x0800016a   0x00000002   Code   RO         4527    .ARM.Collect$$libinit$$00000000  c_w.l(libinit.o)
    0x0800016c   0x0800016c   0x00000000   Code   RO         4537    .ARM.Collect$$libinit$$00000002  c_w.l(libinit2.o)
    0x0800016c   0x0800016c   0x00000000   Code   RO         4539    .ARM.Collect$$libinit$$00000004  c_w.l(libinit2.o)
    0x0800016c   0x0800016c   0x00000000   Code   RO         4542    .ARM.Collect$$libinit$$0000000A  c_w.l(libinit2.o)
    0x0800016c   0x0800016c   0x00000000   Code   RO         4544    .ARM.Collect$$libinit$$0000000C  c_w.l(libinit2.o)
    0x0800016c   0x0800016c   0x00000000   Code   RO         4546    .ARM.Collect$$libinit$$0000000E  c_w.l(libinit2.o)
    0x0800016c   0x0800016c   0x00000000   Code   RO         4549    .ARM.Collect$$libinit$$00000011  c_w.l(libinit2.o)
    0x0800016c   0x0800016c   0x00000000   Code   RO         4551    .ARM.Collect$$libinit$$00000013  c_w.l(libinit2.o)
    0x0800016c   0x0800016c   0x00000000   Code   RO         4553    .ARM.Collect$$libinit$$00000015  c_w.l(libinit2.o)
    0x0800016c   0x0800016c   0x00000000   Code   RO         4555    .ARM.Collect$$libinit$$00000017  c_w.l(libinit2.o)
    0x0800016c   0x0800016c   0x00000000   Code   RO         4557    .ARM.Collect$$libinit$$00000019  c_w.l(libinit2.o)
    0x0800016c   0x0800016c   0x00000000   Code   RO         4559    .ARM.Collect$$libinit$$0000001B  c_w.l(libinit2.o)
    0x0800016c   0x0800016c   0x00000000   Code   RO         4561    .ARM.Collect$$libinit$$0000001D  c_w.l(libinit2.o)
    0x0800016c   0x0800016c   0x00000000   Code   RO         4563    .ARM.Collect$$libinit$$0000001F  c_w.l(libinit2.o)
    0x0800016c   0x0800016c   0x00000000   Code   RO         4565    .ARM.Collect$$libinit$$00000021  c_w.l(libinit2.o)
    0x0800016c   0x0800016c   0x00000000   Code   RO         4567    .ARM.Collect$$libinit$$00000023  c_w.l(libinit2.o)
    0x0800016c   0x0800016c   0x00000000   Code   RO         4569    .ARM.Collect$$libinit$$00000025  c_w.l(libinit2.o)
    0x0800016c   0x0800016c   0x00000000   Code   RO         4573    .ARM.Collect$$libinit$$0000002C  c_w.l(libinit2.o)
    0x0800016c   0x0800016c   0x00000000   Code   RO         4575    .ARM.Collect$$libinit$$0000002E  c_w.l(libinit2.o)
    0x0800016c   0x0800016c   0x00000000   Code   RO         4577    .ARM.Collect$$libinit$$00000030  c_w.l(libinit2.o)
    0x0800016c   0x0800016c   0x00000000   Code   RO         4579    .ARM.Collect$$libinit$$00000032  c_w.l(libinit2.o)
    0x0800016c   0x0800016c   0x00000002   Code   RO         4580    .ARM.Collect$$libinit$$00000033  c_w.l(libinit2.o)
    0x0800016e   0x0800016e   0x00000002   Code   RO         4610    .ARM.Collect$$libshutdown$$00000000  c_w.l(libshutdown.o)
    0x08000170   0x08000170   0x00000000   Code   RO         4624    .ARM.Collect$$libshutdown$$00000002  c_w.l(libshutdown2.o)
    0x08000170   0x08000170   0x00000000   Code   RO         4626    .ARM.Collect$$libshutdown$$00000004  c_w.l(libshutdown2.o)
    0x08000170   0x08000170   0x00000000   Code   RO         4629    .ARM.Collect$$libshutdown$$00000007  c_w.l(libshutdown2.o)
    0x08000170   0x08000170   0x00000000   Code   RO         4632    .ARM.Collect$$libshutdown$$0000000A  c_w.l(libshutdown2.o)
    0x08000170   0x08000170   0x00000000   Code   RO         4634    .ARM.Collect$$libshutdown$$0000000C  c_w.l(libshutdown2.o)
    0x08000170   0x08000170   0x00000000   Code   RO         4637    .ARM.Collect$$libshutdown$$0000000F  c_w.l(libshutdown2.o)
    0x08000170   0x08000170   0x00000002   Code   RO         4638    .ARM.Collect$$libshutdown$$00000010  c_w.l(libshutdown2.o)
    0x08000172   0x08000172   0x00000000   Code   RO         4411    .ARM.Collect$$rtentry$$00000000  c_w.l(__rtentry.o)
    0x08000172   0x08000172   0x00000000   Code   RO         4476    .ARM.Collect$$rtentry$$00000002  c_w.l(__rtentry2.o)
    0x08000172   0x08000172   0x00000006   Code   RO         4488    .ARM.Collect$$rtentry$$00000004  c_w.l(__rtentry4.o)
    0x08000178   0x08000178   0x00000000   Code   RO         4478    .ARM.Collect$$rtentry$$00000009  c_w.l(__rtentry2.o)
    0x08000178   0x08000178   0x00000004   Code   RO         4479    .ARM.Collect$$rtentry$$0000000A  c_w.l(__rtentry2.o)
    0x0800017c   0x0800017c   0x00000000   Code   RO         4481    .ARM.Collect$$rtentry$$0000000C  c_w.l(__rtentry2.o)
    0x0800017c   0x0800017c   0x00000008   Code   RO         4482    .ARM.Collect$$rtentry$$0000000D  c_w.l(__rtentry2.o)
    0x08000184   0x08000184   0x00000002   Code   RO         4530    .ARM.Collect$$rtexit$$00000000  c_w.l(rtexit.o)
    0x08000186   0x08000186   0x00000000   Code   RO         4584    .ARM.Collect$$rtexit$$00000002  c_w.l(rtexit2.o)
    0x08000186   0x08000186   0x00000004   Code   RO         4585    .ARM.Collect$$rtexit$$00000003  c_w.l(rtexit2.o)
    0x0800018a   0x0800018a   0x00000006   Code   RO         4586    .ARM.Collect$$rtexit$$00000004  c_w.l(rtexit2.o)
    0x08000190   0x08000190   0x00000040   Code   RO         4202    .text               startup_stm32f10x_md.o
    0x080001d0   0x080001d0   0x00000002   Code   RO         4269    .text               c_w.l(use_no_semi_2.o)
    0x080001d2   0x080001d2   0x00000048   Code   RO         4271    .text               c_w.l(llsdiv.o)
    0x0800021a   0x0800021a   0x00000002   PAD
    0x0800021c   0x0800021c   0x00000018   Code   RO         4275    .text               c_w.l(noretval__2printf.o)
    0x08000234   0x08000234   0x00000078   Code   RO         4281    .text               c_w.l(_printf_dec.o)
    0x080002ac   0x080002ac   0x00000138   Code   RO         4316    .text               c_w.l(__printf_flags_wp.o)
    0x080003e4   0x080003e4   0x00000058   Code   RO         4327    .text               c_w.l(memcmp.o)
    0x0800043c   0x0800043c   0x00000010   Code   RO         4329    .text               c_w.l(aeabi_memset.o)
    0x0800044c   0x0800044c   0x00000006   Code   RO         4331    .text               c_w.l(heapauxi.o)
    0x08000452   0x08000452   0x00000002   Code   RO         4409    .text               c_w.l(use_no_semi.o)
    0x08000454   0x08000454   0x000000ee   Code   RO         4412    .text               c_w.l(lludivv7m.o)
    0x08000542   0x08000542   0x00000016   Code   RO         4414    .text               c_w.l(_rserrno.o)
    0x08000558   0x08000558   0x000000b2   Code   RO         4416    .text               c_w.l(_printf_intcommon.o)
    0x0800060a   0x0800060a   0x00000002   PAD
    0x0800060c   0x0800060c   0x00000024   Code   RO         4418    .text               c_w.l(_printf_char_file.o)
    0x08000630   0x08000630   0x00000044   Code   RO         4421    .text               c_w.l(rt_memclr.o)
    0x08000674   0x08000674   0x00000008   Code   RO         4497    .text               c_w.l(rt_errno_addr_intlibspace.o)
    0x0800067c   0x0800067c   0x00000030   Code   RO         4499    .text               c_w.l(_printf_char_common.o)
    0x080006ac   0x080006ac   0x00000008   Code   RO         4501    .text               c_w.l(ferror.o)
    0x080006b4   0x080006b4   0x0000004e   Code   RO         4505    .text               c_w.l(rt_memclr_w.o)
    0x08000702   0x08000702   0x00000002   PAD
    0x08000704   0x08000704   0x00000008   Code   RO         4511    .text               c_w.l(libspace.o)
    0x0800070c   0x0800070c   0x0000004a   Code   RO         4514    .text               c_w.l(sys_stackheap_outer.o)
    0x08000756   0x08000756   0x00000012   Code   RO         4520    .text               c_w.l(exit.o)
    0x08000768   0x08000768   0x00000030   Code   RO         1037    i.ADC1_GPIO_Init    volt_adc.o
    0x08000798   0x08000798   0x000000e0   Code   RO         1038    i.ADC1_Mode_Init    volt_adc.o
    0x08000878   0x08000878   0x00000016   Code   RO         1247    i.ADC_Cmd           stm32f10x_adc.o
    0x0800088e   0x0800088e   0x00000016   Code   RO         1248    i.ADC_DMACmd        stm32f10x_adc.o
    0x080008a4   0x080008a4   0x00000014   Code   RO         1255    i.ADC_GetCalibrationStatus  stm32f10x_adc.o
    0x080008b8   0x080008b8   0x00000014   Code   RO         1261    i.ADC_GetResetCalibrationStatus  stm32f10x_adc.o
    0x080008cc   0x080008cc   0x00000050   Code   RO         1265    i.ADC_Init          stm32f10x_adc.o
    0x0800091c   0x0800091c   0x000000b8   Code   RO         1269    i.ADC_RegularChannelConfig  stm32f10x_adc.o
    0x080009d4   0x080009d4   0x0000000a   Code   RO         1270    i.ADC_ResetCalibration  stm32f10x_adc.o
    0x080009de   0x080009de   0x00000016   Code   RO         1272    i.ADC_SoftwareStartConvCmd  stm32f10x_adc.o
    0x080009f4   0x080009f4   0x0000000a   Code   RO         1274    i.ADC_StartCalibration  stm32f10x_adc.o
    0x080009fe   0x080009fe   0x00000002   PAD
    0x08000a00   0x08000a00   0x00000030   Code   RO         1119    i.Buzzer_Init       buzzer.o
    0x08000a30   0x08000a30   0x00000018   Code   RO         1941    i.DMA_Cmd           stm32f10x_dma.o
    0x08000a48   0x08000a48   0x0000014c   Code   RO         1942    i.DMA_DeInit        stm32f10x_dma.o
    0x08000b94   0x08000b94   0x0000003c   Code   RO         1947    i.DMA_Init          stm32f10x_dma.o
    0x08000bd0   0x08000bd0   0x00000010   Code   RO         1070    i.DRV8833C_Init     drv8833c.o
    0x08000be0   0x08000be0   0x00000064   Code   RO          358    i.Delay_ms          systick.o
    0x08000c44   0x08000c44   0x00000068   Code   RO          359    i.Delay_us          systick.o
    0x08000cac   0x08000cac   0x00000016   Code   RO          118    i.EXTI9_5_IRQHandler  stm32f10x_it.o
    0x08000cc2   0x08000cc2   0x00000002   PAD
    0x08000cc4   0x08000cc4   0x0000000c   Code   RO         2012    i.EXTI_ClearITPendingBit  stm32f10x_exti.o
    0x08000cd0   0x08000cd0   0x00000028   Code   RO         2016    i.EXTI_GetITStatus  stm32f10x_exti.o
    0x08000cf8   0x08000cf8   0x00000116   Code   RO         2371    i.GPIO_Init         stm32f10x_gpio.o
    0x08000e0e   0x08000e0e   0x00000002   PAD
    0x08000e10   0x08000e10   0x00000090   Code   RO         2373    i.GPIO_PinRemapConfig  stm32f10x_gpio.o
    0x08000ea0   0x08000ea0   0x00000012   Code   RO         2375    i.GPIO_ReadInputDataBit  stm32f10x_gpio.o
    0x08000eb2   0x08000eb2   0x00000004   Code   RO         2378    i.GPIO_ResetBits    stm32f10x_gpio.o
    0x08000eb6   0x08000eb6   0x00000004   Code   RO         2379    i.GPIO_SetBits      stm32f10x_gpio.o
    0x08000eba   0x08000eba   0x00000002   PAD
    0x08000ebc   0x08000ebc   0x00000048   Code   RO         1039    i.Get_BattVolt      volt_adc.o
    0x08000f04   0x08000f04   0x000000c8   Code   RO         1185    i.Hardware_Init     hardware.o
    0x08000fcc   0x08000fcc   0x00000058   Code   RO          152    i.LED_Init          led.o
    0x08001024   0x08001024   0x00000050   Code   RO          165    i.MPU_Get_Gyroscope  mpu6050.o
    0x08001074   0x08001074   0x00000054   Code   RO          166    i.MPU_Get_Temperature  mpu6050.o
    0x080010c8   0x080010c8   0x00000048   Code   RO          977    i.MPU_IIC_Ack       mpuiic.o
    0x08001110   0x08001110   0x0000000a   Code   RO          978    i.MPU_IIC_Delay     mpuiic.o
    0x0800111a   0x0800111a   0x00000002   PAD
    0x0800111c   0x0800111c   0x00000038   Code   RO          979    i.MPU_IIC_Init      mpuiic.o
    0x08001154   0x08001154   0x00000048   Code   RO          980    i.MPU_IIC_NAck      mpuiic.o
    0x0800119c   0x0800119c   0x0000006c   Code   RO          981    i.MPU_IIC_Read_Byte  mpuiic.o
    0x08001208   0x08001208   0x00000070   Code   RO          982    i.MPU_IIC_Send_Byte  mpuiic.o
    0x08001278   0x08001278   0x00000048   Code   RO          983    i.MPU_IIC_Start     mpuiic.o
    0x080012c0   0x080012c0   0x00000040   Code   RO          984    i.MPU_IIC_Stop      mpuiic.o
    0x08001300   0x08001300   0x00000068   Code   RO          985    i.MPU_IIC_Wait_Ack  mpuiic.o
    0x08001368   0x08001368   0x00000074   Code   RO          169    i.MPU_Read_Len      mpu6050.o
    0x080013dc   0x080013dc   0x00000060   Code   RO          175    i.MPU_Write_Len     mpu6050.o
    0x0800143c   0x0800143c   0x000000a0   Code   RO         1071    i.Motor_Encoder_Init  drv8833c.o
    0x080014dc   0x080014dc   0x00000098   Code   RO         1072    i.Motor_GPIO_Init   drv8833c.o
    0x08001574   0x08001574   0x00000128   Code   RO         1073    i.Motor_PWM_Init    drv8833c.o
    0x0800169c   0x0800169c   0x00000084   Code   RO         1074    i.Motor_Set         drv8833c.o
    0x08001720   0x08001720   0x00000070   Code   RO         1205    i.NVIC_Init         misc.o
    0x08001790   0x08001790   0x00000014   Code   RO         1206    i.NVIC_PriorityGroupConfig  misc.o
    0x080017a4   0x080017a4   0x00000018   Code   RO         1120    i.Play_Beep         buzzer.o
    0x080017bc   0x080017bc   0x00000050   Code   RO         1121    i.Play_Music        buzzer.o
    0x0800180c   0x0800180c   0x00000018   Code   RO         1122    i.Play_NokiaTune    buzzer.o
    0x08001824   0x08001824   0x00000018   Code   RO         2788    i.RCC_ADCCLKConfig  stm32f10x_rcc.o
    0x0800183c   0x0800183c   0x00000020   Code   RO         2789    i.RCC_AHBPeriphClockCmd  stm32f10x_rcc.o
    0x0800185c   0x0800185c   0x00000020   Code   RO         2790    i.RCC_APB1PeriphClockCmd  stm32f10x_rcc.o
    0x0800187c   0x0800187c   0x00000020   Code   RO         2792    i.RCC_APB2PeriphClockCmd  stm32f10x_rcc.o
    0x0800189c   0x0800189c   0x0000002c   Code   RO         1075    i.Read_Encoder      drv8833c.o
    0x080018c8   0x080018c8   0x0000004c   Code   RO          267    i.SI24R1_Check      si24r1.o
    0x08001914   0x08001914   0x000000a0   Code   RO          268    i.SI24R1_GPIO_Init  si24r1.o
    0x080019b4   0x080019b4   0x00000028   Code   RO          269    i.SI24R1_Init       si24r1.o
    0x080019dc   0x080019dc   0x00000044   Code   RO          270    i.SI24R1_Read_Buf   si24r1.o
    0x08001a20   0x08001a20   0x00000030   Code   RO          271    i.SI24R1_Read_Reg   si24r1.o
    0x08001a50   0x08001a50   0x0000005c   Code   RO          272    i.SI24R1_RxMode     si24r1.o
    0x08001aac   0x08001aac   0x0000004c   Code   RO          273    i.SI24R1_RxPacket   si24r1.o
    0x08001af8   0x08001af8   0x00000064   Code   RO          274    i.SI24R1_SPI_Init   si24r1.o
    0x08001b5c   0x08001b5c   0x00000070   Code   RO          275    i.SI24R1_TxMode     si24r1.o
    0x08001bcc   0x08001bcc   0x00000068   Code   RO          276    i.SI24R1_TxPacket   si24r1.o
    0x08001c34   0x08001c34   0x00000044   Code   RO          277    i.SI24R1_Write_Buf  si24r1.o
    0x08001c78   0x08001c78   0x00000030   Code   RO          278    i.SI24R1_Write_Reg  si24r1.o
    0x08001ca8   0x08001ca8   0x00000038   Code   RO          279    i.SPI2_WriteReadByte  si24r1.o
    0x08001ce0   0x08001ce0   0x00000018   Code   RO         3275    i.SPI_Cmd           stm32f10x_spi.o
    0x08001cf8   0x08001cf8   0x00000012   Code   RO         3283    i.SPI_I2S_GetFlagStatus  stm32f10x_spi.o
    0x08001d0a   0x08001d0a   0x00000006   Code   RO         3286    i.SPI_I2S_ReceiveData  stm32f10x_spi.o
    0x08001d10   0x08001d10   0x00000004   Code   RO         3287    i.SPI_I2S_SendData  stm32f10x_spi.o
    0x08001d14   0x08001d14   0x0000003c   Code   RO         3288    i.SPI_Init          stm32f10x_spi.o
    0x08001d50   0x08001d50   0x00000008   Code   RO         4217    i.SetSysClock       system_stm32f10x.o
    0x08001d58   0x08001d58   0x000000e0   Code   RO         4218    i.SetSysClockTo72   system_stm32f10x.o
    0x08001e38   0x08001e38   0x00000044   Code   RO         1123    i.Sound             buzzer.o
    0x08001e7c   0x08001e7c   0x00000054   Code   RO          360    i.SysTick_Config    systick.o
    0x08001ed0   0x08001ed0   0x00000018   Code   RO          119    i.SysTick_Handler   stm32f10x_it.o
    0x08001ee8   0x08001ee8   0x00000060   Code   RO         4220    i.SystemInit        system_stm32f10x.o
    0x08001f48   0x08001f48   0x00000080   Code   RO         3414    i.TI1_Config        stm32f10x_tim.o
    0x08001fc8   0x08001fc8   0x00000098   Code   RO         3415    i.TI2_Config        stm32f10x_tim.o
    0x08002060   0x08002060   0x00000090   Code   RO         3416    i.TI3_Config        stm32f10x_tim.o
    0x080020f0   0x080020f0   0x00000098   Code   RO         3417    i.TI4_Config        stm32f10x_tim.o
    0x08002188   0x08002188   0x0000006c   Code   RO          120    i.TIM4_IRQHandler   stm32f10x_it.o
    0x080021f4   0x080021f4   0x00000018   Code   RO         3418    i.TIM_ARRPreloadConfig  stm32f10x_tim.o
    0x0800220c   0x0800220c   0x00000006   Code   RO         3424    i.TIM_ClearFlag     stm32f10x_tim.o
    0x08002212   0x08002212   0x00000018   Code   RO         3430    i.TIM_Cmd           stm32f10x_tim.o
    0x0800222a   0x0800222a   0x0000001e   Code   RO         3432    i.TIM_CtrlPWMOutputs  stm32f10x_tim.o
    0x08002248   0x08002248   0x00000042   Code   RO         3439    i.TIM_EncoderInterfaceConfig  stm32f10x_tim.o
    0x0800228a   0x0800228a   0x00000002   PAD
    0x0800228c   0x0800228c   0x000000ac   Code   RO         3453    i.TIM_ICInit        stm32f10x_tim.o
    0x08002338   0x08002338   0x00000012   Code   RO         3454    i.TIM_ICStructInit  stm32f10x_tim.o
    0x0800234a   0x0800234a   0x00000012   Code   RO         3455    i.TIM_ITConfig      stm32f10x_tim.o
    0x0800235c   0x0800235c   0x000000a4   Code   RO         3464    i.TIM_OC2Init       stm32f10x_tim.o
    0x08002400   0x08002400   0x0000001a   Code   RO         3467    i.TIM_OC2PreloadConfig  stm32f10x_tim.o
    0x0800241a   0x0800241a   0x00000002   PAD
    0x0800241c   0x0800241c   0x000000a0   Code   RO         3469    i.TIM_OC3Init       stm32f10x_tim.o
    0x080024bc   0x080024bc   0x00000012   Code   RO         3472    i.TIM_OC3PreloadConfig  stm32f10x_tim.o
    0x080024ce   0x080024ce   0x00000002   PAD
    0x080024d0   0x080024d0   0x0000007c   Code   RO         3474    i.TIM_OC4Init       stm32f10x_tim.o
    0x0800254c   0x0800254c   0x0000001a   Code   RO         3476    i.TIM_OC4PreloadConfig  stm32f10x_tim.o
    0x08002566   0x08002566   0x00000004   Code   RO         3495    i.TIM_SetCounter    stm32f10x_tim.o
    0x0800256a   0x0800256a   0x00000012   Code   RO         3496    i.TIM_SetIC1Prescaler  stm32f10x_tim.o
    0x0800257c   0x0800257c   0x0000001a   Code   RO         3497    i.TIM_SetIC2Prescaler  stm32f10x_tim.o
    0x08002596   0x08002596   0x00000012   Code   RO         3498    i.TIM_SetIC3Prescaler  stm32f10x_tim.o
    0x080025a8   0x080025a8   0x0000001a   Code   RO         3499    i.TIM_SetIC4Prescaler  stm32f10x_tim.o
    0x080025c2   0x080025c2   0x00000002   PAD
    0x080025c4   0x080025c4   0x000000a4   Code   RO         3501    i.TIM_TimeBaseInit  stm32f10x_tim.o
    0x08002668   0x08002668   0x0000001a   Code   RO         3969    i.USART_GetFlagStatus  stm32f10x_usart.o
    0x08002682   0x08002682   0x00000008   Code   RO         3983    i.USART_SendData    stm32f10x_usart.o
    0x0800268a   0x0800268a   0x0000000c   Code   RO         1040    i.Volt_ADC_Init     volt_adc.o
    0x08002696   0x08002696   0x00000028   Code   RO         4462    i.__ARM_fpclassify  m_ws.l(fpclassify.o)
    0x080026be   0x080026be   0x000000aa   Code   RO         4464    i.__kernel_poly     m_ws.l(poly.o)
    0x08002768   0x08002768   0x00000006   Code   RO         4449    i.__mathlib_dbl_infnan  m_ws.l(dunder.o)
    0x0800276e   0x0800276e   0x00000004   Code   RO         4450    i.__mathlib_dbl_infnan2  m_ws.l(dunder.o)
    0x08002772   0x08002772   0x0000000c   Code   RO         4451    i.__mathlib_dbl_invalid  m_ws.l(dunder.o)
    0x0800277e   0x0800277e   0x00000002   PAD
    0x08002780   0x08002780   0x00000010   Code   RO         4454    i.__mathlib_dbl_underflow  m_ws.l(dunder.o)
    0x08002790   0x08002790   0x0000000e   Code   RO         4314    i._is_digit         c_w.l(__printf_wp.o)
    0x0800279e   0x0800279e   0x00000002   Code   RO          393    i._sys_exit         usart.o
    0x080027a0   0x080027a0   0x000000ac   Code   RO          443    i.accel_self_test   inv_mpu.o
    0x0800284c   0x0800284c   0x00000270   Code   RO         4392    i.asin              m_ws.l(asin.o)
    0x08002abc   0x08002abc   0x00000220   Code   RO         4439    i.atan              m_ws.l(atan.o)
    0x08002cdc   0x08002cdc   0x00000180   Code   RO         4402    i.atan2             m_ws.l(atan2.o)
    0x08002e5c   0x08002e5c   0x00000054   Code   RO         1158    i.balance_UP        pid.o
    0x08002eb0   0x08002eb0   0x00000064   Code   RO          787    i.decode_gesture    inv_mpu_dmp_motion_driver.o
    0x08002f14   0x08002f14   0x0000003c   Code   RO          788    i.dmp_enable_6x_lp_quat  inv_mpu_dmp_motion_driver.o
    0x08002f50   0x08002f50   0x0000021c   Code   RO          789    i.dmp_enable_feature  inv_mpu_dmp_motion_driver.o
    0x0800316c   0x0800316c   0x00000058   Code   RO          790    i.dmp_enable_gyro_cal  inv_mpu_dmp_motion_driver.o
    0x080031c4   0x080031c4   0x0000003c   Code   RO          791    i.dmp_enable_lp_quat  inv_mpu_dmp_motion_driver.o
    0x08003200   0x08003200   0x00000018   Code   RO          796    i.dmp_load_motion_driver_firmware  inv_mpu_dmp_motion_driver.o
    0x08003218   0x08003218   0x000001cc   Code   RO          797    i.dmp_read_fifo     inv_mpu_dmp_motion_driver.o
    0x080033e4   0x080033e4   0x00000130   Code   RO          800    i.dmp_set_accel_bias  inv_mpu_dmp_motion_driver.o
    0x08003514   0x08003514   0x00000070   Code   RO          801    i.dmp_set_fifo_rate  inv_mpu_dmp_motion_driver.o
    0x08003584   0x08003584   0x00000130   Code   RO          802    i.dmp_set_gyro_bias  inv_mpu_dmp_motion_driver.o
    0x080036b4   0x080036b4   0x00000138   Code   RO          804    i.dmp_set_orientation  inv_mpu_dmp_motion_driver.o
    0x080037ec   0x080037ec   0x00000038   Code   RO          807    i.dmp_set_shake_reject_thresh  inv_mpu_dmp_motion_driver.o
    0x08003824   0x08003824   0x00000026   Code   RO          808    i.dmp_set_shake_reject_time  inv_mpu_dmp_motion_driver.o
    0x0800384a   0x0800384a   0x00000026   Code   RO          809    i.dmp_set_shake_reject_timeout  inv_mpu_dmp_motion_driver.o
    0x08003870   0x08003870   0x00000046   Code   RO          810    i.dmp_set_tap_axes  inv_mpu_dmp_motion_driver.o
    0x080038b6   0x080038b6   0x00000026   Code   RO          811    i.dmp_set_tap_count  inv_mpu_dmp_motion_driver.o
    0x080038dc   0x080038dc   0x000001a0   Code   RO          812    i.dmp_set_tap_thresh  inv_mpu_dmp_motion_driver.o
    0x08003a7c   0x08003a7c   0x00000026   Code   RO          813    i.dmp_set_tap_time  inv_mpu_dmp_motion_driver.o
    0x08003aa2   0x08003aa2   0x00000026   Code   RO          814    i.dmp_set_tap_time_multi  inv_mpu_dmp_motion_driver.o
    0x08003ac8   0x08003ac8   0x00000024   Code   RO          394    i.fputc             usart.o
    0x08003aec   0x08003aec   0x000000b4   Code   RO          444    i.get_accel_prod_shift  inv_mpu.o
    0x08003ba0   0x08003ba0   0x00000470   Code   RO          445    i.get_st_biases     inv_mpu.o
    0x08004010   0x08004010   0x00000118   Code   RO          446    i.gyro_self_test    inv_mpu.o
    0x08004128   0x08004128   0x00000028   Code   RO          447    i.inv_orientation_matrix_to_scalar  inv_mpu.o
    0x08004150   0x08004150   0x0000004e   Code   RO          448    i.inv_row_2_scale   inv_mpu.o
    0x0800419e   0x0800419e   0x00000002   PAD
    0x080041a0   0x080041a0   0x000003d4   Code   RO            1    i.main              main.o
    0x08004574   0x08004574   0x00000002   Code   RO          449    i.mget_ms           inv_mpu.o
    0x08004576   0x08004576   0x00000002   PAD
    0x08004578   0x08004578   0x00000070   Code   RO          450    i.mpu_configure_fifo  inv_mpu.o
    0x080045e8   0x080045e8   0x00000224   Code   RO          451    i.mpu_dmp_get_data  inv_mpu.o
    0x0800480c   0x0800480c   0x000000a0   Code   RO          452    i.mpu_dmp_init      inv_mpu.o
    0x080048ac   0x080048ac   0x0000004c   Code   RO          453    i.mpu_get_accel_fsr  inv_mpu.o
    0x080048f8   0x080048f8   0x00000054   Code   RO          455    i.mpu_get_accel_sens  inv_mpu.o
    0x0800494c   0x0800494c   0x00000010   Code   RO          460    i.mpu_get_fifo_config  inv_mpu.o
    0x0800495c   0x0800495c   0x00000044   Code   RO          461    i.mpu_get_gyro_fsr  inv_mpu.o
    0x080049a0   0x080049a0   0x00000050   Code   RO          465    i.mpu_get_lpf       inv_mpu.o
    0x080049f0   0x080049f0   0x00000020   Code   RO          467    i.mpu_get_sample_rate  inv_mpu.o
    0x08004a10   0x08004a10   0x000001f0   Code   RO          469    i.mpu_init          inv_mpu.o
    0x08004c00   0x08004c00   0x000000b8   Code   RO          470    i.mpu_load_firmware  inv_mpu.o
    0x08004cb8   0x08004cb8   0x000000e0   Code   RO          471    i.mpu_lp_accel_mode  inv_mpu.o
    0x08004d98   0x08004d98   0x000000c0   Code   RO          474    i.mpu_read_fifo_stream  inv_mpu.o
    0x08004e58   0x08004e58   0x00000080   Code   RO          475    i.mpu_read_mem      inv_mpu.o
    0x08004ed8   0x08004ed8   0x000001c8   Code   RO          478    i.mpu_reset_fifo    inv_mpu.o
    0x080050a0   0x080050a0   0x0000011c   Code   RO          479    i.mpu_run_self_test  inv_mpu.o
    0x080051bc   0x080051bc   0x00000084   Code   RO          481    i.mpu_set_accel_fsr  inv_mpu.o
    0x08005240   0x08005240   0x0000014c   Code   RO          482    i.mpu_set_bypass    inv_mpu.o
    0x0800538c   0x0800538c   0x00000090   Code   RO          484    i.mpu_set_dmp_state  inv_mpu.o
    0x0800541c   0x0800541c   0x00000088   Code   RO          485    i.mpu_set_gyro_fsr  inv_mpu.o
    0x080054a4   0x080054a4   0x0000006c   Code   RO          486    i.mpu_set_int_latched  inv_mpu.o
    0x08005510   0x08005510   0x00000084   Code   RO          488    i.mpu_set_lpf       inv_mpu.o
    0x08005594   0x08005594   0x0000009c   Code   RO          489    i.mpu_set_sample_rate  inv_mpu.o
    0x08005630   0x08005630   0x000000d0   Code   RO          490    i.mpu_set_sensors   inv_mpu.o
    0x08005700   0x08005700   0x00000080   Code   RO          491    i.mpu_write_mem     inv_mpu.o
    0x08005780   0x08005780   0x00000058   Code   RO          492    i.run_self_test     inv_mpu.o
    0x080057d8   0x080057d8   0x00000090   Code   RO          493    i.set_int_enable    inv_mpu.o
    0x08005868   0x08005868   0x0000004c   Code   RO         4468    i.sqrt              m_ws.l(sqrt.o)
    0x080058b4   0x080058b4   0x0000003c   Code   RO         1159    i.turn              pid.o
    0x080058f0   0x080058f0   0x00000140   Code   RO         1160    i.velocity          pid.o
    0x08005a30   0x08005a30   0x00000062   Code   RO         4335    x$fpl$d2f           fz_ws.l(d2f.o)
    0x08005a92   0x08005a92   0x00000002   PAD
    0x08005a94   0x08005a94   0x00000150   Code   RO         4337    x$fpl$dadd          fz_ws.l(daddsub_clz.o)
    0x08005be4   0x08005be4   0x00000010   Code   RO         4507    x$fpl$dcheck1       fz_ws.l(dcheck1.o)
    0x08005bf4   0x08005bf4   0x00000018   Code   RO         4423    x$fpl$dcmpinf       fz_ws.l(dcmpi.o)
    0x08005c0c   0x08005c0c   0x000002b0   Code   RO         4344    x$fpl$ddiv          fz_ws.l(ddiv.o)
    0x08005ebc   0x08005ebc   0x0000002e   Code   RO         4348    x$fpl$dflt          fz_ws.l(dflt_clz.o)
    0x08005eea   0x08005eea   0x00000002   PAD
    0x08005eec   0x08005eec   0x00000078   Code   RO         4353    x$fpl$dleqf         fz_ws.l(dleqf.o)
    0x08005f64   0x08005f64   0x00000154   Code   RO         4355    x$fpl$dmul          fz_ws.l(dmul.o)
    0x080060b8   0x080060b8   0x0000009c   Code   RO         4425    x$fpl$dnaninf       fz_ws.l(dnaninf.o)
    0x08006154   0x08006154   0x0000000c   Code   RO         4427    x$fpl$dretinf       fz_ws.l(dretinf.o)
    0x08006160   0x08006160   0x00000016   Code   RO         4338    x$fpl$drsb          fz_ws.l(daddsub_clz.o)
    0x08006176   0x08006176   0x00000002   PAD
    0x08006178   0x08006178   0x000001cc   Code   RO         4509    x$fpl$dsqrt         fz_ws.l(dsqrt_noumaal.o)
    0x08006344   0x08006344   0x000001d4   Code   RO         4339    x$fpl$dsub          fz_ws.l(daddsub_clz.o)
    0x08006518   0x08006518   0x00000056   Code   RO         4357    x$fpl$f2d           fz_ws.l(f2d.o)
    0x0800656e   0x0800656e   0x00000002   PAD
    0x08006570   0x08006570   0x000000c4   Code   RO         4359    x$fpl$fadd          fz_ws.l(faddsub_clz.o)
    0x08006634   0x08006634   0x00000018   Code   RO         4429    x$fpl$fcmpinf       fz_ws.l(fcmpi.o)
    0x0800664c   0x0800664c   0x00000184   Code   RO         4366    x$fpl$fdiv          fz_ws.l(fdiv.o)
    0x080067d0   0x080067d0   0x00000068   Code   RO         4369    x$fpl$feqf          fz_ws.l(feqf.o)
    0x08006838   0x08006838   0x00000036   Code   RO         4371    x$fpl$ffix          fz_ws.l(ffix.o)
    0x0800686e   0x0800686e   0x00000002   PAD
    0x08006870   0x08006870   0x0000003e   Code   RO         4375    x$fpl$ffixu         fz_ws.l(ffixu.o)
    0x080068ae   0x080068ae   0x00000002   PAD
    0x080068b0   0x080068b0   0x00000030   Code   RO         4380    x$fpl$fflt          fz_ws.l(fflt_clz.o)
    0x080068e0   0x080068e0   0x00000026   Code   RO         4379    x$fpl$ffltu         fz_ws.l(fflt_clz.o)
    0x08006906   0x08006906   0x00000002   PAD
    0x08006908   0x08006908   0x00000068   Code   RO         4385    x$fpl$fleqf         fz_ws.l(fleqf.o)
    0x08006970   0x08006970   0x00000102   Code   RO         4387    x$fpl$fmul          fz_ws.l(fmul.o)
    0x08006a72   0x08006a72   0x0000008c   Code   RO         4431    x$fpl$fnaninf       fz_ws.l(fnaninf.o)
    0x08006afe   0x08006afe   0x0000000a   Code   RO         4433    x$fpl$fretinf       fz_ws.l(fretinf.o)
    0x08006b08   0x08006b08   0x00000062   Code   RO         4389    x$fpl$frleqf        fz_ws.l(frleqf.o)
    0x08006b6a   0x08006b6a   0x00000002   PAD
    0x08006b6c   0x08006b6c   0x000000ea   Code   RO         4361    x$fpl$fsub          fz_ws.l(faddsub_clz.o)
    0x08006c56   0x08006c56   0x00000064   Code   RO         4528    x$fpl$retnan        fz_ws.l(retnan.o)
    0x08006cba   0x08006cba   0x0000005c   Code   RO         4435    x$fpl$scalbn        fz_ws.l(scalbn.o)
    0x08006d16   0x08006d16   0x00000030   Code   RO         4581    x$fpl$trapveneer    fz_ws.l(trapv.o)
    0x08006d46   0x08006d46   0x00000000   Code   RO         4437    x$fpl$usenofp       fz_ws.l(usenofp.o)
    0x08006d46   0x08006d46   0x00000002   PAD
    0x08006d48   0x08006d48   0x00000050   Data   RO          495    .constdata          inv_mpu.o
    0x08006d98   0x08006d98   0x00000bf6   Data   RO          816    .constdata          inv_mpu_dmp_motion_driver.o
    0x0800798e   0x0800798e   0x00000011   Data   RO         4317    .constdata          c_w.l(__printf_flags_wp.o)
    0x0800799f   0x0800799f   0x00000001   PAD
    0x080079a0   0x080079a0   0x00000050   Data   RO         4393    .constdata          m_ws.l(asin.o)
    0x080079f0   0x080079f0   0x00000098   Data   RO         4440    .constdata          m_ws.l(atan.o)
    0x08007a88   0x08007a88   0x00000008   Data   RO         4466    .constdata          m_ws.l(qnan.o)
    0x08007a90   0x08007a90   0x0000004d   Data   RO          496    .conststring        inv_mpu.o
    0x08007add   0x08007add   0x00000003   PAD
    0x08007ae0   0x08007ae0   0x00000020   Data   RO         4656    Region$$Table       anon$$obj.o


    Execution Region RW_IRAM1 (Exec base: 0x20000000, Load base: 0x08007b00, Size: 0x00000b68, Max: 0x00005000, ABSOLUTE)

    Exec Addr    Load Addr    Size         Type   Attr      Idx    E Section Name        Object

    0x20000000   0x08007b00   0x00000038   Data   RW            2    .data               main.o
    0x20000038   0x08007b38   0x00000002   Data   RW          121    .data               stm32f10x_it.o
    0x2000003a   0x08007b3a   0x0000000a   Data   RW          280    .data               si24r1.o
    0x20000044   0x08007b44   0x00000004   Data   RW          361    .data               systick.o
    0x20000048   0x08007b48   0x00000004   Data   RW          395    .data               usart.o
    0x2000004c   0x08007b4c   0x00000035   Data   RW          497    .data               inv_mpu.o
    0x20000081   0x08007b81   0x00000001   PAD
    0x20000082   0x08007b82   0x00000002   Data   RW         1041    .data               volt_adc.o
    0x20000084   0x08007b84   0x00000004   Data   RW         1076    .data               drv8833c.o
    0x20000088   0x08007b88   0x0000002c   Data   RW         1124    .data               buzzer.o
    0x200000b4   0x08007bb4   0x0000002c   Data   RW         1161    .data               pid.o
    0x200000e0   0x08007be0   0x00000004   Data   RW         1186    .data               hardware.o
    0x200000e4   0x08007be4   0x00000014   Data   RW         4221    .data               system_stm32f10x.o
    0x200000f8        -       0x00000010   Zero   RW          815    .bss                inv_mpu_dmp_motion_driver.o
    0x20000108        -       0x00000060   Zero   RW         4512    .bss                c_w.l(libspace.o)
    0x20000168        -       0x00000200   Zero   RW         4200    HEAP                startup_stm32f10x_md.o
    0x20000368        -       0x00000800   Zero   RW         4199    STACK               startup_stm32f10x_md.o


==============================================================================

Image component sizes


      Code (inc. data)   RO Data    RW Data    ZI Data      Debug   Object Name

       244         38          0         44          0       3505   buzzer.o
       800         46          0          4          0       4290   drv8833c.o
       200         30          0          4          0        871   hardware.o
      6736        294        157         53          0      34947   inv_mpu.o
      3096        122       3062          0         16      20702   inv_mpu_dmp_motion_driver.o
        88         14          0          0          0        499   led.o
       980        126          0         56          0     270633   main.o
       132         22          0          0          0       1623   misc.o
       376         12          0          0          0       3309   mpu6050.o
       670         38          0          0          0       4750   mpuiic.o
       464         74          0         44          0       2985   pid.o
      1048         92          0         10          0       8285   si24r1.o
        64         26        236          0       2560        828   startup_stm32f10x_md.o
       390         10          0          0          0       7405   stm32f10x_adc.o
       416          8          0          0          0       3494   stm32f10x_dma.o
        52         12          0          0          0       1108   stm32f10x_exti.o
       448          6          0          0          0       4550   stm32f10x_gpio.o
       154         28          0          2          0       2129   stm32f10x_it.o
       120         24          0          0          0       2213   stm32f10x_rcc.o
       112          0          0          0          0       3886   stm32f10x_spi.o
      1708        180          0          0          0      15529   stm32f10x_tim.o
        34          0          0          0          0       2683   stm32f10x_usart.o
       328         28          0         20          0       2285   system_stm32f10x.o
       288         30          0          4          0      17307   systick.o
        38          4          0          4          0       2874   usart.o
       356         30          0          2          0       2822   volt_adc.o

    ----------------------------------------------------------------------
     19364       1294       3490        248       2576     425512   Object Totals
         0          0         32          0          0          0   (incl. Generated)
        22          0          3          1          0          0   (incl. Padding)

    ----------------------------------------------------------------------

      Code (inc. data)   RO Data    RW Data    ZI Data      Debug   Library Member Name

         8          0          0          0          0         68   __main.o
       312          4         17          0          0         92   __printf_flags_wp.o
        14          0          0          0          0         68   __printf_wp.o
         0          0          0          0          0          0   __rtentry.o
        12          0          0          0          0          0   __rtentry2.o
         6          0          0          0          0          0   __rtentry4.o
        52          8          0          0          0          0   __scatter.o
        26          0          0          0          0          0   __scatter_copy.o
        28          0          0          0          0          0   __scatter_zi.o
        48          6          0          0          0         96   _printf_char_common.o
        36          4          0          0          0         80   _printf_char_file.o
         6          0          0          0          0          0   _printf_d.o
       120         16          0          0          0         92   _printf_dec.o
       178          0          0          0          0         88   _printf_intcommon.o
         0          0          0          0          0          0   _printf_percent.o
         4          0          0          0          0          0   _printf_percent_end.o
        22          0          0          0          0        100   _rserrno.o
        16          0          0          0          0         68   aeabi_memset.o
        18          0          0          0          0         80   exit.o
         8          0          0          0          0         68   ferror.o
         6          0          0          0          0        152   heapauxi.o
         2          0          0          0          0          0   libinit.o
         2          0          0          0          0          0   libinit2.o
         2          0          0          0          0          0   libshutdown.o
         2          0          0          0          0          0   libshutdown2.o
         8          4          0          0         96         68   libspace.o
        72          0          0          0          0         76   llsdiv.o
       238          0          0          0          0        100   lludivv7m.o
        88          0          0          0          0         76   memcmp.o
        24          4          0          0          0         84   noretval__2printf.o
         8          4          0          0          0         68   rt_errno_addr_intlibspace.o
        68          0          0          0          0         68   rt_memclr.o
        78          0          0          0          0         80   rt_memclr_w.o
         2          0          0          0          0          0   rtexit.o
        10          0          0          0          0          0   rtexit2.o
        74          0          0          0          0         80   sys_stackheap_outer.o
         2          0          0          0          0         68   use_no_semi.o
         2          0          0          0          0         68   use_no_semi_2.o
        98          4          0          0          0         92   d2f.o
       826         16          0          0          0        348   daddsub_clz.o
        16          4          0          0          0         68   dcheck1.o
        24          0          0          0          0         68   dcmpi.o
       688        140          0          0          0        208   ddiv.o
        46          0          0          0          0         68   dflt_clz.o
       120          4          0          0          0         92   dleqf.o
       340         12          0          0          0        104   dmul.o
       156          4          0          0          0         92   dnaninf.o
        12          0          0          0          0         68   dretinf.o
       460         56          0          0          0        120   dsqrt_noumaal.o
        86          4          0          0          0         84   f2d.o
       430          8          0          0          0        168   faddsub_clz.o
        24          0          0          0          0         68   fcmpi.o
       388         76          0          0          0         96   fdiv.o
       104          4          0          0          0         84   feqf.o
        54          4          0          0          0         84   ffix.o
        62          4          0          0          0         84   ffixu.o
        86          0          0          0          0        136   fflt_clz.o
       104          4          0          0          0         84   fleqf.o
       258          4          0          0          0         84   fmul.o
       140          4          0          0          0         84   fnaninf.o
        10          0          0          0          0         68   fretinf.o
        98          0          0          0          0         68   frleqf.o
       100          0          0          0          0         68   retnan.o
        92          0          0          0          0         68   scalbn.o
        48          0          0          0          0         68   trapv.o
         0          0          0          0          0          0   usenofp.o
       624         52         80          0          0        168   asin.o
       544         70        152          0          0        124   atan.o
       384         38          0          0          0        144   atan2.o
        38          6          0          0          0        272   dunder.o
        40          0          0          0          0         68   fpclassify.o
       170          0          0          0          0         96   poly.o
         0          0          8          0          0          0   qnan.o
        76          0          0          0          0         84   sqrt.o

    ----------------------------------------------------------------------
      8376        568        258          0         96       5568   Library Totals
        28          0          1          0          0          0   (incl. Padding)

    ----------------------------------------------------------------------

      Code (inc. data)   RO Data    RW Data    ZI Data      Debug   Library Name

      1602         50         17          0         96       1888   c_w.l
      4870        352          0          0          0       2724   fz_ws.l
      1876        166        240          0          0        956   m_ws.l

    ----------------------------------------------------------------------
      8376        568        258          0         96       5568   Library Totals

    ----------------------------------------------------------------------

==============================================================================


      Code (inc. data)   RO Data    RW Data    ZI Data      Debug   

     27740       1862       3748        248       2672     419480   Grand Totals
     27740       1862       3748        248       2672     419480   ELF Image Totals
     27740       1862       3748        248          0          0   ROM Totals

==============================================================================

    Total RO  Size (Code + RO Data)                31488 (  30.75kB)
    Total RW  Size (RW Data + ZI Data)              2920 (   2.85kB)
    Total ROM Size (Code + RO Data + RW Data)      31736 (  30.99kB)

==============================================================================

