Component: ARM Compiler 5.06 update 6 (build 750) Tool: armlink [4d35ed]

==============================================================================

Section Cross References

    main.o(i.displayGUI) refers to oled.o(i.OLED_ClearDisplay) for OLED_ClearDisplay
    main.o(i.displayGUI) refers to oled.o(i.SetCursor) for SetCursor
    main.o(i.displayGUI) refers to oled.o(i.OLED_PrintChar) for OLED_PrintChar
    main.o(i.displayGUI) refers to oled.o(i.OLED_DrawFastVLine) for OLED_DrawFastVLine
    main.o(i.displayGUI) refers to oled.o(i.OLED_PrintFloat) for OLED_PrintFloat
    main.o(i.displayGUI) refers to oled.o(i.OLED_DrawFastHLine) for OLED_DrawFastHLine
    main.o(i.displayGUI) refers to oled.o(i.OLED_DrawBitmap) for OLED_DrawBitmap
    main.o(i.displayGUI) refers to oled.o(i.FillRect2) for FillRect2
    main.o(i.displayGUI) refers to adc.o(i.Get_BattVolt) for Get_BattVolt
    main.o(i.displayGUI) refers to stm32f10x_gpio.o(i.GPIO_ReadInputDataBit) for GPIO_ReadInputDataBit
    main.o(i.displayGUI) refers to oled.o(i.OLED_Refresh_Gram) for OLED_Refresh_Gram
    main.o(i.displayGUI) refers to main.o(.data) for rx_data
    main.o(i.displayGUI) refers to main.o(.constdata) for logo
    main.o(i.getCarTempVolt) refers to si24r1.o(i.SI24R1_TxPacket) for SI24R1_TxPacket
    main.o(i.getCarTempVolt) refers to si24r1.o(i.SI24R1_RxMode) for SI24R1_RxMode
    main.o(i.getCarTempVolt) refers to systick.o(i.Delay_ms) for Delay_ms
    main.o(i.getCarTempVolt) refers to si24r1.o(i.SI24R1_RxPacket) for SI24R1_RxPacket
    main.o(i.getCarTempVolt) refers to si24r1.o(i.SI24R1_TxMode) for SI24R1_TxMode
    main.o(i.getCarTempVolt) refers to main.o(.data) for time2rx
    main.o(i.getJoyStickData) refers to adc.o(i.Get_JoystickY) for Get_JoystickY
    main.o(i.getJoyStickData) refers to adc.o(i.Get_JoystickX) for Get_JoystickX
    main.o(i.getJoyStickData) refers to main.o(.data) for tx_data
    main.o(i.main) refers to hardware.o(i.Hardware_Init) for Hardware_Init
    main.o(i.main) refers to buzzer.o(i.Play_Beep) for Play_Beep
    main.o(i.main) refers to si24r1.o(i.SI24R1_TxMode) for SI24R1_TxMode
    main.o(i.main) refers to systick.o(i.Delay_ms) for Delay_ms
    main.o(i.main) refers to main.o(i.getJoyStickData) for getJoyStickData
    main.o(i.main) refers to main.o(i.sendData2Car) for sendData2Car
    main.o(i.main) refers to main.o(i.getCarTempVolt) for getCarTempVolt
    main.o(i.main) refers to main.o(i.displayGUI) for displayGUI
    main.o(i.sendData2Car) refers to si24r1.o(i.SI24R1_TxPacket) for SI24R1_TxPacket
    main.o(i.sendData2Car) refers to main.o(.data) for tx_data
    stm32f10x_it.o(i.EXTI15_10_IRQHandler) refers to stm32f10x_exti.o(i.EXTI_ClearITPendingBit) for EXTI_ClearITPendingBit
    stm32f10x_it.o(i.EXTI3_IRQHandler) refers to stm32f10x_exti.o(i.EXTI_ClearITPendingBit) for EXTI_ClearITPendingBit
    stm32f10x_it.o(i.EXTI4_IRQHandler) refers to stm32f10x_exti.o(i.EXTI_ClearITPendingBit) for EXTI_ClearITPendingBit
    stm32f10x_it.o(i.SysTick_Handler) refers to systick.o(.data) for TimingDelay
    snake.o(i.Check_ButtonsState) refers to adc.o(i.Get_JoystickX) for Get_JoystickX
    snake.o(i.Check_ButtonsState) refers to adc.o(i.Get_JoystickY) for Get_JoystickY
    snake.o(i.Snake_Play) refers to snake.o(i.Snake_Init) for Snake_Init
    snake.o(i.debounceButtons) refers to snake.o(i.Check_ButtonsState) for Check_ButtonsState
    snake.o(i.debounceButtons) refers to systick.o(i.Delay_ms) for Delay_ms
    inv_mpu.o(i.accel_self_test) refers to inv_mpu.o(i.get_accel_prod_shift) for get_accel_prod_shift
    inv_mpu.o(i.accel_self_test) refers to fflt_clz.o(x$fpl$fflt) for __aeabi_i2f
    inv_mpu.o(i.accel_self_test) refers to fdiv.o(x$fpl$fdiv) for __aeabi_fdiv
    inv_mpu.o(i.accel_self_test) refers to feqf.o(x$fpl$feqf) for __aeabi_cfcmpeq
    inv_mpu.o(i.accel_self_test) refers to faddsub_clz.o(x$fpl$fsub) for __aeabi_fsub
    inv_mpu.o(i.accel_self_test) refers to frleqf.o(x$fpl$frleqf) for __aeabi_cfrcmple
    inv_mpu.o(i.accel_self_test) refers to fleqf.o(x$fpl$fleqf) for __aeabi_cfcmple
    inv_mpu.o(i.accel_self_test) refers to inv_mpu.o(.constdata) for test
    inv_mpu.o(i.get_accel_prod_shift) refers to mpu6050.o(i.MPU_Read_Len) for MPU_Read_Len
    inv_mpu.o(i.get_accel_prod_shift) refers to fmul.o(x$fpl$fmul) for __aeabi_fmul
    inv_mpu.o(i.get_accel_prod_shift) refers to inv_mpu.o(.data) for st
    inv_mpu.o(i.get_st_biases) refers to mpu6050.o(i.MPU_Write_Len) for MPU_Write_Len
    inv_mpu.o(i.get_st_biases) refers to systick.o(i.Delay_ms) for Delay_ms
    inv_mpu.o(i.get_st_biases) refers to mpu6050.o(i.MPU_Read_Len) for MPU_Read_Len
    inv_mpu.o(i.get_st_biases) refers to llsdiv.o(.text) for __aeabi_ldivmod
    inv_mpu.o(i.get_st_biases) refers to inv_mpu.o(.data) for st
    inv_mpu.o(i.get_st_biases) refers to inv_mpu.o(.constdata) for test
    inv_mpu.o(i.gyro_self_test) refers to mpu6050.o(i.MPU_Read_Len) for MPU_Read_Len
[...]
    i.mpu_get_gyro_fsr                       0x08004b4c   Section        0  inv_mpu.o(i.mpu_get_gyro_fsr)
    i.mpu_get_lpf                            0x08004b90   Section        0  inv_mpu.o(i.mpu_get_lpf)
    i.mpu_get_sample_rate                    0x08004be0   Section        0  inv_mpu.o(i.mpu_get_sample_rate)
    i.mpu_init                               0x08004c00   Section        0  inv_mpu.o(i.mpu_init)
    i.mpu_load_firmware                      0x08004df0   Section        0  inv_mpu.o(i.mpu_load_firmware)
    i.mpu_lp_accel_mode                      0x08004ea8   Section        0  inv_mpu.o(i.mpu_lp_accel_mode)
    i.mpu_read_mem                           0x08004f88   Section        0  inv_mpu.o(i.mpu_read_mem)
    i.mpu_reset_fifo                         0x08005008   Section        0  inv_mpu.o(i.mpu_reset_fifo)
    i.mpu_run_self_test                      0x080051d0   Section        0  inv_mpu.o(i.mpu_run_self_test)
    i.mpu_set_accel_fsr                      0x080052ec   Section        0  inv_mpu.o(i.mpu_set_accel_fsr)
    i.mpu_set_bypass                         0x08005370   Section        0  inv_mpu.o(i.mpu_set_bypass)
    i.mpu_set_dmp_state                      0x080054bc   Section        0  inv_mpu.o(i.mpu_set_dmp_state)
    i.mpu_set_gyro_fsr                       0x0800554c   Section        0  inv_mpu.o(i.mpu_set_gyro_fsr)
    i.mpu_set_int_latched                    0x080055d4   Section        0  inv_mpu.o(i.mpu_set_int_latched)
    i.mpu_set_lpf                            0x08005640   Section        0  inv_mpu.o(i.mpu_set_lpf)
    i.mpu_set_sample_rate                    0x080056c4   Section        0  inv_mpu.o(i.mpu_set_sample_rate)
    i.mpu_set_sensors                        0x08005760   Section        0  inv_mpu.o(i.mpu_set_sensors)
    i.mpu_write_mem                          0x08005830   Section        0  inv_mpu.o(i.mpu_write_mem)
    i.myADC_Init                             0x080058b0   Section        0  adc.o(i.myADC_Init)
    i.run_self_test                          0x080058bc   Section        0  inv_mpu.o(i.run_self_test)
    i.sendData2Car                           0x08005914   Section        0  main.o(i.sendData2Car)
    i.set_int_enable                         0x0800597c   Section        0  inv_mpu.o(i.set_int_enable)
    set_int_enable                           0x0800597d   Thumb Code   138  inv_mpu.o(i.set_int_enable)
    locale$$code                             0x08005a0c   Section       44  lc_numeric_c.o(locale$$code)
    x$fpl$d2f                                0x08005a38   Section       98  d2f.o(x$fpl$d2f)
    x$fpl$dmul                               0x08005a9c   Section      340  dmul.o(x$fpl$dmul)
    x$fpl$dnaninf                            0x08005bf0   Section      156  dnaninf.o(x$fpl$dnaninf)
    x$fpl$dretinf                            0x08005c8c   Section       12  dretinf.o(x$fpl$dretinf)
    x$fpl$f2d                                0x08005c98   Section       86  f2d.o(x$fpl$f2d)
    x$fpl$fadd                               0x08005cf0   Section      196  faddsub_clz.o(x$fpl$fadd)
    _fadd1                                   0x08005cff   Thumb Code     0  faddsub_clz.o(x$fpl$fadd)
    x$fpl$fcmpinf                            0x08005db4   Section       24  fcmpi.o(x$fpl$fcmpinf)
    x$fpl$fdiv                               0x08005dcc   Section      388  fdiv.o(x$fpl$fdiv)
    _fdiv1                                   0x08005dcd   Thumb Code     0  fdiv.o(x$fpl$fdiv)
    x$fpl$feqf                               0x08005f50   Section      104  feqf.o(x$fpl$feqf)
    x$fpl$ffixu                              0x08005fb8   Section       62  ffixu.o(x$fpl$ffixu)
    x$fpl$fflt                               0x08005ff8   Section       48  fflt_clz.o(x$fpl$fflt)
    x$fpl$ffltu                              0x08006028   Section       38  fflt_clz.o(x$fpl$ffltu)
    x$fpl$fleqf                              0x08006050   Section      104  fleqf.o(x$fpl$fleqf)
    x$fpl$fmul                               0x080060b8   Section      258  fmul.o(x$fpl$fmul)
    x$fpl$fnaninf                            0x080061ba   Section      140  fnaninf.o(x$fpl$fnaninf)
    x$fpl$fretinf                            0x08006246   Section       10  fretinf.o(x$fpl$fretinf)
    x$fpl$frleqf                             0x08006250   Section       98  frleqf.o(x$fpl$frleqf)
    x$fpl$fsub                               0x080062b4   Section      234  faddsub_clz.o(x$fpl$fsub)
    _fsub1                                   0x080062c3   Thumb Code     0  faddsub_clz.o(x$fpl$fsub)
    x$fpl$printf1                            0x0800639e   Section        4  printf1.o(x$fpl$printf1)
    .constdata                               0x080063a2   Section      235  main.o(.constdata)
    x$fpl$usenofp                            0x080063a2   Section        0  usenofp.o(x$fpl$usenofp)
    .constdata                               0x08006490   Section       80  inv_mpu.o(.constdata)
    .constdata                               0x080064e0   Section     3062  inv_mpu_dmp_motion_driver.o(.constdata)
    dmp_memory                               0x080064e0   Data        3062  inv_mpu_dmp_motion_driver.o(.constdata)
    .constdata                               0x080070d6   Section       44  buzzer.o(.constdata)
    .constdata                               0x08007104   Section     7952  oled.o(.constdata)
    imgFont                                  0x08008f14   Data         256  oled.o(.constdata)
    .constdata                               0x08009014   Section       17  __printf_flags_wp.o(.constdata)
    maptable                                 0x08009014   Data          17  __printf_flags_wp.o(.constdata)
    .constdata                               0x08009028   Section      148  bigflt0.o(.constdata)
    tenpwrs_x                                0x08009028   Data          60  bigflt0.o(.constdata)
    tenpwrs_i                                0x08009064   Data          64  bigflt0.o(.constdata)
    .conststring                             0x080090bc   Section       77  inv_mpu.o(.conststring)
    locale$$data                             0x0800912c   Section       28  lc_numeric_c.o(locale$$data)
    __lcnum_c_name                           0x08009130   Data           2  lc_numeric_c.o(locale$$data)
    __lcnum_c_start                          0x08009138   Data           0  lc_numeric_c.o(locale$$data)
    __lcnum_c_point                          0x08009144   Data           0  lc_numeric_c.o(locale$$data)
    __lcnum_c_thousands                      0x08009146   Data           0  lc_numeric_c.o(locale$$data)
    __lcnum_c_grouping                       0x08009147   Data           0  lc_numeric_c.o(locale$$data)
    __lcnum_c_end                            0x08009148   Data           0  lc_numeric_c.o(locale$$data)
    .data                                    0x20000000   Section       18  main.o(.data)
    .data                                    0x20000014   Section       53  inv_mpu.o(.data)
    st                                       0x20000014   Data          44  inv_mpu.o(.data)
    gyro_orientation                         0x20000040   Data           9  inv_mpu.o(.data)
    .data                                    0x2000004c   Section       14  oled.o(.data)
    x                                        0x20000058   Data           1  oled.o(.data)
    y                                        0x20000059   Data           1  oled.o(.data)
    .data                                    0x2000005a   Section       10  si24r1.o(.data)
    .data                                    0x20000064   Section       16  hardware.o(.data)
    .data                                    0x20000074   Section        4  systick.o(.data)
    .data                                    0x20000078   Section       20  system_stm32f10x.o(.data)
    .bss                                     0x2000008c   Section       16  inv_mpu_dmp_motion_driver.o(.bss)
    dmp                                      0x2000008c   Data          16  inv_mpu_dmp_motion_driver.o(.bss)
    .bss                                     0x2000009c   Section     1024  oled.o(.bss)
    .bss                                     0x2000049c   Section       60  adc.o(.bss)
    .bss                                     0x200004d8   Section       96  libspace.o(.bss)
    HEAP                                     0x20000538   Section     2048  startup_stm32f10x_md.o(HEAP)
    Heap_Mem                                 0x20000538   Data        2048  startup_stm32f10x_md.o(HEAP)
    STACK                                    0x20000d38   Section     2048  startup_stm32f10x_md.o(STACK)
    Stack_Mem                                0x20000d38   Data        2048  startup_stm32f10x_md.o(STACK)
    __initial_sp                             0x20001538   Data           0  startup_stm32f10x_md.o(STACK)

    Global Symbols

    Symbol Name                              Value     Ov Type        Size  Object(Section)

    BuildAttributes$$THM_ISAv4$P$D$K$B$S$PE$A:L22UL41UL21$X:L11$S22US41US21$IEEE1$IW$USESV6$~STKCKD$USESV7$~SHL$OTIME$ROPI$IEEEX$EBA8$UX$STANDARDLIB$REQ8$PRES8$EABIv2 0x00000000   Number         0  anon$$obj.o ABSOLUTE
    __ARM_use_no_argv                        0x00000000   Number         0  main.o ABSOLUTE
    _printf_flags                            0x00000000   Number         0  printf_stubs.o ABSOLUTE
    _printf_return_value                     0x00000000   Number         0  printf_stubs.o ABSOLUTE
    _printf_sizespec                         0x00000000   Number         0  printf_stubs.o ABSOLUTE
    _printf_widthprec                        0x00000000   Number         0  printf_stubs.o ABSOLUTE
    __ARM_exceptions_init                     - Undefined Weak Reference
    __alloca_initialize                       - Undefined Weak Reference
    __arm_preinit_                            - Undefined Weak Reference
    __cpp_initialize__aeabi_                  - Undefined Weak Reference
    __cxa_finalize                            - Undefined Weak Reference
    __sigvec_lookup                           - Undefined Weak Reference
    _atexit_init                              - Undefined Weak Reference
    _call_atexit_fns                          - Undefined Weak Reference
    _clock_init                               - Undefined Weak Reference
    _fp_trap_init                             - Undefined Weak Reference
    _fp_trap_shutdown                         - Undefined Weak Reference
    _get_lc_collate                           - Undefined Weak Reference
    _get_lc_ctype                             - Undefined Weak Reference
    _get_lc_monetary                          - Undefined Weak Reference
    _get_lc_time                              - Undefined Weak Reference
    _getenv_init                              - Undefined Weak Reference
    _handle_redirection                       - Undefined Weak Reference
    _init_alloc                               - Undefined Weak Reference
    _init_user_alloc                          - Undefined Weak Reference
    _initio                                   - Undefined Weak Reference
    _mutex_acquire                            - Undefined Weak Reference
    _mutex_release                            - Undefined Weak Reference
    _printf_truncate_signed                   - Undefined Weak Reference
    _printf_truncate_unsigned                 - Undefined Weak Reference
    _rand_init                                - Undefined Weak Reference
    _signal_finish                            - Undefined Weak Reference
    _signal_init                              - Undefined Weak Reference
    _terminate_alloc                          - Undefined Weak Reference
    _terminate_user_alloc                     - Undefined Weak Reference
    _terminateio                              - Undefined Weak Reference
    __Vectors_Size                           0x000000ec   Number         0  startup_stm32f10x_md.o ABSOLUTE
    __Vectors                                0x08000000   Data           4  startup_stm32f10x_md.o(RESET)
    __Vectors_End                            0x080000ec   Data           0  startup_stm32f10x_md.o(RESET)
    __main                                   0x080000ed   Thumb Code     8  __main.o(!!!main)
    __scatterload                            0x080000f5   Thumb Code     0  __scatter.o(!!!scatter)
    __scatterload_rt2                        0x080000f5   Thumb Code    44  __scatter.o(!!!scatter)
    __scatterload_rt2_thumb_only             0x080000f5   Thumb Code     0  __scatter.o(!!!scatter)
    __scatterload_null                       0x08000103   Thumb Code     0  __scatter.o(!!!scatter)
    __scatterload_copy                       0x08000129   Thumb Code    26  __scatter_copy.o(!!handler_copy)
    __scatterload_zeroinit                   0x08000145   Thumb Code    28  __scatter_zi.o(!!handler_zi)
    _printf_f                                0x08000161   Thumb Code     0  _printf_f.o(.ARM.Collect$$_printf_percent$$00000003)
    _printf_percent                          0x08000161   Thumb Code     0  _printf_percent.o(.ARM.Collect$$_printf_percent$$00000000)
    _printf_d                                0x08000167   Thumb Code     0  _printf_d.o(.ARM.Collect$$_printf_percent$$00000009)
    _printf_percent_end                      0x0800016d   Thumb Code     0  _printf_percent_end.o(.ARM.Collect$$_printf_percent$$00000017)
    __rt_lib_init                            0x08000171   Thumb Code     0  libinit.o(.ARM.Collect$$libinit$$00000000)
    __rt_lib_init_fp_1                       0x08000173   Thumb Code     0  libinit2.o(.ARM.Collect$$libinit$$00000002)
    __rt_lib_init_heap_1                     0x08000173   Thumb Code     0  libinit2.o(.ARM.Collect$$libinit$$0000000A)
    __rt_lib_init_lc_common                  0x08000173   Thumb Code     0  libinit2.o(.ARM.Collect$$libinit$$0000000F)
    __rt_lib_init_preinit_1                  0x08000173   Thumb Code     0  libinit2.o(.ARM.Collect$$libinit$$00000004)
    __rt_lib_init_rand_1                     0x08000173   Thumb Code     0  libinit2.o(.ARM.Collect$$libinit$$0000000E)
    __rt_lib_init_user_alloc_1               0x08000173   Thumb Code     0  libinit2.o(.ARM.Collect$$libinit$$0000000C)
    __rt_lib_init_lc_collate_1               0x08000179   Thumb Code     0  libinit2.o(.ARM.Collect$$libinit$$00000011)
    __rt_lib_init_lc_ctype_1                 0x08000179   Thumb Code     0  libinit2.o(.ARM.Collect$$libinit$$00000013)
    __rt_lib_init_lc_monetary_1              0x08000179   Thumb Code     0  libinit2.o(.ARM.Collect$$libinit$$00000015)
    __rt_lib_init_lc_numeric_2               0x08000179   Thumb Code     0  libinit2.o(.ARM.Collect$$libinit$$00000016)
    __rt_lib_init_alloca_1                   0x08000183   Thumb Code     0  libinit2.o(.ARM.Collect$$libinit$$0000002E)
    __rt_lib_init_argv_1                     0x08000183   Thumb Code     0  libinit2.o(.ARM.Collect$$libinit$$0000002C)
    __rt_lib_init_atexit_1                   0x08000183   Thumb Code     0  libinit2.o(.ARM.Collect$$libinit$$0000001B)
    __rt_lib_init_clock_1                    0x08000183   Thumb Code     0  libinit2.o(.ARM.Collect$$libinit$$00000021)
    __rt_lib_init_cpp_1                      0x08000183   Thumb Code     0  libinit2.o(.ARM.Collect$$libinit$$00000032)
    __rt_lib_init_exceptions_1               0x08000183   Thumb Code     0  libinit2.o(.ARM.Collect$$libinit$$00000030)
    __rt_lib_init_fp_trap_1                  0x08000183   Thumb Code     0  libinit2.o(.ARM.Collect$$libinit$$0000001F)
    __rt_lib_init_getenv_1                   0x08000183   Thumb Code     0  libinit2.o(.ARM.Collect$$libinit$$00000023)
    __rt_lib_init_lc_numeric_1               0x08000183   Thumb Code     0  libinit2.o(.ARM.Collect$$libinit$$00000017)
    __rt_lib_init_lc_time_1                  0x08000183   Thumb Code     0  libinit2.o(.ARM.Collect$$libinit$$00000019)
    __rt_lib_init_return                     0x08000183   Thumb Code     0  libinit2.o(.ARM.Collect$$libinit$$00000033)
    __rt_lib_init_signal_1                   0x08000183   Thumb Code     0  libinit2.o(.ARM.Collect$$libinit$$0000001D)
    __rt_lib_init_stdio_1                    0x08000183   Thumb Code     0  libinit2.o(.ARM.Collect$$libinit$$00000025)
    __rt_lib_shutdown                        0x08000185   Thumb Code     0  libshutdown.o(.ARM.Collect$$libshutdown$$00000000)
    __rt_lib_shutdown_cpp_1                  0x08000187   Thumb Code     0  libshutdown2.o(.ARM.Collect$$libshutdown$$00000002)
    __rt_lib_shutdown_fp_trap_1              0x08000187   Thumb Code     0  libshutdown2.o(.ARM.Collect$$libshutdown$$00000007)
    __rt_lib_shutdown_heap_1                 0x08000187   Thumb Code     0  libshutdown2.o(.ARM.Collect$$libshutdown$$0000000F)
    __rt_lib_shutdown_return                 0x08000187   Thumb Code     0  libshutdown2.o(.ARM.Collect$$libshutdown$$00000010)
    __rt_lib_shutdown_signal_1               0x08000187   Thumb Code     0  libshutdown2.o(.ARM.Collect$$libshutdown$$0000000A)
    __rt_lib_shutdown_stdio_1                0x08000187   Thumb Code     0  libshutdown2.o(.ARM.Collect$$libshutdown$$00000004)
    __rt_lib_shutdown_user_alloc_1           0x08000187   Thumb Code     0  libshutdown2.o(.ARM.Collect$$libshutdown$$0000000C)
    __rt_entry                               0x08000189   Thumb Code     0  __rtentry.o(.ARM.Collect$$rtentry$$00000000)
    __rt_entry_presh_1                       0x08000189   Thumb Code     0  __rtentry2.o(.ARM.Collect$$rtentry$$00000002)
    __rt_entry_sh                            0x08000189   Thumb Code     0  __rtentry4.o(.ARM.Collect$$rtentry$$00000004)
    __rt_entry_li                            0x0800018f   Thumb Code     0  __rtentry2.o(.ARM.Collect$$rtentry$$0000000A)
    __rt_entry_postsh_1                      0x0800018f   Thumb Code     0  __rtentry2.o(.ARM.Collect$$rtentry$$00000009)
    __rt_entry_main                          0x08000193   Thumb Code     0  __rtentry2.o(.ARM.Collect$$rtentry$$0000000D)
    __rt_entry_postli_1                      0x08000193   Thumb Code     0  __rtentry2.o(.ARM.Collect$$rtentry$$0000000C)
    __rt_exit                                0x0800019b   Thumb Code     0  rtexit.o(.ARM.Collect$$rtexit$$00000000)
    __rt_exit_ls                             0x0800019d   Thumb Code     0  rtexit2.o(.ARM.Collect$$rtexit$$00000003)
    __rt_exit_prels_1                        0x0800019d   Thumb Code     0  rtexit2.o(.ARM.Collect$$rtexit$$00000002)
    __rt_exit_exit                           0x080001a1   Thumb Code     0  rtexit2.o(.ARM.Collect$$rtexit$$00000004)
    Reset_Handler                            0x080001a9   Thumb Code     8  startup_stm32f10x_md.o(.text)
    NMI_Handler                              0x080001b1   Thumb Code     2  startup_stm32f10x_md.o(.text)
    HardFault_Handler                        0x080001b3   Thumb Code     2  startup_stm32f10x_md.o(.text)
    MemManage_Handler                        0x080001b5   Thumb Code     2  startup_stm32f10x_md.o(.text)
    BusFault_Handler                         0x080001b7   Thumb Code     2  startup_stm32f10x_md.o(.text)
    UsageFault_Handler                       0x080001b9   Thumb Code     2  startup_stm32f10x_md.o(.text)
    SVC_Handler                              0x080001bb   Thumb Code     2  startup_stm32f10x_md.o(.text)
    DebugMon_Handler                         0x080001bd   Thumb Code     2  startup_stm32f10x_md.o(.text)
    PendSV_Handler                           0x080001bf   Thumb Code     2  startup_stm32f10x_md.o(.text)
    ADC1_2_IRQHandler                        0x080001c3   Thumb Code     0  startup_stm32f10x_md.o(.text)
    CAN1_RX1_IRQHandler                      0x080001c3   Thumb Code     0  startup_stm32f10x_md.o(.text)
    CAN1_SCE_IRQHandler                      0x080001c3   Thumb Code     0  startup_stm32f10x_md.o(.text)
    DMA1_Channel1_IRQHandler                 0x080001c3   Thumb Code     0  startup_stm32f10x_md.o(.text)
    DMA1_Channel2_IRQHandler                 0x080001c3   Thumb Code     0  startup_stm32f10x_md.o(.text)
    DMA1_Channel3_IRQHandler                 0x080001c3   Thumb Code     0  startup_stm32f10x_md.o(.text)
    DMA1_Channel4_IRQHandler                 0x080001c3   Thumb Code     0  startup_stm32f10x_md.o(.text)
    DMA1_Channel5_IRQHandler                 0x080001c3   Thumb Code     0  startup_stm32f10x_md.o(.text)
    DMA1_Channel6_IRQHandler                 0x080001c3   Thumb Code     0  startup_stm32f10x_md.o(.text)
    DMA1_Channel7_IRQHandler                 0x080001c3   Thumb Code     0  startup_stm32f10x_md.o(.text)
    EXTI0_IRQHandler                         0x080001c3   Thumb Code     0  startup_stm32f10x_md.o(.text)
    EXTI1_IRQHandler                         0x080001c3   Thumb Code     0  startup_stm32f10x_md.o(.text)
    EXTI2_IRQHandler                         0x080001c3   Thumb Code     0  startup_stm32f10x_md.o(.text)
    EXTI9_5_IRQHandler                       0x080001c3   Thumb Code     0  startup_stm32f10x_md.o(.text)
    FLASH_IRQHandler                         0x080001c3   Thumb Code     0  startup_stm32f10x_md.o(.text)
    I2C1_ER_IRQHandler                       0x080001c3   Thumb Code     0  startup_stm32f10x_md.o(.text)
    I2C1_EV_IRQHandler                       0x080001c3   Thumb Code     0  startup_stm32f10x_md.o(.text)
    I2C2_ER_IRQHandler                       0x080001c3   Thumb Code     0  startup_stm32f10x_md.o(.text)
    I2C2_EV_IRQHandler                       0x080001c3   Thumb Code     0  startup_stm32f10x_md.o(.text)
    PVD_IRQHandler                           0x080001c3   Thumb Code     0  startup_stm32f10x_md.o(.text)
    RCC_IRQHandler                           0x080001c3   Thumb Code     0  startup_stm32f10x_md.o(.text)
    RTCAlarm_IRQHandler                      0x080001c3   Thumb Code     0  startup_stm32f10x_md.o(.text)
    RTC_IRQHandler                           0x080001c3   Thumb Code     0  startup_stm32f10x_md.o(.text)
    SPI1_IRQHandler                          0x080001c3   Thumb Code     0  startup_stm32f10x_md.o(.text)
    SPI2_IRQHandler                          0x080001c3   Thumb Code     0  startup_stm32f10x_md.o(.text)
    TAMPER_IRQHandler                        0x080001c3   Thumb Code     0  startup_stm32f10x_md.o(.text)
    TIM1_BRK_IRQHandler                      0x080001c3   Thumb Code     0  startup_stm32f10x_md.o(.text)
    TIM1_CC_IRQHandler                       0x080001c3   Thumb Code     0  startup_stm32f10x_md.o(.text)
    TIM1_TRG_COM_IRQHandler                  0x080001c3   Thumb Code     0  startup_stm32f10x_md.o(.text)
    TIM1_UP_IRQHandler                       0x080001c3   Thumb Code     0  startup_stm32f10x_md.o(.text)
    TIM2_IRQHandler                          0x080001c3   Thumb Code     0  startup_stm32f10x_md.o(.text)
    TIM3_IRQHandler                          0x080001c3   Thumb Code     0  startup_stm32f10x_md.o(.text)
    TIM4_IRQHandler                          0x080001c3   Thumb Code     0  startup_stm32f10x_md.o(.text)
    USART1_IRQHandler                        0x080001c3   Thumb Code     0  startup_stm32f10x_md.o(.text)
    USART2_IRQHandler                        0x080001c3   Thumb Code     0  startup_stm32f10x_md.o(.text)
    USART3_IRQHandler                        0x080001c3   Thumb Code     0  startup_stm32f10x_md.o(.text)
    USBWakeUp_IRQHandler                     0x080001c3   Thumb Code     0  startup_stm32f10x_md.o(.text)
    USB_HP_CAN1_TX_IRQHandler                0x080001c3   Thumb Code     0  startup_stm32f10x_md.o(.text)
    USB_LP_CAN1_RX0_IRQHandler               0x080001c3   Thumb Code     0  startup_stm32f10x_md.o(.text)
    WWDG_IRQHandler                          0x080001c3   Thumb Code     0  startup_stm32f10x_md.o(.text)
    __user_initial_stackheap                 0x080001c5   Thumb Code     0  startup_stm32f10x_md.o(.text)
    __use_no_semihosting                     0x080001e9   Thumb Code     2  use_no_semi_2.o(.text)
    __aeabi_ldivmod                          0x080001eb   Thumb Code     0  llsdiv.o(.text)
    _ll_sdiv                                 0x080001eb   Thumb Code    72  llsdiv.o(.text)
    __2printf                                0x08000235   Thumb Code    20  noretval__2printf.o(.text)
    __2sprintf                               0x0800024d   Thumb Code    34  noretval__2sprintf.o(.text)
    _printf_int_dec                          0x08000275   Thumb Code   104  _printf_dec.o(.text)
    __printf                                 0x080002ed   Thumb Code   308  __printf_flags_wp.o(.text)
    memcmp                                   0x08000425   Thumb Code    88  memcmp.o(.text)
    __aeabi_memset                           0x0800047d   Thumb Code    16  aeabi_memset.o(.text)
    __use_two_region_memory                  0x0800048d   Thumb Code     2  heapauxi.o(.text)
    __rt_heap_escrow$2region                 0x0800048f   Thumb Code     2  heapauxi.o(.text)
    __rt_heap_expand$2region                 0x08000491   Thumb Code     2  heapauxi.o(.text)
    __I$use$semihosting                      0x08000493   Thumb Code     0  use_no_semi.o(.text)
    __use_no_semihosting_swi                 0x08000493   Thumb Code     2  use_no_semi.o(.text)
    __aeabi_uldivmod                         0x08000495   Thumb Code     0  lludivv7m.o(.text)
    _ll_udiv                                 0x08000495   Thumb Code   238  lludivv7m.o(.text)
    _printf_int_common                       0x08000583   Thumb Code   178  _printf_intcommon.o(.text)
    __lib_sel_fp_printf                      0x08000635   Thumb Code     2  _printf_fp_dec.o(.text)
    _printf_fp_dec_real                      0x080007e7   Thumb Code   620  _printf_fp_dec.o(.text)
    _printf_char_common                      0x08000a5f   Thumb Code    32  _printf_char_common.o(.text)
    _sputc                                   0x08000a85   Thumb Code    10  _sputc.o(.text)
    _printf_char_file                        0x08000a91   Thumb Code    32  _printf_char_file.o(.text)
    __aeabi_memclr                           0x08000ab5   Thumb Code     0  rt_memclr.o(.text)
    __rt_memclr                              0x08000ab5   Thumb Code    68  rt_memclr.o(.text)
    _memset                                  0x08000ab9   Thumb Code     0  rt_memclr.o(.text)
    __rt_locale                              0x08000af9   Thumb Code     8  rt_locale_intlibspace.o(.text)
    _ll_udiv10                               0x08000b01   Thumb Code   138  lludiv10.o(.text)
    _printf_fp_infnan                        0x08000b8d   Thumb Code   112  _printf_fp_infnan.o(.text)
    _btod_etento                             0x08000c0d   Thumb Code   224  bigflt0.o(.text)
    ferror                                   0x08000cf1   Thumb Code     8  ferror.o(.text)
    __aeabi_memclr4                          0x08000cf9   Thumb Code     0  rt_memclr_w.o(.text)
    __aeabi_memclr8                          0x08000cf9   Thumb Code     0  rt_memclr_w.o(.text)
    __rt_memclr_w                            0x08000cf9   Thumb Code    78  rt_memclr_w.o(.text)
    _memset_w                                0x08000cfd   Thumb Code     0  rt_memclr_w.o(.text)
    __user_libspace                          0x08000d49   Thumb Code     8  libspace.o(.text)
    __user_perproc_libspace                  0x08000d49   Thumb Code     0  libspace.o(.text)
    __user_perthread_libspace                0x08000d49   Thumb Code     0  libspace.o(.text)
    __user_setup_stackheap                   0x08000d51   Thumb Code    74  sys_stackheap_outer.o(.text)
    exit                                     0x08000d9b   Thumb Code    18  exit.o(.text)
    strcmp                                   0x08000dad   Thumb Code   128  strcmpv7m.o(.text)
    _btod_d2e                                0x08000e2d   Thumb Code    62  btod.o(CL$$btod_d2e)
    _d2e_denorm_low                          0x08000e6b   Thumb Code    70  btod.o(CL$$btod_d2e_denorm_low)
    _d2e_norm_op1                            0x08000eb1   Thumb Code    96  btod.o(CL$$btod_d2e_norm_op1)
    __btod_div_common                        0x08000f11   Thumb Code   696  btod.o(CL$$btod_div_common)
    _e2e                                     0x08001249   Thumb Code   220  btod.o(CL$$btod_e2e)
    _btod_ediv                               0x08001325   Thumb Code    42  btod.o(CL$$btod_ediv)
    _btod_emul                               0x0800134f   Thumb Code    42  btod.o(CL$$btod_emul)
    __btod_mult_common                       0x08001379   Thumb Code   580  btod.o(CL$$btod_mult_common)
    ADC1_GPIO_Init                           0x080015bd   Thumb Code    54  adc.o(i.ADC1_GPIO_Init)
    ADC1_Mode_Init                           0x080015fd   Thumb Code   254  adc.o(i.ADC1_Mode_Init)
    ADC_Cmd                                  0x08001709   Thumb Code    22  stm32f10x_adc.o(i.ADC_Cmd)
    ADC_DMACmd                               0x0800171f   Thumb Code    22  stm32f10x_adc.o(i.ADC_DMACmd)
    ADC_GetCalibrationStatus                 0x08001735   Thumb Code    20  stm32f10x_adc.o(i.ADC_GetCalibrationStatus)
    ADC_GetResetCalibrationStatus            0x08001749   Thumb Code    20  stm32f10x_adc.o(i.ADC_GetResetCalibrationStatus)
    ADC_Init                                 0x0800175d   Thumb Code    70  stm32f10x_adc.o(i.ADC_Init)
    ADC_RegularChannelConfig                 0x080017ad   Thumb Code   184  stm32f10x_adc.o(i.ADC_RegularChannelConfig)
    ADC_ResetCalibration                     0x08001865   Thumb Code    10  stm32f10x_adc.o(i.ADC_ResetCalibration)
    ADC_SoftwareStartConvCmd                 0x0800186f   Thumb Code    22  stm32f10x_adc.o(i.ADC_SoftwareStartConvCmd)
    ADC_StartCalibration                     0x08001885   Thumb Code    10  stm32f10x_adc.o(i.ADC_StartCalibration)
    Buzzer_Init                              0x08001891   Thumb Code    42  buzzer.o(i.Buzzer_Init)
    DMA_Cmd                                  0x080018c1   Thumb Code    24  stm32f10x_dma.o(i.DMA_Cmd)
    DMA_DeInit                               0x080018d9   Thumb Code   324  stm32f10x_dma.o(i.DMA_DeInit)
    DMA_Init                                 0x08001a25   Thumb Code    60  stm32f10x_dma.o(i.DMA_Init)
    Delay_ms                                 0x08001a61   Thumb Code    92  systick.o(i.Delay_ms)
    Delay_us                                 0x08001ac5   Thumb Code    90  systick.o(i.Delay_us)
    DrawChar                                 0x08001b2d   Thumb Code   260  oled.o(i.DrawChar)
    EXTI15_10_IRQHandler                     0x08001c35   Thumb Code    20  stm32f10x_it.o(i.EXTI15_10_IRQHandler)
    EXTI3_IRQHandler                         0x08001c49   Thumb Code    10  stm32f10x_it.o(i.EXTI3_IRQHandler)
    EXTI4_IRQHandler                         0x08001c53   Thumb Code    10  stm32f10x_it.o(i.EXTI4_IRQHandler)
    EXTI_ClearITPendingBit                   0x08001c5d   Thumb Code     6  stm32f10x_exti.o(i.EXTI_ClearITPendingBit)
    EXTI_Init                                0x08001c69   Thumb Code   142  stm32f10x_exti.o(i.EXTI_Init)
    FillRect                                 0x08001cfd   Thumb Code    46  oled.o(i.FillRect)
    FillRect2                                0x08001d2b   Thumb Code   130  oled.o(i.FillRect2)
    GPIO_EXTILineConfig                      0x08001dad   Thumb Code    60  stm32f10x_gpio.o(i.GPIO_EXTILineConfig)
    GPIO_Init                                0x08001ded   Thumb Code   278  stm32f10x_gpio.o(i.GPIO_Init)
    GPIO_PinRemapConfig                      0x08001f05   Thumb Code   138  stm32f10x_gpio.o(i.GPIO_PinRemapConfig)
    GPIO_ReadInputDataBit                    0x08001f95   Thumb Code    18  stm32f10x_gpio.o(i.GPIO_ReadInputDataBit)
    GPIO_ResetBits                           0x08001fa7   Thumb Code     4  stm32f10x_gpio.o(i.GPIO_ResetBits)
    GPIO_SetBits                             0x08001fab   Thumb Code     4  stm32f10x_gpio.o(i.GPIO_SetBits)
    Get_BattVolt                             0x08001fb1   Thumb Code    62  adc.o(i.Get_BattVolt)
    Get_JoystickX                            0x08001ff9   Thumb Code     6  adc.o(i.Get_JoystickX)
    Get_JoystickY                            0x08002005   Thumb Code     6  adc.o(i.Get_JoystickY)
    Hardware_Init                            0x08002011   Thumb Code   208  hardware.o(i.Hardware_Init)
    Key_Charge_GPIO_Init                     0x08002161   Thumb Code    68  key_charge.o(i.Key_Charge_GPIO_Init)
    Key_Charge_INT_Init                      0x080021ad   Thumb Code   196  key_charge.o(i.Key_Charge_INT_Init)
    Key_Charge_Init                          0x08002271   Thumb Code    12  key_charge.o(i.Key_Charge_Init)
    LED_Init                                 0x0800227d   Thumb Code    46  led.o(i.LED_Init)
    MPU_IIC_Ack                              0x080022b1   Thumb Code    66  mpuiic.o(i.MPU_IIC_Ack)
    MPU_IIC_Delay                            0x080022fd   Thumb Code    10  mpuiic.o(i.MPU_IIC_Delay)
    MPU_IIC_Init                             0x08002309   Thumb Code    76  mpuiic.o(i.MPU_IIC_Init)
    MPU_IIC_NAck                             0x0800235d   Thumb Code    64  mpuiic.o(i.MPU_IIC_NAck)
    MPU_IIC_Read_Byte                        0x080023a5   Thumb Code    98  mpuiic.o(i.MPU_IIC_Read_Byte)
    MPU_IIC_Send_Byte                        0x08002411   Thumb Code   100  mpuiic.o(i.MPU_IIC_Send_Byte)
    MPU_IIC_Start                            0x0800247d   Thumb Code    66  mpuiic.o(i.MPU_IIC_Start)
    MPU_IIC_Stop                             0x080024c9   Thumb Code    64  mpuiic.o(i.MPU_IIC_Stop)
    MPU_IIC_Wait_Ack                         0x08002511   Thumb Code    92  mpuiic.o(i.MPU_IIC_Wait_Ack)
    MPU_Read_Len                             0x08002575   Thumb Code   116  mpu6050.o(i.MPU_Read_Len)
    MPU_Write_Len                            0x080025e9   Thumb Code    96  mpu6050.o(i.MPU_Write_Len)
    NVIC_Init                                0x08002649   Thumb Code   100  misc.o(i.NVIC_Init)
    NVIC_PriorityGroupConfig                 0x080026b9   Thumb Code    10  misc.o(i.NVIC_PriorityGroupConfig)
    OLED_ClearDisplay                        0x080026cd   Thumb Code    10  oled.o(i.OLED_ClearDisplay)
    OLED_DisplayTurn                         0x080026d7   Thumb Code    36  oled.o(i.OLED_DisplayTurn)
    OLED_DrawBitmap                          0x080026fd   Thumb Code   506  oled.o(i.OLED_DrawBitmap)
    OLED_DrawFastHLine                       0x080028fd   Thumb Code   112  oled.o(i.OLED_DrawFastHLine)
    OLED_DrawFastVLine                       0x0800296d   Thumb Code   112  oled.o(i.OLED_DrawFastVLine)
    OLED_DrawPixel                           0x080029dd   Thumb Code   104  oled.o(i.OLED_DrawPixel)
    OLED_FillScreen                          0x08002a49   Thumb Code    24  oled.o(i.OLED_FillScreen)
    OLED_GPIO_Init                           0x08002a65   Thumb Code   154  oled.o(i.OLED_GPIO_Init)
    OLED_Init                                0x08002b11   Thumb Code   220  oled.o(i.OLED_Init)
    OLED_PrintChar                           0x08002bf1   Thumb Code    26  oled.o(i.OLED_PrintChar)
    OLED_PrintCharEx                         0x08002c0b   Thumb Code    40  oled.o(i.OLED_PrintCharEx)
    OLED_PrintFloat                          0x08002c35   Thumb Code    54  oled.o(i.OLED_PrintFloat)
    OLED_Refresh_Gram                        0x08002c75   Thumb Code    72  oled.o(i.OLED_Refresh_Gram)
    OLED_W_CMD                               0x08002cc1   Thumb Code    90  oled.o(i.OLED_W_CMD)
    OLED_W_DATA                              0x08002d21   Thumb Code    90  oled.o(i.OLED_W_DATA)
    OLED_Write                               0x08002d81   Thumb Code   134  oled.o(i.OLED_Write)
    Play_Beep                                0x08002e1d   Thumb Code    14  buzzer.o(i.Play_Beep)
    Play_Music                               0x08002e35   Thumb Code    76  buzzer.o(i.Play_Music)
    Play_NokiaTune                           0x08002e85   Thumb Code    14  buzzer.o(i.Play_NokiaTune)
    RCC_ADCCLKConfig                         0x08002e9d   Thumb Code    18  stm32f10x_rcc.o(i.RCC_ADCCLKConfig)
    RCC_AHBPeriphClockCmd                    0x08002eb5   Thumb Code    26  stm32f10x_rcc.o(i.RCC_AHBPeriphClockCmd)
    RCC_APB1PeriphClockCmd                   0x08002ed5   Thumb Code    26  stm32f10x_rcc.o(i.RCC_APB1PeriphClockCmd)
    RCC_APB2PeriphClockCmd                   0x08002ef5   Thumb Code    26  stm32f10x_rcc.o(i.RCC_APB2PeriphClockCmd)
    SI24R1_Check                             0x08002f15   Thumb Code    58  si24r1.o(i.SI24R1_Check)
    SI24R1_GPIO_Init                         0x08002f59   Thumb Code   144  si24r1.o(i.SI24R1_GPIO_Init)
    SI24R1_Init                              0x08002ff1   Thumb Code    32  si24r1.o(i.SI24R1_Init)
    SI24R1_Read_Buf                          0x08003015   Thumb Code    64  si24r1.o(i.SI24R1_Read_Buf)
    SI24R1_Read_Reg                          0x08003059   Thumb Code    42  si24r1.o(i.SI24R1_Read_Reg)
    SI24R1_RxMode                            0x08003089   Thumb Code    82  si24r1.o(i.SI24R1_RxMode)
    SI24R1_RxPacket                          0x080030e5   Thumb Code    72  si24r1.o(i.SI24R1_RxPacket)
    SI24R1_SPI_Init                          0x08003131   Thumb Code    94  si24r1.o(i.SI24R1_SPI_Init)
    SI24R1_TxMode                            0x08003195   Thumb Code   100  si24r1.o(i.SI24R1_TxMode)
    SI24R1_TxPacket                          0x08003205   Thumb Code    98  si24r1.o(i.SI24R1_TxPacket)
    SI24R1_Write_Buf                         0x08003271   Thumb Code    62  si24r1.o(i.SI24R1_Write_Buf)
    SI24R1_Write_Reg                         0x080032b5   Thumb Code    44  si24r1.o(i.SI24R1_Write_Reg)
    SPI2_WriteReadByte                       0x080032e5   Thumb Code    50  si24r1.o(i.SPI2_WriteReadByte)
    SPI_Cmd                                  0x0800331d   Thumb Code    24  stm32f10x_spi.o(i.SPI_Cmd)
    SPI_I2S_GetFlagStatus                    0x08003335   Thumb Code    18  stm32f10x_spi.o(i.SPI_I2S_GetFlagStatus)
    SPI_I2S_ReceiveData                      0x08003347   Thumb Code     6  stm32f10x_spi.o(i.SPI_I2S_ReceiveData)
    SPI_I2S_SendData                         0x0800334d   Thumb Code     4  stm32f10x_spi.o(i.SPI_I2S_SendData)
    SPI_Init                                 0x08003351   Thumb Code    60  stm32f10x_spi.o(i.SPI_Init)
    SetCursor                                0x0800338d   Thumb Code    10  oled.o(i.SetCursor)
    Sound                                    0x08003489   Thumb Code    60  buzzer.o(i.Sound)
    SysTick_Handler                          0x08003521   Thumb Code    18  stm32f10x_it.o(i.SysTick_Handler)
    SystemInit                               0x08003539   Thumb Code    78  system_stm32f10x.o(i.SystemInit)
    __ARM_fpclassify                         0x08003599   Thumb Code    40  fpclassify.o(i.__ARM_fpclassify)
    _is_digit                                0x080035c1   Thumb Code    14  __printf_wp.o(i._is_digit)
    _sys_exit                                0x080035cf   Thumb Code     2  oled.o(i._sys_exit)
    displayGUI                               0x0800367d   Thumb Code   242  main.o(i.displayGUI)
    dmp_enable_6x_lp_quat                    0x080037c1   Thumb Code    60  inv_mpu_dmp_motion_driver.o(i.dmp_enable_6x_lp_quat)
    dmp_enable_feature                       0x080037fd   Thumb Code   530  inv_mpu_dmp_motion_driver.o(i.dmp_enable_feature)
    dmp_enable_gyro_cal                      0x08003a19   Thumb Code    62  inv_mpu_dmp_motion_driver.o(i.dmp_enable_gyro_cal)
    dmp_enable_lp_quat                       0x08003a71   Thumb Code    60  inv_mpu_dmp_motion_driver.o(i.dmp_enable_lp_quat)
    dmp_load_motion_driver_firmware          0x08003aad   Thumb Code    20  inv_mpu_dmp_motion_driver.o(i.dmp_load_motion_driver_firmware)
    dmp_set_accel_bias                       0x08003ac5   Thumb Code   300  inv_mpu_dmp_motion_driver.o(i.dmp_set_accel_bias)
    dmp_set_fifo_rate                        0x08003bf5   Thumb Code    96  inv_mpu_dmp_motion_driver.o(i.dmp_set_fifo_rate)
    dmp_set_gyro_bias                        0x08003c65   Thumb Code   294  inv_mpu_dmp_motion_driver.o(i.dmp_set_gyro_bias)
    dmp_set_orientation                      0x08003d95   Thumb Code   290  inv_mpu_dmp_motion_driver.o(i.dmp_set_orientation)
    dmp_set_shake_reject_thresh              0x08003ecd   Thumb Code    56  inv_mpu_dmp_motion_driver.o(i.dmp_set_shake_reject_thresh)
    dmp_set_shake_reject_time                0x08003f05   Thumb Code    38  inv_mpu_dmp_motion_driver.o(i.dmp_set_shake_reject_time)
    dmp_set_shake_reject_timeout             0x08003f2b   Thumb Code    38  inv_mpu_dmp_motion_driver.o(i.dmp_set_shake_reject_timeout)
    dmp_set_tap_axes                         0x08003f51   Thumb Code    70  inv_mpu_dmp_motion_driver.o(i.dmp_set_tap_axes)
    dmp_set_tap_count                        0x08003f97   Thumb Code    38  inv_mpu_dmp_motion_driver.o(i.dmp_set_tap_count)
    dmp_set_tap_thresh                       0x08003fbd   Thumb Code   396  inv_mpu_dmp_motion_driver.o(i.dmp_set_tap_thresh)
    dmp_set_tap_time                         0x0800415d   Thumb Code    38  inv_mpu_dmp_motion_driver.o(i.dmp_set_tap_time)
    dmp_set_tap_time_multi                   0x08004183   Thumb Code    38  inv_mpu_dmp_motion_driver.o(i.dmp_set_tap_time_multi)
    fputc                                    0x080041a9   Thumb Code   118  oled.o(i.fputc)
    getCarTempVolt                           0x08004229   Thumb Code    94  main.o(i.getCarTempVolt)
    getJoyStickData                          0x08004295   Thumb Code    20  main.o(i.getJoyStickData)
    inv_orientation_matrix_to_scalar         0x080048e9   Thumb Code    40  inv_mpu.o(i.inv_orientation_matrix_to_scalar)
    inv_row_2_scale                          0x08004911   Thumb Code    78  inv_mpu.o(i.inv_row_2_scale)
    main                                     0x0800495f   Thumb Code    44  main.o(i.main)
    mpu_configure_fifo                       0x0800498d   Thumb Code   106  inv_mpu.o(i.mpu_configure_fifo)
    mpu_dmp_init                             0x080049fd   Thumb Code   154  inv_mpu.o(i.mpu_dmp_init)
    mpu_get_accel_fsr                        0x08004a9d   Thumb Code    72  inv_mpu.o(i.mpu_get_accel_fsr)
    mpu_get_accel_sens                       0x08004ae9   Thumb Code    78  inv_mpu.o(i.mpu_get_accel_sens)
    mpu_get_fifo_config                      0x08004b3d   Thumb Code    12  inv_mpu.o(i.mpu_get_fifo_config)
    mpu_get_gyro_fsr                         0x08004b4d   Thumb Code    64  inv_mpu.o(i.mpu_get_gyro_fsr)
    mpu_get_lpf                              0x08004b91   Thumb Code    74  inv_mpu.o(i.mpu_get_lpf)
    mpu_get_sample_rate                      0x08004be1   Thumb Code    26  inv_mpu.o(i.mpu_get_sample_rate)
    mpu_init                                 0x08004c01   Thumb Code   416  inv_mpu.o(i.mpu_init)
    mpu_load_firmware                        0x08004df1   Thumb Code   180  inv_mpu.o(i.mpu_load_firmware)
    mpu_lp_accel_mode                        0x08004ea9   Thumb Code   218  inv_mpu.o(i.mpu_lp_accel_mode)
    mpu_read_mem                             0x08004f89   Thumb Code   122  inv_mpu.o(i.mpu_read_mem)
    mpu_reset_fifo                           0x08005009   Thumb Code   450  inv_mpu.o(i.mpu_reset_fifo)
    mpu_run_self_test                        0x080051d1   Thumb Code   278  inv_mpu.o(i.mpu_run_self_test)
    mpu_set_accel_fsr                        0x080052ed   Thumb Code   126  inv_mpu.o(i.mpu_set_accel_fsr)
    mpu_set_bypass                           0x08005371   Thumb Code   328  inv_mpu.o(i.mpu_set_bypass)
    mpu_set_dmp_state                        0x080054bd   Thumb Code   138  inv_mpu.o(i.mpu_set_dmp_state)
    mpu_set_gyro_fsr                         0x0800554d   Thumb Code   132  inv_mpu.o(i.mpu_set_gyro_fsr)
    mpu_set_int_latched                      0x080055d5   Thumb Code   102  inv_mpu.o(i.mpu_set_int_latched)
    mpu_set_lpf                              0x08005641   Thumb Code   126  inv_mpu.o(i.mpu_set_lpf)
    mpu_set_sample_rate                      0x080056c5   Thumb Code   152  inv_mpu.o(i.mpu_set_sample_rate)
    mpu_set_sensors                          0x08005761   Thumb Code   202  inv_mpu.o(i.mpu_set_sensors)
    mpu_write_mem                            0x08005831   Thumb Code   122  inv_mpu.o(i.mpu_write_mem)
    myADC_Init                               0x080058b1   Thumb Code    12  adc.o(i.myADC_Init)
    run_self_test                            0x080058bd   Thumb Code    66  inv_mpu.o(i.run_self_test)
    sendData2Car                             0x08005915   Thumb Code    96  main.o(i.sendData2Car)
    _get_lc_numeric                          0x08005a0d   Thumb Code    44  lc_numeric_c.o(locale$$code)
    __aeabi_d2f                              0x08005a39   Thumb Code     0  d2f.o(x$fpl$d2f)
    _d2f                                     0x08005a39   Thumb Code    98  d2f.o(x$fpl$d2f)
    __aeabi_dmul                             0x08005a9d   Thumb Code     0  dmul.o(x$fpl$dmul)
    _dmul                                    0x08005a9d   Thumb Code   332  dmul.o(x$fpl$dmul)
    __fpl_dnaninf                            0x08005bf1   Thumb Code   156  dnaninf.o(x$fpl$dnaninf)
    __fpl_dretinf                            0x08005c8d   Thumb Code    12  dretinf.o(x$fpl$dretinf)
    __aeabi_f2d                              0x08005c99   Thumb Code     0  f2d.o(x$fpl$f2d)
    _f2d                                     0x08005c99   Thumb Code    86  f2d.o(x$fpl$f2d)
    __aeabi_fadd                             0x08005cf1   Thumb Code     0  faddsub_clz.o(x$fpl$fadd)
    _fadd                                    0x08005cf1   Thumb Code   196  faddsub_clz.o(x$fpl$fadd)
    __fpl_fcmp_Inf                           0x08005db5   Thumb Code    24  fcmpi.o(x$fpl$fcmpinf)
    __aeabi_fdiv                             0x08005dcd   Thumb Code     0  fdiv.o(x$fpl$fdiv)
    _fdiv                                    0x08005dcd   Thumb Code   384  fdiv.o(x$fpl$fdiv)
    __aeabi_cfcmpeq                          0x08005f51   Thumb Code     0  feqf.o(x$fpl$feqf)
    _fcmpeq                                  0x08005f51   Thumb Code   104  feqf.o(x$fpl$feqf)
    __aeabi_f2uiz                            0x08005fb9   Thumb Code     0  ffixu.o(x$fpl$ffixu)
    _ffixu                                   0x08005fb9   Thumb Code    62  ffixu.o(x$fpl$ffixu)
    __aeabi_i2f                              0x08005ff9   Thumb Code     0  fflt_clz.o(x$fpl$fflt)
    _fflt                                    0x08005ff9   Thumb Code    48  fflt_clz.o(x$fpl$fflt)
    __aeabi_ui2f                             0x08006029   Thumb Code     0  fflt_clz.o(x$fpl$ffltu)
    _ffltu                                   0x08006029   Thumb Code    38  fflt_clz.o(x$fpl$ffltu)
    __aeabi_cfcmple                          0x08006051   Thumb Code     0  fleqf.o(x$fpl$fleqf)
    _fcmple                                  0x08006051   Thumb Code   104  fleqf.o(x$fpl$fleqf)
    __fpl_fcmple_InfNaN                      0x080060a3   Thumb Code     0  fleqf.o(x$fpl$fleqf)
    __aeabi_fmul                             0x080060b9   Thumb Code     0  fmul.o(x$fpl$fmul)
    _fmul                                    0x080060b9   Thumb Code   258  fmul.o(x$fpl$fmul)
    __fpl_fnaninf                            0x080061bb   Thumb Code   140  fnaninf.o(x$fpl$fnaninf)
    __fpl_fretinf                            0x08006247   Thumb Code    10  fretinf.o(x$fpl$fretinf)
    __aeabi_cfrcmple                         0x08006251   Thumb Code     0  frleqf.o(x$fpl$frleqf)
    _frcmple                                 0x08006251   Thumb Code    98  frleqf.o(x$fpl$frleqf)
    __aeabi_fsub                             0x080062b5   Thumb Code     0  faddsub_clz.o(x$fpl$fsub)
    _fsub                                    0x080062b5   Thumb Code   234  faddsub_clz.o(x$fpl$fsub)
    _printf_fp_dec                           0x0800639f   Thumb Code     4  printf1.o(x$fpl$printf1)
    __I$use$fp                               0x080063a2   Number         0  usenofp.o(x$fpl$usenofp)
    logo                                     0x080063a2   Data         235  main.o(.constdata)
    reg                                      0x08006490   Data          27  inv_mpu.o(.constdata)
    hw                                       0x080064ac   Data          12  inv_mpu.o(.constdata)
    test                                     0x080064b8   Data          40  inv_mpu.o(.constdata)
    basic_tone                               0x080070d6   Data          28  buzzer.o(.constdata)
    nokia_tune                               0x080070f2   Data           5  buzzer.o(.constdata)
    nokia_tune_time                          0x080070f7   Data           5  buzzer.o(.constdata)
    beep_tune                                0x080070fc   Data           1  buzzer.o(.constdata)
    beep_tune_time                           0x080070fd   Data           1  buzzer.o(.constdata)
    gameover_tune                            0x080070fe   Data           2  buzzer.o(.constdata)
    gameover_tune_time                       0x08007100   Data           2  buzzer.o(.constdata)
    asc2_0806                                0x08007104   Data         552  oled.o(.constdata)
    asc2_1206                                0x0800732c   Data        1140  oled.o(.constdata)
    asc2_1608                                0x080077a0   Data        1520  oled.o(.constdata)
    asc2_2412                                0x08007d90   Data        3420  oled.o(.constdata)
    Hzk1                                     0x08008aec   Data         352  oled.o(.constdata)
    Hzk2                                     0x08008c4c   Data          72  oled.o(.constdata)
    Hzk3                                     0x08008c94   Data         128  oled.o(.constdata)
    Hzk4                                     0x08008d14   Data         512  oled.o(.constdata)
    Region$$Table$$Base                      0x0800910c   Number         0  anon$$obj.o(Region$$Table)
    Region$$Table$$Limit                     0x0800912c   Number         0  anon$$obj.o(Region$$Table)
    tx_data                                  0x20000000   Data           6  main.o(.data)
    rx_data                                  0x20000008   Data           8  main.o(.data)
    time2sleep                               0x20000010   Data           1  main.o(.data)
    time2rx                                  0x20000011   Data           1  main.o(.data)
    cursor_x                                 0x2000004c   Data           2  oled.o(.data)
    cursor_y                                 0x2000004e   Data           2  oled.o(.data)
    textsize                                 0x20000050   Data           1  oled.o(.data)
    textcolor                                0x20000051   Data           1  oled.o(.data)
    textbg                                   0x20000052   Data           1  oled.o(.data)
    __stdout                                 0x20000054   Data           4  oled.o(.data)
    TX_ADDRESS                               0x2000005a   Data           5  si24r1.o(.data)
    RX_ADDRESS                               0x2000005f   Data           5  si24r1.o(.data)
    temp                                     0x20000064   Data           5  hardware.o(.data)
    BattVolt                                 0x2000006c   Data           4  hardware.o(.data)
    JoystickX                                0x20000070   Data           2  hardware.o(.data)
    JoystickY                                0x20000072   Data           2  hardware.o(.data)
    TimingDelay                              0x20000074   Data           4  systick.o(.data)
    SystemCoreClock                          0x20000078   Data           4  system_stm32f10x.o(.data)
    AHBPrescTable                            0x2000007c   Data          16  system_stm32f10x.o(.data)
    OLED_GRAM                                0x2000009c   Data        1024  oled.o(.bss)
    ADC_ConvertedValue                       0x2000049c   Data          60  adc.o(.bss)
    __libspace_start                         0x200004d8   Data          96  libspace.o(.bss)
    __temporary_stack_top$libspace           0x20000538   Data           0  libspace.o(.bss)



==============================================================================

Memory Map of the image

  Image Entry point : 0x080000ed

  Load Region LR_IROM1 (Base: 0x08000000, Size: 0x000091d4, Max: 0x00020000, ABSOLUTE)

    Execution Region ER_IROM1 (Exec base: 0x08000000, Load base: 0x08000000, Size: 0x00009148, Max: 0x00020000, ABSOLUTE)

    Exec Addr    Load Addr    Size         Type   Attr      Idx    E Section Name        Object

    0x08000000   0x08000000   0x000000ec   Data   RO         4479    RESET               startup_stm32f10x_md.o
    0x080000ec   0x080000ec   0x00000008   Code   RO         4555  * !!!main             c_w.l(__main.o)
    0x080000f4   0x080000f4   0x00000034   Code   RO         4927    !!!scatter          c_w.l(__scatter.o)
    0x08000128   0x08000128   0x0000001a   Code   RO         4929    !!handler_copy      c_w.l(__scatter_copy.o)
    0x08000142   0x08000142   0x00000002   PAD
    0x08000144   0x08000144   0x0000001c   Code   RO         4931    !!handler_zi        c_w.l(__scatter_zi.o)
    0x08000160   0x08000160   0x00000000   Code   RO         4548    .ARM.Collect$$_printf_percent$$00000000  c_w.l(_printf_percent.o)
    0x08000160   0x08000160   0x00000006   Code   RO         4547    .ARM.Collect$$_printf_percent$$00000003  c_w.l(_printf_f.o)
    0x08000166   0x08000166   0x00000006   Code   RO         4546    .ARM.Collect$$_printf_percent$$00000009  c_w.l(_printf_d.o)
    0x0800016c   0x0800016c   0x00000004   Code   RO         4648    .ARM.Collect$$_printf_percent$$00000017  c_w.l(_printf_percent_end.o)
    0x08000170   0x08000170   0x00000002   Code   RO         4794    .ARM.Collect$$libinit$$00000000  c_w.l(libinit.o)
    0x08000172   0x08000172   0x00000000   Code   RO         4796    .ARM.Collect$$libinit$$00000002  c_w.l(libinit2.o)
    0x08000172   0x08000172   0x00000000   Code   RO         4798    .ARM.Collect$$libinit$$00000004  c_w.l(libinit2.o)
    0x08000172   0x08000172   0x00000000   Code   RO         4801    .ARM.Collect$$libinit$$0000000A  c_w.l(libinit2.o)
    0x08000172   0x08000172   0x00000000   Code   RO         4803    .ARM.Collect$$libinit$$0000000C  c_w.l(libinit2.o)
    0x08000172   0x08000172   0x00000000   Code   RO         4805    .ARM.Collect$$libinit$$0000000E  c_w.l(libinit2.o)
    0x08000172   0x08000172   0x00000006   Code   RO         4806    .ARM.Collect$$libinit$$0000000F  c_w.l(libinit2.o)
    0x08000178   0x08000178   0x00000000   Code   RO         4808    .ARM.Collect$$libinit$$00000011  c_w.l(libinit2.o)
    0x08000178   0x08000178   0x00000000   Code   RO         4810    .ARM.Collect$$libinit$$00000013  c_w.l(libinit2.o)
    0x08000178   0x08000178   0x00000000   Code   RO         4812    .ARM.Collect$$libinit$$00000015  c_w.l(libinit2.o)
    0x08000178   0x08000178   0x0000000a   Code   RO         4813    .ARM.Collect$$libinit$$00000016  c_w.l(libinit2.o)
    0x08000182   0x08000182   0x00000000   Code   RO         4814    .ARM.Collect$$libinit$$00000017  c_w.l(libinit2.o)
    0x08000182   0x08000182   0x00000000   Code   RO         4816    .ARM.Collect$$libinit$$00000019  c_w.l(libinit2.o)
    0x08000182   0x08000182   0x00000000   Code   RO         4818    .ARM.Collect$$libinit$$0000001B  c_w.l(libinit2.o)
    0x08000182   0x08000182   0x00000000   Code   RO         4820    .ARM.Collect$$libinit$$0000001D  c_w.l(libinit2.o)
    0x08000182   0x08000182   0x00000000   Code   RO         4822    .ARM.Collect$$libinit$$0000001F  c_w.l(libinit2.o)
    0x08000182   0x08000182   0x00000000   Code   RO         4824    .ARM.Collect$$libinit$$00000021  c_w.l(libinit2.o)
    0x08000182   0x08000182   0x00000000   Code   RO         4826    .ARM.Collect$$libinit$$00000023  c_w.l(libinit2.o)
    0x08000182   0x08000182   0x00000000   Code   RO         4828    .ARM.Collect$$libinit$$00000025  c_w.l(libinit2.o)
    0x08000182   0x08000182   0x00000000   Code   RO         4832    .ARM.Collect$$libinit$$0000002C  c_w.l(libinit2.o)
    0x08000182   0x08000182   0x00000000   Code   RO         4834    .ARM.Collect$$libinit$$0000002E  c_w.l(libinit2.o)
    0x08000182   0x08000182   0x00000000   Code   RO         4836    .ARM.Collect$$libinit$$00000030  c_w.l(libinit2.o)
    0x08000182   0x08000182   0x00000000   Code   RO         4838    .ARM.Collect$$libinit$$00000032  c_w.l(libinit2.o)
    0x08000182   0x08000182   0x00000002   Code   RO         4839    .ARM.Collect$$libinit$$00000033  c_w.l(libinit2.o)
    0x08000184   0x08000184   0x00000002   Code   RO         4887    .ARM.Collect$$libshutdown$$00000000  c_w.l(libshutdown.o)
    0x08000186   0x08000186   0x00000000   Code   RO         4896    .ARM.Collect$$libshutdown$$00000002  c_w.l(libshutdown2.o)
    0x08000186   0x08000186   0x00000000   Code   RO         4898    .ARM.Collect$$libshutdown$$00000004  c_w.l(libshutdown2.o)
    0x08000186   0x08000186   0x00000000   Code   RO         4901    .ARM.Collect$$libshutdown$$00000007  c_w.l(libshutdown2.o)
    0x08000186   0x08000186   0x00000000   Code   RO         4904    .ARM.Collect$$libshutdown$$0000000A  c_w.l(libshutdown2.o)
    0x08000186   0x08000186   0x00000000   Code   RO         4906    .ARM.Collect$$libshutdown$$0000000C  c_w.l(libshutdown2.o)
    0x08000186   0x08000186   0x00000000   Code   RO         4909    .ARM.Collect$$libshutdown$$0000000F  c_w.l(libshutdown2.o)
    0x08000186   0x08000186   0x00000002   Code   RO         4910    .ARM.Collect$$libshutdown$$00000010  c_w.l(libshutdown2.o)
    0x08000188   0x08000188   0x00000000   Code   RO         4633    .ARM.Collect$$rtentry$$00000000  c_w.l(__rtentry.o)
    0x08000188   0x08000188   0x00000000   Code   RO         4702    .ARM.Collect$$rtentry$$00000002  c_w.l(__rtentry2.o)
    0x08000188   0x08000188   0x00000006   Code   RO         4714    .ARM.Collect$$rtentry$$00000004  c_w.l(__rtentry4.o)
    0x0800018e   0x0800018e   0x00000000   Code   RO         4704    .ARM.Collect$$rtentry$$00000009  c_w.l(__rtentry2.o)
    0x0800018e   0x0800018e   0x00000004   Code   RO         4705    .ARM.Collect$$rtentry$$0000000A  c_w.l(__rtentry2.o)
    0x08000192   0x08000192   0x00000000   Code   RO         4707    .ARM.Collect$$rtentry$$0000000C  c_w.l(__rtentry2.o)
    0x08000192   0x08000192   0x00000008   Code   RO         4708    .ARM.Collect$$rtentry$$0000000D  c_w.l(__rtentry2.o)
    0x0800019a   0x0800019a   0x00000002   Code   RO         4844    .ARM.Collect$$rtexit$$00000000  c_w.l(rtexit.o)
    0x0800019c   0x0800019c   0x00000000   Code   RO         4857    .ARM.Collect$$rtexit$$00000002  c_w.l(rtexit2.o)
    0x0800019c   0x0800019c   0x00000004   Code   RO         4858    .ARM.Collect$$rtexit$$00000003  c_w.l(rtexit2.o)
    0x080001a0   0x080001a0   0x00000006   Code   RO         4859    .ARM.Collect$$rtexit$$00000004  c_w.l(rtexit2.o)
    0x080001a6   0x080001a6   0x00000002   PAD
    0x080001a8   0x080001a8   0x00000040   Code   RO         4480    .text               startup_stm32f10x_md.o
    0x080001e8   0x080001e8   0x00000002   Code   RO         4486    .text               c_w.l(use_no_semi_2.o)
    0x080001ea   0x080001ea   0x00000048   Code   RO         4488    .text               c_w.l(llsdiv.o)
    0x08000232   0x08000232   0x00000002   PAD
    0x08000234   0x08000234   0x00000018   Code   RO         4494    .text               c_w.l(noretval__2printf.o)
    0x0800024c   0x0800024c   0x00000028   Code   RO         4496    .text               c_w.l(noretval__2sprintf.o)
    0x08000274   0x08000274   0x00000078   Code   RO         4502    .text               c_w.l(_printf_dec.o)
    0x080002ec   0x080002ec   0x00000138   Code   RO         4537    .text               c_w.l(__printf_flags_wp.o)
    0x08000424   0x08000424   0x00000058   Code   RO         4549    .text               c_w.l(memcmp.o)
    0x0800047c   0x0800047c   0x00000010   Code   RO         4551    .text               c_w.l(aeabi_memset.o)
    0x0800048c   0x0800048c   0x00000006   Code   RO         4553    .text               c_w.l(heapauxi.o)
    0x08000492   0x08000492   0x00000002   Code   RO         4631    .text               c_w.l(use_no_semi.o)
    0x08000494   0x08000494   0x000000ee   Code   RO         4634    .text               c_w.l(lludivv7m.o)
    0x08000582   0x08000582   0x000000b2   Code   RO         4638    .text               c_w.l(_printf_intcommon.o)
    0x08000634   0x08000634   0x0000041e   Code   RO         4640    .text               c_w.l(_printf_fp_dec.o)
    0x08000a52   0x08000a52   0x00000002   PAD
    0x08000a54   0x08000a54   0x00000030   Code   RO         4642    .text               c_w.l(_printf_char_common.o)
    0x08000a84   0x08000a84   0x0000000a   Code   RO         4644    .text               c_w.l(_sputc.o)
    0x08000a8e   0x08000a8e   0x00000002   PAD
    0x08000a90   0x08000a90   0x00000024   Code   RO         4646    .text               c_w.l(_printf_char_file.o)
    0x08000ab4   0x08000ab4   0x00000044   Code   RO         4649    .text               c_w.l(rt_memclr.o)
    0x08000af8   0x08000af8   0x00000008   Code   RO         4723    .text               c_w.l(rt_locale_intlibspace.o)
    0x08000b00   0x08000b00   0x0000008a   Code   RO         4730    .text               c_w.l(lludiv10.o)
    0x08000b8a   0x08000b8a   0x00000002   PAD
    0x08000b8c   0x08000b8c   0x00000080   Code   RO         4732    .text               c_w.l(_printf_fp_infnan.o)
    0x08000c0c   0x08000c0c   0x000000e4   Code   RO         4736    .text               c_w.l(bigflt0.o)
    0x08000cf0   0x08000cf0   0x00000008   Code   RO         4761    .text               c_w.l(ferror.o)
    0x08000cf8   0x08000cf8   0x0000004e   Code   RO         4768    .text               c_w.l(rt_memclr_w.o)
    0x08000d46   0x08000d46   0x00000002   PAD
    0x08000d48   0x08000d48   0x00000008   Code   RO         4778    .text               c_w.l(libspace.o)
    0x08000d50   0x08000d50   0x0000004a   Code   RO         4781    .text               c_w.l(sys_stackheap_outer.o)
    0x08000d9a   0x08000d9a   0x00000012   Code   RO         4785    .text               c_w.l(exit.o)
    0x08000dac   0x08000dac   0x00000080   Code   RO         4787    .text               c_w.l(strcmpv7m.o)
    0x08000e2c   0x08000e2c   0x0000003e   Code   RO         4739    CL$$btod_d2e        c_w.l(btod.o)
    0x08000e6a   0x08000e6a   0x00000046   Code   RO         4741    CL$$btod_d2e_denorm_low  c_w.l(btod.o)
    0x08000eb0   0x08000eb0   0x00000060   Code   RO         4740    CL$$btod_d2e_norm_op1  c_w.l(btod.o)
    0x08000f10   0x08000f10   0x00000338   Code   RO         4749    CL$$btod_div_common  c_w.l(btod.o)
    0x08001248   0x08001248   0x000000dc   Code   RO         4746    CL$$btod_e2e        c_w.l(btod.o)
    0x08001324   0x08001324   0x0000002a   Code   RO         4743    CL$$btod_ediv       c_w.l(btod.o)
    0x0800134e   0x0800134e   0x0000002a   Code   RO         4742    CL$$btod_emul       c_w.l(btod.o)
    0x08001378   0x08001378   0x00000244   Code   RO         4748    CL$$btod_mult_common  c_w.l(btod.o)
    0x080015bc   0x080015bc   0x00000040   Code   RO         1268    i.ADC1_GPIO_Init    adc.o
    0x080015fc   0x080015fc   0x0000010c   Code   RO         1269    i.ADC1_Mode_Init    adc.o
    0x08001708   0x08001708   0x00000016   Code   RO         1464    i.ADC_Cmd           stm32f10x_adc.o
    0x0800171e   0x0800171e   0x00000016   Code   RO         1465    i.ADC_DMACmd        stm32f10x_adc.o
    0x08001734   0x08001734   0x00000014   Code   RO         1472    i.ADC_GetCalibrationStatus  stm32f10x_adc.o
    0x08001748   0x08001748   0x00000014   Code   RO         1478    i.ADC_GetResetCalibrationStatus  stm32f10x_adc.o
    0x0800175c   0x0800175c   0x00000050   Code   RO         1482    i.ADC_Init          stm32f10x_adc.o
    0x080017ac   0x080017ac   0x000000b8   Code   RO         1486    i.ADC_RegularChannelConfig  stm32f10x_adc.o
    0x08001864   0x08001864   0x0000000a   Code   RO         1487    i.ADC_ResetCalibration  stm32f10x_adc.o
    0x0800186e   0x0800186e   0x00000016   Code   RO         1489    i.ADC_SoftwareStartConvCmd  stm32f10x_adc.o
    0x08001884   0x08001884   0x0000000a   Code   RO         1491    i.ADC_StartCalibration  stm32f10x_adc.o
    0x0800188e   0x0800188e   0x00000002   PAD
    0x08001890   0x08001890   0x00000030   Code   RO          920    i.Buzzer_Init       buzzer.o
    0x080018c0   0x080018c0   0x00000018   Code   RO         2158    i.DMA_Cmd           stm32f10x_dma.o
    0x080018d8   0x080018d8   0x0000014c   Code   RO         2159    i.DMA_DeInit        stm32f10x_dma.o
    0x08001a24   0x08001a24   0x0000003c   Code   RO         2164    i.DMA_Init          stm32f10x_dma.o
    0x08001a60   0x08001a60   0x00000064   Code   RO         1392    i.Delay_ms          systick.o
    0x08001ac4   0x08001ac4   0x00000068   Code   RO         1393    i.Delay_us          systick.o
    0x08001b2c   0x08001b2c   0x00000108   Code   RO          965    i.DrawChar          oled.o
    0x08001c34   0x08001c34   0x00000014   Code   RO          145    i.EXTI15_10_IRQHandler  stm32f10x_it.o
    0x08001c48   0x08001c48   0x0000000a   Code   RO          146    i.EXTI3_IRQHandler  stm32f10x_it.o
    0x08001c52   0x08001c52   0x0000000a   Code   RO          147    i.EXTI4_IRQHandler  stm32f10x_it.o
    0x08001c5c   0x08001c5c   0x0000000c   Code   RO         2229    i.EXTI_ClearITPendingBit  stm32f10x_exti.o
    0x08001c68   0x08001c68   0x00000094   Code   RO         2234    i.EXTI_Init         stm32f10x_exti.o
    0x08001cfc   0x08001cfc   0x0000002e   Code   RO          968    i.FillRect          oled.o
    0x08001d2a   0x08001d2a   0x00000082   Code   RO          969    i.FillRect2         oled.o
    0x08001dac   0x08001dac   0x00000040   Code   RO         2585    i.GPIO_EXTILineConfig  stm32f10x_gpio.o
    0x08001dec   0x08001dec   0x00000116   Code   RO         2588    i.GPIO_Init         stm32f10x_gpio.o
    0x08001f02   0x08001f02   0x00000002   PAD
    0x08001f04   0x08001f04   0x00000090   Code   RO         2590    i.GPIO_PinRemapConfig  stm32f10x_gpio.o
    0x08001f94   0x08001f94   0x00000012   Code   RO         2592    i.GPIO_ReadInputDataBit  stm32f10x_gpio.o
    0x08001fa6   0x08001fa6   0x00000004   Code   RO         2595    i.GPIO_ResetBits    stm32f10x_gpio.o
    0x08001faa   0x08001faa   0x00000004   Code   RO         2596    i.GPIO_SetBits      stm32f10x_gpio.o
    0x08001fae   0x08001fae   0x00000002   PAD
    0x08001fb0   0x08001fb0   0x00000048   Code   RO         1270    i.Get_BattVolt      adc.o
    0x08001ff8   0x08001ff8   0x0000000c   Code   RO         1271    i.Get_JoystickX     adc.o
    0x08002004   0x08002004   0x0000000c   Code   RO         1272    i.Get_JoystickY     adc.o
    0x08002010   0x08002010   0x00000150   Code   RO         1373    i.Hardware_Init     hardware.o
    0x08002160   0x08002160   0x0000004c   Code   RO         1313    i.Key_Charge_GPIO_Init  key_charge.o
    0x080021ac   0x080021ac   0x000000c4   Code   RO         1314    i.Key_Charge_INT_Init  key_charge.o
    0x08002270   0x08002270   0x0000000c   Code   RO         1315    i.Key_Charge_Init   key_charge.o
    0x0800227c   0x0800227c   0x00000034   Code   RO          752    i.LED_Init          led.o
    0x080022b0   0x080022b0   0x0000004c   Code   RO          860    i.MPU_IIC_Ack       mpuiic.o
    0x080022fc   0x080022fc   0x0000000a   Code   RO          861    i.MPU_IIC_Delay     mpuiic.o
    0x08002306   0x08002306   0x00000002   PAD
    0x08002308   0x08002308   0x00000054   Code   RO          862    i.MPU_IIC_Init      mpuiic.o
    0x0800235c   0x0800235c   0x00000048   Code   RO          863    i.MPU_IIC_NAck      mpuiic.o
    0x080023a4   0x080023a4   0x0000006c   Code   RO          864    i.MPU_IIC_Read_Byte  mpuiic.o
    0x08002410   0x08002410   0x0000006c   Code   RO          865    i.MPU_IIC_Send_Byte  mpuiic.o
    0x0800247c   0x0800247c   0x0000004c   Code   RO          866    i.MPU_IIC_Start     mpuiic.o
    0x080024c8   0x080024c8   0x00000048   Code   RO          867    i.MPU_IIC_Stop      mpuiic.o
    0x08002510   0x08002510   0x00000064   Code   RO          868    i.MPU_IIC_Wait_Ack  mpuiic.o
    0x08002574   0x08002574   0x00000074   Code   RO          769    i.MPU_Read_Len      mpu6050.o
    0x080025e8   0x080025e8   0x00000060   Code   RO          775    i.MPU_Write_Len     mpu6050.o
    0x08002648   0x08002648   0x00000070   Code   RO         1422    i.NVIC_Init         misc.o
    0x080026b8   0x080026b8   0x00000014   Code   RO         1423    i.NVIC_PriorityGroupConfig  misc.o
    0x080026cc   0x080026cc   0x0000000a   Code   RO          970    i.OLED_ClearDisplay  oled.o
    0x080026d6   0x080026d6   0x00000024   Code   RO          971    i.OLED_DisplayTurn  oled.o
    0x080026fa   0x080026fa   0x00000002   PAD
    0x080026fc   0x080026fc   0x00000200   Code   RO          974    i.OLED_DrawBitmap   oled.o
    0x080028fc   0x080028fc   0x00000070   Code   RO          976    i.OLED_DrawFastHLine  oled.o
    0x0800296c   0x0800296c   0x00000070   Code   RO          977    i.OLED_DrawFastVLine  oled.o
    0x080029dc   0x080029dc   0x0000006c   Code   RO          979    i.OLED_DrawPixel    oled.o
    0x08002a48   0x08002a48   0x0000001c   Code   RO          980    i.OLED_FillScreen   oled.o
    0x08002a64   0x08002a64   0x000000ac   Code   RO          981    i.OLED_GPIO_Init    oled.o
    0x08002b10   0x08002b10   0x000000e0   Code   RO          983    i.OLED_Init         oled.o
    0x08002bf0   0x08002bf0   0x0000001a   Code   RO          984    i.OLED_PrintChar    oled.o
    0x08002c0a   0x08002c0a   0x00000028   Code   RO          985    i.OLED_PrintCharEx  oled.o
    0x08002c32   0x08002c32   0x00000002   PAD
    0x08002c34   0x08002c34   0x00000040   Code   RO          986    i.OLED_PrintFloat   oled.o
    0x08002c74   0x08002c74   0x0000004c   Code   RO          988    i.OLED_Refresh_Gram  oled.o
    0x08002cc0   0x08002cc0   0x00000060   Code   RO          990    i.OLED_W_CMD        oled.o
    0x08002d20   0x08002d20   0x00000060   Code   RO          991    i.OLED_W_DATA       oled.o
    0x08002d80   0x08002d80   0x0000009c   Code   RO          992    i.OLED_Write        oled.o
    0x08002e1c   0x08002e1c   0x00000018   Code   RO          921    i.Play_Beep         buzzer.o
    0x08002e34   0x08002e34   0x00000050   Code   RO          923    i.Play_Music        buzzer.o
    0x08002e84   0x08002e84   0x00000018   Code   RO          924    i.Play_NokiaTune    buzzer.o
    0x08002e9c   0x08002e9c   0x00000018   Code   RO         3005    i.RCC_ADCCLKConfig  stm32f10x_rcc.o
    0x08002eb4   0x08002eb4   0x00000020   Code   RO         3006    i.RCC_AHBPeriphClockCmd  stm32f10x_rcc.o
    0x08002ed4   0x08002ed4   0x00000020   Code   RO         3007    i.RCC_APB1PeriphClockCmd  stm32f10x_rcc.o
    0x08002ef4   0x08002ef4   0x00000020   Code   RO         3009    i.RCC_APB2PeriphClockCmd  stm32f10x_rcc.o
    0x08002f14   0x08002f14   0x00000044   Code   RO         1181    i.SI24R1_Check      si24r1.o
    0x08002f58   0x08002f58   0x00000098   Code   RO         1182    i.SI24R1_GPIO_Init  si24r1.o
    0x08002ff0   0x08002ff0   0x00000024   Code   RO         1183    i.SI24R1_Init       si24r1.o
    0x08003014   0x08003014   0x00000044   Code   RO         1184    i.SI24R1_Read_Buf   si24r1.o
    0x08003058   0x08003058   0x00000030   Code   RO         1185    i.SI24R1_Read_Reg   si24r1.o
    0x08003088   0x08003088   0x0000005c   Code   RO         1186    i.SI24R1_RxMode     si24r1.o
    0x080030e4   0x080030e4   0x0000004c   Code   RO         1187    i.SI24R1_RxPacket   si24r1.o
    0x08003130   0x08003130   0x00000064   Code   RO         1188    i.SI24R1_SPI_Init   si24r1.o
    0x08003194   0x08003194   0x00000070   Code   RO         1189    i.SI24R1_TxMode     si24r1.o
    0x08003204   0x08003204   0x0000006c   Code   RO         1190    i.SI24R1_TxPacket   si24r1.o
    0x08003270   0x08003270   0x00000044   Code   RO         1191    i.SI24R1_Write_Buf  si24r1.o
    0x080032b4   0x080032b4   0x00000030   Code   RO         1192    i.SI24R1_Write_Reg  si24r1.o
    0x080032e4   0x080032e4   0x00000038   Code   RO         1193    i.SPI2_WriteReadByte  si24r1.o
    0x0800331c   0x0800331c   0x00000018   Code   RO         3492    i.SPI_Cmd           stm32f10x_spi.o
    0x08003334   0x08003334   0x00000012   Code   RO         3500    i.SPI_I2S_GetFlagStatus  stm32f10x_spi.o
    0x08003346   0x08003346   0x00000006   Code   RO         3503    i.SPI_I2S_ReceiveData  stm32f10x_spi.o
    0x0800334c   0x0800334c   0x00000004   Code   RO         3504    i.SPI_I2S_SendData  stm32f10x_spi.o
    0x08003350   0x08003350   0x0000003c   Code   RO         3505    i.SPI_Init          stm32f10x_spi.o
    0x0800338c   0x0800338c   0x00000014   Code   RO          993    i.SetCursor         oled.o
    0x080033a0   0x080033a0   0x00000008   Code   RO         4427    i.SetSysClock       system_stm32f10x.o
    0x080033a8   0x080033a8   0x000000e0   Code   RO         4428    i.SetSysClockTo72   system_stm32f10x.o
    0x08003488   0x08003488   0x00000044   Code   RO          925    i.Sound             buzzer.o
    0x080034cc   0x080034cc   0x00000054   Code   RO         1394    i.SysTick_Config    systick.o
    0x08003520   0x08003520   0x00000018   Code   RO          148    i.SysTick_Handler   stm32f10x_it.o
    0x08003538   0x08003538   0x00000060   Code   RO         4430    i.SystemInit        system_stm32f10x.o
    0x08003598   0x08003598   0x00000028   Code   RO         4688    i.__ARM_fpclassify  m_ws.l(fpclassify.o)
    0x080035c0   0x080035c0   0x0000000e   Code   RO         4535    i._is_digit         c_w.l(__printf_wp.o)
    0x080035ce   0x080035ce   0x00000002   Code   RO          995    i._sys_exit         oled.o
    0x080035d0   0x080035d0   0x000000ac   Code   RO          224    i.accel_self_test   inv_mpu.o
    0x0800367c   0x0800367c   0x00000144   Code   RO            1    i.displayGUI        main.o
    0x080037c0   0x080037c0   0x0000003c   Code   RO          563    i.dmp_enable_6x_lp_quat  inv_mpu_dmp_motion_driver.o
    0x080037fc   0x080037fc   0x0000021c   Code   RO          564    i.dmp_enable_feature  inv_mpu_dmp_motion_driver.o
    0x08003a18   0x08003a18   0x00000058   Code   RO          565    i.dmp_enable_gyro_cal  inv_mpu_dmp_motion_driver.o
    0x08003a70   0x08003a70   0x0000003c   Code   RO          566    i.dmp_enable_lp_quat  inv_mpu_dmp_motion_driver.o
    0x08003aac   0x08003aac   0x00000018   Code   RO          571    i.dmp_load_motion_driver_firmware  inv_mpu_dmp_motion_driver.o
    0x08003ac4   0x08003ac4   0x00000130   Code   RO          575    i.dmp_set_accel_bias  inv_mpu_dmp_motion_driver.o
    0x08003bf4   0x08003bf4   0x00000070   Code   RO          576    i.dmp_set_fifo_rate  inv_mpu_dmp_motion_driver.o
    0x08003c64   0x08003c64   0x00000130   Code   RO          577    i.dmp_set_gyro_bias  inv_mpu_dmp_motion_driver.o
    0x08003d94   0x08003d94   0x00000138   Code   RO          579    i.dmp_set_orientation  inv_mpu_dmp_motion_driver.o
    0x08003ecc   0x08003ecc   0x00000038   Code   RO          582    i.dmp_set_shake_reject_thresh  inv_mpu_dmp_motion_driver.o
    0x08003f04   0x08003f04   0x00000026   Code   RO          583    i.dmp_set_shake_reject_time  inv_mpu_dmp_motion_driver.o
    0x08003f2a   0x08003f2a   0x00000026   Code   RO          584    i.dmp_set_shake_reject_timeout  inv_mpu_dmp_motion_driver.o
    0x08003f50   0x08003f50   0x00000046   Code   RO          585    i.dmp_set_tap_axes  inv_mpu_dmp_motion_driver.o
    0x08003f96   0x08003f96   0x00000026   Code   RO          586    i.dmp_set_tap_count  inv_mpu_dmp_motion_driver.o
    0x08003fbc   0x08003fbc   0x000001a0   Code   RO          587    i.dmp_set_tap_thresh  inv_mpu_dmp_motion_driver.o
    0x0800415c   0x0800415c   0x00000026   Code   RO          588    i.dmp_set_tap_time  inv_mpu_dmp_motion_driver.o
    0x08004182   0x08004182   0x00000026   Code   RO          589    i.dmp_set_tap_time_multi  inv_mpu_dmp_motion_driver.o
    0x080041a8   0x080041a8   0x00000080   Code   RO          996    i.fputc             oled.o
    0x08004228   0x08004228   0x0000006c   Code   RO            2    i.getCarTempVolt    main.o
    0x08004294   0x08004294   0x00000018   Code   RO            3    i.getJoyStickData   main.o
    0x080042ac   0x080042ac   0x000000b4   Code   RO          225    i.get_accel_prod_shift  inv_mpu.o
    0x08004360   0x08004360   0x00000470   Code   RO          226    i.get_st_biases     inv_mpu.o
    0x080047d0   0x080047d0   0x00000118   Code   RO          227    i.gyro_self_test    inv_mpu.o
    0x080048e8   0x080048e8   0x00000028   Code   RO          228    i.inv_orientation_matrix_to_scalar  inv_mpu.o
    0x08004910   0x08004910   0x0000004e   Code   RO          229    i.inv_row_2_scale   inv_mpu.o
    0x0800495e   0x0800495e   0x0000002c   Code   RO            4    i.main              main.o
    0x0800498a   0x0800498a   0x00000002   PAD
    0x0800498c   0x0800498c   0x00000070   Code   RO          231    i.mpu_configure_fifo  inv_mpu.o
    0x080049fc   0x080049fc   0x000000a0   Code   RO          233    i.mpu_dmp_init      inv_mpu.o
    0x08004a9c   0x08004a9c   0x0000004c   Code   RO          234    i.mpu_get_accel_fsr  inv_mpu.o
    0x08004ae8   0x08004ae8   0x00000054   Code   RO          236    i.mpu_get_accel_sens  inv_mpu.o
    0x08004b3c   0x08004b3c   0x00000010   Code   RO          241    i.mpu_get_fifo_config  inv_mpu.o
    0x08004b4c   0x08004b4c   0x00000044   Code   RO          242    i.mpu_get_gyro_fsr  inv_mpu.o
    0x08004b90   0x08004b90   0x00000050   Code   RO          246    i.mpu_get_lpf       inv_mpu.o
    0x08004be0   0x08004be0   0x00000020   Code   RO          248    i.mpu_get_sample_rate  inv_mpu.o
    0x08004c00   0x08004c00   0x000001f0   Code   RO          250    i.mpu_init          inv_mpu.o
    0x08004df0   0x08004df0   0x000000b8   Code   RO          251    i.mpu_load_firmware  inv_mpu.o
    0x08004ea8   0x08004ea8   0x000000e0   Code   RO          252    i.mpu_lp_accel_mode  inv_mpu.o
    0x08004f88   0x08004f88   0x00000080   Code   RO          256    i.mpu_read_mem      inv_mpu.o
    0x08005008   0x08005008   0x000001c8   Code   RO          259    i.mpu_reset_fifo    inv_mpu.o
    0x080051d0   0x080051d0   0x0000011c   Code   RO          260    i.mpu_run_self_test  inv_mpu.o
    0x080052ec   0x080052ec   0x00000084   Code   RO          262    i.mpu_set_accel_fsr  inv_mpu.o
    0x08005370   0x08005370   0x0000014c   Code   RO          263    i.mpu_set_bypass    inv_mpu.o
    0x080054bc   0x080054bc   0x00000090   Code   RO          265    i.mpu_set_dmp_state  inv_mpu.o
    0x0800554c   0x0800554c   0x00000088   Code   RO          266    i.mpu_set_gyro_fsr  inv_mpu.o
    0x080055d4   0x080055d4   0x0000006c   Code   RO          267    i.mpu_set_int_latched  inv_mpu.o
    0x08005640   0x08005640   0x00000084   Code   RO          269    i.mpu_set_lpf       inv_mpu.o
    0x080056c4   0x080056c4   0x0000009c   Code   RO          270    i.mpu_set_sample_rate  inv_mpu.o
    0x08005760   0x08005760   0x000000d0   Code   RO          271    i.mpu_set_sensors   inv_mpu.o
    0x08005830   0x08005830   0x00000080   Code   RO          272    i.mpu_write_mem     inv_mpu.o
    0x080058b0   0x080058b0   0x0000000c   Code   RO         1273    i.myADC_Init        adc.o
    0x080058bc   0x080058bc   0x00000058   Code   RO          273    i.run_self_test     inv_mpu.o
    0x08005914   0x08005914   0x00000068   Code   RO            5    i.sendData2Car      main.o
    0x0800597c   0x0800597c   0x00000090   Code   RO          274    i.set_int_enable    inv_mpu.o
    0x08005a0c   0x08005a0c   0x0000002c   Code   RO         4766    locale$$code        c_w.l(lc_numeric_c.o)
    0x08005a38   0x08005a38   0x00000062   Code   RO         4557    x$fpl$d2f           fz_ws.l(d2f.o)
    0x08005a9a   0x08005a9a   0x00000002   PAD
    0x08005a9c   0x08005a9c   0x00000154   Code   RO         4575    x$fpl$dmul          fz_ws.l(dmul.o)
    0x08005bf0   0x08005bf0   0x0000009c   Code   RO         4651    x$fpl$dnaninf       fz_ws.l(dnaninf.o)
    0x08005c8c   0x08005c8c   0x0000000c   Code   RO         4653    x$fpl$dretinf       fz_ws.l(dretinf.o)
    0x08005c98   0x08005c98   0x00000056   Code   RO         4577    x$fpl$f2d           fz_ws.l(f2d.o)
    0x08005cee   0x08005cee   0x00000002   PAD
    0x08005cf0   0x08005cf0   0x000000c4   Code   RO         4579    x$fpl$fadd          fz_ws.l(faddsub_clz.o)
    0x08005db4   0x08005db4   0x00000018   Code   RO         4655    x$fpl$fcmpinf       fz_ws.l(fcmpi.o)
    0x08005dcc   0x08005dcc   0x00000184   Code   RO         4586    x$fpl$fdiv          fz_ws.l(fdiv.o)
    0x08005f50   0x08005f50   0x00000068   Code   RO         4589    x$fpl$feqf          fz_ws.l(feqf.o)
    0x08005fb8   0x08005fb8   0x0000003e   Code   RO         4595    x$fpl$ffixu         fz_ws.l(ffixu.o)
    0x08005ff6   0x08005ff6   0x00000002   PAD
    0x08005ff8   0x08005ff8   0x00000030   Code   RO         4600    x$fpl$fflt          fz_ws.l(fflt_clz.o)
    0x08006028   0x08006028   0x00000026   Code   RO         4599    x$fpl$ffltu         fz_ws.l(fflt_clz.o)
    0x0800604e   0x0800604e   0x00000002   PAD
    0x08006050   0x08006050   0x00000068   Code   RO         4605    x$fpl$fleqf         fz_ws.l(fleqf.o)
    0x080060b8   0x080060b8   0x00000102   Code   RO         4607    x$fpl$fmul          fz_ws.l(fmul.o)
    0x080061ba   0x080061ba   0x0000008c   Code   RO         4657    x$fpl$fnaninf       fz_ws.l(fnaninf.o)
    0x08006246   0x08006246   0x0000000a   Code   RO         4659    x$fpl$fretinf       fz_ws.l(fretinf.o)
    0x08006250   0x08006250   0x00000062   Code   RO         4609    x$fpl$frleqf        fz_ws.l(frleqf.o)
    0x080062b2   0x080062b2   0x00000002   PAD
    0x080062b4   0x080062b4   0x000000ea   Code   RO         4581    x$fpl$fsub          fz_ws.l(faddsub_clz.o)
    0x0800639e   0x0800639e   0x00000004   Code   RO         4611    x$fpl$printf1       fz_ws.l(printf1.o)
    0x080063a2   0x080063a2   0x00000000   Code   RO         4663    x$fpl$usenofp       fz_ws.l(usenofp.o)
    0x080063a2   0x080063a2   0x000000eb   Data   RO            6    .constdata          main.o
    0x0800648d   0x0800648d   0x00000003   PAD
    0x08006490   0x08006490   0x00000050   Data   RO          276    .constdata          inv_mpu.o
    0x080064e0   0x080064e0   0x00000bf6   Data   RO          591    .constdata          inv_mpu_dmp_motion_driver.o
    0x080070d6   0x080070d6   0x0000002c   Data   RO          926    .constdata          buzzer.o
    0x08007102   0x08007102   0x00000002   PAD
    0x08007104   0x08007104   0x00001f10   Data   RO          999    .constdata          oled.o
    0x08009014   0x08009014   0x00000011   Data   RO         4538    .constdata          c_w.l(__printf_flags_wp.o)
    0x08009025   0x08009025   0x00000003   PAD
    0x08009028   0x08009028   0x00000094   Data   RO         4737    .constdata          c_w.l(bigflt0.o)
    0x080090bc   0x080090bc   0x0000004d   Data   RO          277    .conststring        inv_mpu.o
    0x08009109   0x08009109   0x00000003   PAD
    0x0800910c   0x0800910c   0x00000020   Data   RO         4925    Region$$Table       anon$$obj.o
    0x0800912c   0x0800912c   0x0000001c   Data   RO         4765    locale$$data        c_w.l(lc_numeric_c.o)


    Execution Region RW_IRAM1 (Exec base: 0x20000000, Load base: 0x08009148, Size: 0x00001538, Max: 0x00005000, ABSOLUTE)

    Exec Addr    Load Addr    Size         Type   Attr      Idx    E Section Name        Object

    0x20000000   0x08009148   0x00000012   Data   RW            7    .data               main.o
    0x20000012   0x0800915a   0x00000002   PAD
    0x20000014   0x0800915c   0x00000035   Data   RW          278    .data               inv_mpu.o
    0x20000049   0x08009191   0x00000003   PAD
    0x2000004c   0x08009194   0x0000000e   Data   RW         1000    .data               oled.o
    0x2000005a   0x080091a2   0x0000000a   Data   RW         1194    .data               si24r1.o
    0x20000064   0x080091ac   0x00000010   Data   RW         1374    .data               hardware.o
    0x20000074   0x080091bc   0x00000004   Data   RW         1395    .data               systick.o
    0x20000078   0x080091c0   0x00000014   Data   RW         4431    .data               system_stm32f10x.o
    0x2000008c        -       0x00000010   Zero   RW          590    .bss                inv_mpu_dmp_motion_driver.o
    0x2000009c        -       0x00000400   Zero   RW          998    .bss                oled.o
    0x2000049c        -       0x0000003c   Zero   RW         1274    .bss                adc.o
    0x200004d8        -       0x00000060   Zero   RW         4779    .bss                c_w.l(libspace.o)
    0x20000538        -       0x00000800   Zero   RW         4478    HEAP                startup_stm32f10x_md.o
    0x20000d38        -       0x00000800   Zero   RW         4477    STACK               startup_stm32f10x_md.o


==============================================================================

Image component sizes


      Code (inc. data)   RO Data    RW Data    ZI Data      Debug   Object Name

       440         46          0          0         60       3731   adc.o
       244         38         44          0          0       3666   buzzer.o
         0          0          0          0          0         32   core_cm3.o
       336        128          0         16          0       1380   hardware.o
      5994        282        157         53          0      32547   inv_mpu.o
      2536        112       3062          0         16      18754   inv_mpu_dmp_motion_driver.o
       284          8          0          0          0       1651   key_charge.o
        52          6          0          0          0        487   led.o
       604        108        235         18          0     248984   main.o
       132         22          0          0          0       1627   misc.o
       212          0          0          0          0       2063   mpu6050.o
       706         70          0          0          0       4782   mpuiic.o
      2458        108       7952         14       1024      17711   oled.o
      1032         90          0         10          0       8333   si24r1.o
        64         26        236          0       4096        796   startup_stm32f10x_md.o
       390         10          0          0          0       7417   stm32f10x_adc.o
       416          8          0          0          0       3506   stm32f10x_dma.o
       160         12          0          0          0       1593   stm32f10x_exti.o
       512         10          0          0          0       5176   stm32f10x_gpio.o
        64          6          0          0          0       1783   stm32f10x_it.o
       120         24          0          0          0       2221   stm32f10x_rcc.o
       112          0          0          0          0       3894   stm32f10x_spi.o
       328         28          0         20          0       2305   system_stm32f10x.o
       288         30          0          4          0      17315   systick.o

    ----------------------------------------------------------------------
     17498       1172      11726        140       5196     391754   Object Totals
         0          0         32          0          0          0   (incl. Generated)
        14          0          8          5          0          0   (incl. Padding)

    ----------------------------------------------------------------------

      Code (inc. data)   RO Data    RW Data    ZI Data      Debug   Library Member Name

         8          0          0          0          0         68   __main.o
       312          4         17          0          0         92   __printf_flags_wp.o
        14          0          0          0          0         68   __printf_wp.o
         0          0          0          0          0          0   __rtentry.o
        12          0          0          0          0          0   __rtentry2.o
         6          0          0          0          0          0   __rtentry4.o
        52          8          0          0          0          0   __scatter.o
        26          0          0          0          0          0   __scatter_copy.o
        28          0          0          0          0          0   __scatter_zi.o
        48          6          0          0          0         96   _printf_char_common.o
        36          4          0          0          0         80   _printf_char_file.o
         6          0          0          0          0          0   _printf_d.o
       120         16          0          0          0         92   _printf_dec.o
         6          0          0          0          0          0   _printf_f.o
      1054          0          0          0          0        216   _printf_fp_dec.o
       128         16          0          0          0         84   _printf_fp_infnan.o
       178          0          0          0          0         88   _printf_intcommon.o
         0          0          0          0          0          0   _printf_percent.o
         4          0          0          0          0          0   _printf_percent_end.o
        10          0          0          0          0         68   _sputc.o
        16          0          0          0          0         68   aeabi_memset.o
       228          4        148          0          0         96   bigflt0.o
      1936        128          0          0          0        672   btod.o
        18          0          0          0          0         80   exit.o
         8          0          0          0          0         68   ferror.o
         6          0          0          0          0        152   heapauxi.o
        44         10         28          0          0         76   lc_numeric_c.o
         2          0          0          0          0          0   libinit.o
        18          0          0          0          0          0   libinit2.o
         2          0          0          0          0          0   libshutdown.o
         2          0          0          0          0          0   libshutdown2.o
         8          4          0          0         96         68   libspace.o
        72          0          0          0          0         76   llsdiv.o
       138          0          0          0          0         80   lludiv10.o
       238          0          0          0          0        100   lludivv7m.o
        88          0          0          0          0         76   memcmp.o
        24          4          0          0          0         84   noretval__2printf.o
        40          6          0          0          0         84   noretval__2sprintf.o
         8          4          0          0          0         68   rt_locale_intlibspace.o
        68          0          0          0          0         68   rt_memclr.o
        78          0          0          0          0         80   rt_memclr_w.o
         2          0          0          0          0          0   rtexit.o
        10          0          0          0          0          0   rtexit2.o
       128          0          0          0          0         68   strcmpv7m.o
        74          0          0          0          0         80   sys_stackheap_outer.o
         2          0          0          0          0         68   use_no_semi.o
         2          0          0          0          0         68   use_no_semi_2.o
        98          4          0          0          0         92   d2f.o
       340         12          0          0          0        104   dmul.o
       156          4          0          0          0         92   dnaninf.o
        12          0          0          0          0         68   dretinf.o
        86          4          0          0          0         84   f2d.o
       430          8          0          0          0        168   faddsub_clz.o
        24          0          0          0          0         68   fcmpi.o
       388         76          0          0          0         96   fdiv.o
       104          4          0          0          0         84   feqf.o
        62          4          0          0          0         84   ffixu.o
        86          0          0          0          0        136   fflt_clz.o
       104          4          0          0          0         84   fleqf.o
       258          4          0          0          0         84   fmul.o
       140          4          0          0          0         84   fnaninf.o
        10          0          0          0          0         68   fretinf.o
        98          0          0          0          0         68   frleqf.o
         4          0          0          0          0         68   printf1.o
         0          0          0          0          0          0   usenofp.o
        40          0          0          0          0         68   fpclassify.o

    ----------------------------------------------------------------------
      7772        342        196          0         96       4832   Library Totals
        24          0          3          0          0          0   (incl. Padding)

    ----------------------------------------------------------------------

      Code (inc. data)   RO Data    RW Data    ZI Data      Debug   Library Name

      5308        214        193          0         96       3232   c_w.l
      2400        128          0          0          0       1532   fz_ws.l
        40          0          0          0          0         68   m_ws.l

    ----------------------------------------------------------------------
      7772        342        196          0         96       4832   Library Totals

    ----------------------------------------------------------------------

==============================================================================


      Code (inc. data)   RO Data    RW Data    ZI Data      Debug   

     25270       1514      11922        140       5292     385818   Grand Totals
     25270       1514      11922        140       5292     385818   ELF Image Totals
     25270       1514      11922        140          0          0   ROM Totals

==============================================================================

    Total RO  Size (Code + RO Data)                37192 (  36.32kB)
    Total RW  Size (RW Data + ZI Data)              5432 (   5.30kB)
    Total ROM Size (Code + RO Data + RW Data)      37332 (  36.46kB)

==============================================================================

